ABC:
  VERSION: 3.3.0
AB_HISTDB_DETAILS:
  AB_HISTDB_HOST_NAME: localhost
  AB_HISTDB_HOST_PORT: 7777
BROKING_DETAILS: {}
CANDLE:
  CANDLE_INTERVAL: 60minutes
EXIT:
  EXIT_INTRADAY_ORDERS_ON_STOP: true
  EXIT_TPLUS0_DELIVERY_ORDERS_ON_STOP: false
  EXIT_TPLUS1_DELIVERY_ORDERS_ON_STOP: false
  EXIT_TPLUS2_DELIVERY_ORDERS_ON_STOP: false
FUNDS:
  CREDIT_EXPOSURE_FACTOR: 1
  INITIAL_FUNDS_VIRTUAL: 1000000000
MISC:
  CROSSOVER_ACCURACY_DECIMALS: 2
  CUSTOMER_SESSION_TOKEN: 0a0d85f07a2dec02af2c1879e5431555911c67ef
  MAX_ORDERS_COUNT: 100
RESUME:
  AUTO_ADD_INSTRUMENTS_BUCKET_FROM_HOLDINGS_TPLUS1: false
  AUTO_ADD_INSTRUMENTS_BUCKET_FROM_HOLDINGS_TPLUS2: false
  AUTO_ADD_INSTRUMENTS_BUCKET_FROM_POSITIONS: false
  RESUME_HOLDINGS_TPLUS1_ON_START: false
  RESUME_HOLDINGS_TPLUS2_ON_START: false
  RESUME_POSITIONS_ON_START: false
RISK_MANAGEMENT:
  PNL_SCAN_FREQUENCY: 30
  PROFIT_DESIRED: null
  RISK_APPETITE: null
STRATEGY:
  #DETAILS:
    #CODE: 789ca5575d53223b107de757a4d807c0e282fa48950fea8e7ba9ab4201ee5d8bb252612640ca30999b645659f5bfdfce301f992f15e4059de9ee73ba4f27dd349bcd06828fbba6eea308f520facf7cfe424a4ba2e96a8b54405db6642ef284abd09a4a8a0668ad75a006fd3ee12bb1083957bd15d3eb70d163a21f6ccd5370f798bfeac77118557d1168267c85179448ec12ce31279e4765df825d519f4ac299a2de0e90f9c8a39a30fe2568576c36c2c7098324b97ea3092568345c4e9442d3f8e968677501342f81e57544b25d7c4b14fd79dad995cc271b8ace502b7e878c2b32be68e78c66741370706f35227b8f2e11c6cc671ae3b6a27cd9454744ae147c1d3d3e99bf3a99162a0c00bed34b1d8aa68dd4f41b1a13095c34950ab5dd504aea6b0e1a528d9ea04a0698845ca3df84871462b8c4470b8ac46f2a2503a63e5a4ab1417a4ded4897c25fb25508f94376f0c2a79d8c1db0ef614e5758f814438d7c455c6387f5363045890c9282e3208dda5b51dd6e5d3b3ff0e8d6c1b3c9f9edf4fc72361cdde2d9fdd86975d149c7247471773f4027e8154d9debeb013aad07369aabed66213856e172c99ef701ff3ebcfd81a7f73717a36b3cbdbbba1afe4a195c3a3b0263a71e1e20d823c51e93344afed3d0d3d964f88f83bf0f274e947c8a3a9cdd0cd0f12b3a37df27af6864beebe0fd70b3a0128b654c447d1afff6eee6c299e0d155cc640a048ead8eca70f493384cded9bfa32fc91b031f266f0cfe05790dfc41f21ae80a794ff793d7c01f26afc1af92f7b45adeb5a4079edfd9df13a7f2049f7e5ae204fc409113025f9139a27098d0117c85d4c77b4a1d513850ec88c347727f4337245079e8a2e4784302807c3919a02648d78408f097d1aef956f22ce9657b5f3ab1f3d829ba16eb9cb81d0f503c43a791c5f7c4a0075504296b5f9f9bd7a7b5afa1e66f76197e12c9c882d3422db2dac3ec164fd4c3f43960728b3da8bc11e2246fcf7c4824dcc09055d83317f15248901112235bb0be8547d9c037d39bc16af3874623bf62c25b169dbd80e60f190cb40476d78c7b3873c2bb154ac5bbc6027617eb6d175529d9454591bac817565f5a0958554abad5d0a82a62bb333f7e481d8b446def6459b3d2303b4ce98cb64be9587887e69632945487d22f11cdea5da609fb25d00f03cc056cb9fbd53cded9b0cb8502f229bfb3b8b1876984acb99d5f70ed56aba13e9623758396ca09099bb76d99c54fbbb23ef5b22656a53f214fae0c9dacd8e91d08f8102e876c8e04fc21b771c561b7f53820d8368bd07da4da3e7a511c6a4b0b6b31dcae243a56ddf4682515b27a150a548e9d2f135bda0ebe889c3e3cd1f9189fba047a2408a8efb5339b4e2908d741d20e0b291ea98cba029ee6bcaab13fec725bebddcd0f81cb1c0e08364e83953382a9f904bf1531fc603477c73c5d6c61f07dfc03a16853be143e58b32b4072b3b4d32d512e7dd2652d47b96ee92ddabc47b97275ac003994b25939f2a46bd7b8b2d5bbc4ab17a14aa83cf987728f98436b3c76e1d20be75323a1cca0b420c379ce7561f9eca66dcfc56a05878ef94bd15eb6c652b85429e0815e327e6fbd5eaf553e36e6f3deacac1df8f6497a77699bd7d4e5a15bbfb1cd8b0f1f2a6a569d4cd5bd9bdc61c564aa23983b3af1786915e64d6b80eccc5b3bc5e069edca3b2f3e7c78b32e9c780ba89f1615230a5e422102a158b4a5d40d25a82ff3e8029e63d319d66cc285db7a243d2a2774157222dbb501e649b220c67f21f135d3dbb3c276cb8556e8c82201bda9b182c5b3b4f8e03d86ef33d3fbccde18c19eb2f90242bcafd42f8e7f45b8a28dff014bb001e3
  INSTRUMENTS_BUCKET:
  - NSE_IDX:NIFTY BANK
  MODE: INTRADAY
  NAME: Options Bear Call Ladder Template
  NUMBER_OF_LOTS: 20
  PARAMETERS:
    LEG_ONE_NUMBER_OF_STRIKES: 0.0
    LEG_ONE_STRIKE_DIRECTION: 1.0
    LEG_ONE_TRADING_SYMBOL_SUFFIX: 1.0
    LEG_ONE_TRANSACTION_TYPE: 1.0
    LEG_THREE_NUMBER_OF_STRIKES: 2.0
    LEG_THREE_STRIKE_DIRECTION: 0.0
    LEG_THREE_TRADING_SYMBOL_SUFFIX: 1.0
    LEG_THREE_TRANSACTION_TYPE: 2.0
    LEG_TWO_NUMBER_OF_STRIKES: 2.0
    LEG_TWO_STRIKE_DIRECTION: 2.0
    LEG_TWO_TRADING_SYMBOL_SUFFIX: 1.0
    LEG_TWO_TRANSACTION_TYPE: 1.0
  SECURE: True
SYSTEM:
  TRADING_END_TIME: 31-10-2023 15:10 +0530
  TRADING_START_TIME: 01-06-2023 09:30 +0530
  TRADING_TYPE: BACKTESTING
