,INST,EN_TIME,EN_ID,EN_TT,EN_Q,EN_PRICE,EN_CODE,EN_VAR,EX_TIME,EX_ID,EX_TT,EX_Q,EX_PRICE,EX_CODE,EX_VAR,P&L,ROI,P&L %,ROI %,Equity Curve,Drawdown %
0,NSE_EQ:SBIN,2023-01-02 09:45:00+05:30,b48247891ae64d909f989e792f6bca25,BUY,5,617.35,INTRADAY,MARKET,2023-01-02 12:45:00+05:30,ca85354e3e954673acd6a24032627aa3,SELL,5,613.65,INTRADAY,MARKET,-18.5,-18.5,-0.6,-0.04,49981.5,-0.04
1,NSE_EQ:SBIN,2023-01-02 12:45:00+05:30,7e0e124868fe458cb0f837c15014f4c7,SELL,5,613.65,INTRADAY,MARKET,2023-01-02 15:30:00+05:30,0d78d9987bd54e999248b2951a357144,BUY,5,612.6,INTRADAY,MARKET,5.25,-13.25,0.17,-0.03,49986.75,-0.03
2,NSE_EQ:SBIN,2023-01-03 09:30:00+05:30,a5708c135800476a85a46ae87ac271a5,BUY,5,614.1,INTRADAY,MARKET,2023-01-03 12:15:00+05:30,1fa2cf14e45448b1beb7a377fe34c3e0,SELL,5,611.55,INTRADAY,MARKET,-12.75,-26.0,-0.42,-0.05,49974.0,-0.05
3,NSE_EQ:SBIN,2023-01-03 12:15:00+05:30,6e247f386af949c8b009177434b25a45,SELL,5,611.55,INTRADAY,MARKET,2023-01-03 14:00:00+05:30,383b8a5aea28403088726f2b814222b5,BUY,5,613.8,INTRADAY,MARKET,-11.25,-37.25,-0.37,-0.07,49962.75,-0.07
4,NSE_EQ:SBIN,2023-01-03 14:00:00+05:30,e01412857f7f425ab3099dc06ed08430,BUY,5,613.8,INTRADAY,MARKET,2023-01-03 15:30:00+05:30,4bbd7e6082d4497aaa1a6c4cb66f8be0,SELL,5,612.95,INTRADAY,MARKET,-4.25,-41.5,-0.14,-0.08,49958.5,-0.08
5,NSE_EQ:SBIN,2023-01-04 09:45:00+05:30,d196176e8e6847ad8fed8f391d49dae7,SELL,5,610.05,INTRADAY,MARKET,2023-01-04 14:30:00+05:30,9c5fbc228ca842bd82ab7d7b86163b7f,BUY,5,606.05,INTRADAY,MARKET,20.0,-21.5,0.66,-0.04,49978.5,-0.04
6,NSE_EQ:SBIN,2023-01-04 14:30:00+05:30,ddfcc5e94aeb4b14b8ba7b7c83db65c9,BUY,5,606.05,INTRADAY,MARKET,2023-01-04 15:00:00+05:30,188760f6601f44f683492ea6e41f94c8,SELL,5,605.35,INTRADAY,MARKET,-3.5,-25.0,-0.12,-0.05,49975.0,-0.05
7,NSE_EQ:SBIN,2023-01-04 15:00:00+05:30,a0e4453dc8c74c9ba16f472e4ac7bd68,SELL,5,605.35,INTRADAY,MARKET,2023-01-04 15:30:00+05:30,30e92d6ef688443db2f325e91e9162db,BUY,5,605.95,INTRADAY,MARKET,-3.0,-28.0,-0.1,-0.06,49972.0,-0.06
8,NSE_EQ:SBIN,2023-01-05 09:30:00+05:30,0d05f3f62812429ca8fc9cbdf45d166d,BUY,5,608.85,INTRADAY,MARKET,2023-01-05 12:30:00+05:30,c94d4909b3b84d468fae893206dbcb99,SELL,5,606.75,INTRADAY,MARKET,-10.5,-38.5,-0.34,-0.08,49961.5,-0.08
9,NSE_EQ:SBIN,2023-01-05 12:30:00+05:30,d5906a9169994d0d9004b6c331a38685,SELL,5,606.75,INTRADAY,MARKET,2023-01-05 15:30:00+05:30,0e52a23e9de54b00a36154b3315f7742,BUY,5,605.75,INTRADAY,MARKET,5.0,-33.5,0.16,-0.07,49966.5,-0.07
10,NSE_EQ:SBIN,2023-01-06 09:30:00+05:30,ef18ce2f308941628d79f562d726600c,BUY,5,604.9,INTRADAY,MARKET,2023-01-06 10:45:00+05:30,fecc868222854dc58414fee125d06a05,SELL,5,603.6,INTRADAY,MARKET,-6.5,-40.0,-0.21,-0.08,49960.0,-0.08
11,NSE_EQ:SBIN,2023-01-06 10:45:00+05:30,ad9b1551caf4446e840e1a2a99c0e946,SELL,5,603.6,INTRADAY,MARKET,2023-01-06 15:30:00+05:30,6ff6acd824854be1acd89fa369fefcbe,BUY,5,601.8,INTRADAY,MARKET,9.0,-31.0,0.3,-0.06,49969.0,-0.06
12,NSE_EQ:SBIN,2023-01-09 09:30:00+05:30,11652e3cc5d34facb0a42a34acb59260,BUY,5,602.75,INTRADAY,MARKET,2023-01-09 14:00:00+05:30,f6ee75a99a014e76828c7ddf8317005a,SELL,5,606.35,INTRADAY,MARKET,18.0,-13.0,0.6,-0.03,49987.0,-0.03
13,NSE_EQ:SBIN,2023-01-09 14:00:00+05:30,2988da638cc44b5da0c2ad87d8839efd,SELL,5,606.35,INTRADAY,MARKET,2023-01-09 15:15:00+05:30,b441d66c2725436389116ec6fdd53adc,BUY,5,608.05,INTRADAY,MARKET,-8.5,-21.5,-0.28,-0.04,49978.5,-0.04
14,NSE_EQ:SBIN,2023-01-09 15:15:00+05:30,d693c26b3b6e4114b5dbc76d9269091a,BUY,5,608.05,INTRADAY,MARKET,2023-01-09 15:30:00+05:30,7af6260333354455993f9232e75791e0,SELL,5,608.3,INTRADAY,MARKET,1.25,-20.25,0.04,-0.04,49979.75,-0.04
15,NSE_EQ:SBIN,2023-01-10 09:45:00+05:30,3729c3a6b6f54e0a8dd824140cfe8848,SELL,5,602.9,INTRADAY,MARKET,2023-01-10 14:30:00+05:30,12e8a27f17d94f468007d7aaef884490,BUY,5,593.7,INTRADAY,MARKET,46.0,25.75,1.53,0.05,50025.75,0.0
16,NSE_EQ:SBIN,2023-01-10 14:30:00+05:30,949a228f9eb14182b5c19a40c06f7399,BUY,5,593.7,INTRADAY,MARKET,2023-01-10 15:30:00+05:30,8b39d35fb4c44fc0bb4055faea509137,SELL,5,595.5,INTRADAY,MARKET,9.0,34.75,0.3,0.07,50034.75,0.0
17,NSE_EQ:SBIN,2023-01-11 13:15:00+05:30,7816074cca2347e781e99ded563a1546,SELL,5,596.3,INTRADAY,MARKET,2023-01-11 15:30:00+05:30,0a1449a6ab7f4b179bce28b1e8652cb2,BUY,5,597.0,INTRADAY,MARKET,-3.5,31.25,-0.12,0.06,50031.25,-0.01
18,NSE_EQ:SBIN,2023-01-12 09:15:00+05:30,d1cbffac72c84fe89dbd4d1e57f284e6,BUY,5,597.9,INTRADAY,MARKET,2023-01-12 09:30:00+05:30,25f9ec23979c48c882e095306737803a,SELL,5,595.15,INTRADAY,MARKET,-13.75,17.5,-0.46,0.03,50017.5,-0.03
19,NSE_EQ:SBIN,2023-01-12 09:30:00+05:30,9acd8ad752684a7c93f1ade12faf0097,SELL,5,595.15,INTRADAY,MARKET,2023-01-12 14:30:00+05:30,29723b2e65144f03b02fd120c0e9ebfc,BUY,5,594.5,INTRADAY,MARKET,3.25,20.75,0.11,0.04,50020.75,-0.03
20,NSE_EQ:SBIN,2023-01-12 14:30:00+05:30,ded0bef8f00d4fcea472ff620efe3e90,BUY,5,594.5,INTRADAY,MARKET,2023-01-12 15:30:00+05:30,27c629b68c4f4d5ba6f6d44f372a6551,SELL,5,594.95,INTRADAY,MARKET,2.25,23.0,0.08,0.05,50023.0,-0.02
21,NSE_EQ:SBIN,2023-01-13 12:00:00+05:30,19a822a29aea4bbaa7a5c26b1ad77ad3,SELL,5,595.3,INTRADAY,MARKET,2023-01-13 13:00:00+05:30,704a5dfee2084423b555c3921b729dda,BUY,5,600.4,INTRADAY,MARKET,-25.5,-2.5,-0.86,-0.0,49997.5,-0.07
22,NSE_EQ:SBIN,2023-01-13 13:00:00+05:30,1bde9d0eb80646158fbc1721d95889a9,BUY,5,600.4,INTRADAY,MARKET,2023-01-13 15:30:00+05:30,ef489512eefb484fa94672933c4d7cbd,SELL,5,600.7,INTRADAY,MARKET,1.5,-1.0,0.05,-0.0,49999.0,-0.07
23,NSE_EQ:SBIN,2023-01-16 12:45:00+05:30,3ab2918dd4fa435a9a185db1c720682e,SELL,5,601.65,INTRADAY,MARKET,2023-01-16 13:30:00+05:30,4c0dbc3047c34aab90141e75d46ba53f,BUY,5,604.95,INTRADAY,MARKET,-16.5,-17.5,-0.55,-0.03,49982.5,-0.1
24,NSE_EQ:SBIN,2023-01-16 13:30:00+05:30,01ab31d6b3e744ac8a76cc197ad3b369,BUY,5,604.95,INTRADAY,MARKET,2023-01-16 15:30:00+05:30,c50e9fc567514f95bc58865ce75be3e7,SELL,5,603.05,INTRADAY,MARKET,-9.5,-27.0,-0.31,-0.05,49973.0,-0.12
25,NSE_EQ:SBIN,2023-01-17 09:30:00+05:30,84d9ecadb3c94108a98cec34784b9225,SELL,5,603.65,INTRADAY,MARKET,2023-01-17 10:15:00+05:30,dc108c79ccd34828a0016a7c789eac7d,BUY,5,605.35,INTRADAY,MARKET,-8.5,-35.5,-0.28,-0.07,49964.5,-0.14
26,NSE_EQ:SBIN,2023-01-17 10:15:00+05:30,2273dfb37b76489eb635a9f3608892aa,BUY,5,605.35,INTRADAY,MARKET,2023-01-17 12:15:00+05:30,a079f33f11794daf8cf9535fbcd78025,SELL,5,597.95,INTRADAY,MARKET,-37.0,-72.5,-1.22,-0.14,49927.5,-0.21
27,NSE_EQ:SBIN,2023-01-17 12:15:00+05:30,22d2f49107da43d3805c9ed0043c40f4,SELL,5,597.95,INTRADAY,MARKET,2023-01-17 15:30:00+05:30,5f4b02e0044a4cb787b4850e3b28c647,BUY,5,593.45,INTRADAY,MARKET,22.5,-50.0,0.75,-0.1,49950.0,-0.17
28,NSE_EQ:SBIN,2023-01-18 09:30:00+05:30,cd31d16a1c8e4a698dfb5780d6d6bd0e,BUY,5,589.5,INTRADAY,MARKET,2023-01-18 10:45:00+05:30,ec08dd6482aa4300b4f7068e0b3bb983,SELL,5,590.4,INTRADAY,MARKET,4.5,-45.5,0.15,-0.09,49954.5,-0.16
29,NSE_EQ:SBIN,2023-01-18 10:45:00+05:30,02ea8611a2ff4cd29305a41c4953d0b2,SELL,5,590.4,INTRADAY,MARKET,2023-01-18 12:45:00+05:30,e39fd41a8786499e9e30bc27a0b627aa,BUY,5,590.5,INTRADAY,MARKET,-0.5,-46.0,-0.02,-0.09,49954.0,-0.16
30,NSE_EQ:SBIN,2023-01-18 12:45:00+05:30,170acbf9c9a040a29b94197cbc0515c0,BUY,5,590.5,INTRADAY,MARKET,2023-01-18 13:00:00+05:30,4556462f55f9425ea69d2c7d785969d5,SELL,5,589.2,INTRADAY,MARKET,-6.5,-52.5,-0.22,-0.1,49947.5,-0.17
31,NSE_EQ:SBIN,2023-01-18 13:00:00+05:30,b775138557f54f9c9d880e976be3b8b4,SELL,5,589.2,INTRADAY,MARKET,2023-01-18 13:45:00+05:30,2f0d904087b4403284472535b0244293,BUY,5,593.35,INTRADAY,MARKET,-20.75,-73.25,-0.7,-0.15,49926.75,-0.22
32,NSE_EQ:SBIN,2023-01-18 13:45:00+05:30,1ed558ecfd9e4d8fa13d8ddc0bbdf245,BUY,5,593.35,INTRADAY,MARKET,2023-01-18 15:30:00+05:30,325f9d3c06ad4f50a7ec562dcaab9737,SELL,5,591.0,INTRADAY,MARKET,-11.75,-85.0,-0.4,-0.17,49915.0,-0.24
33,NSE_EQ:SBIN,2023-01-19 09:30:00+05:30,bca6dddd7ed04679933bcbd3610cd02a,SELL,5,588.95,INTRADAY,MARKET,2023-01-19 12:15:00+05:30,7c6a8940578c4a208f9747a51cf247c0,BUY,5,589.75,INTRADAY,MARKET,-4.0,-89.0,-0.14,-0.18,49911.0,-0.25
34,NSE_EQ:SBIN,2023-01-19 12:15:00+05:30,bb502b9a9e6e45e4b01219f64e76cda1,BUY,5,589.75,INTRADAY,MARKET,2023-01-19 13:00:00+05:30,132c5affd6604a0c8074f936fa7942f7,SELL,5,588.3,INTRADAY,MARKET,-7.25,-96.25,-0.25,-0.19,49903.75,-0.26
35,NSE_EQ:SBIN,2023-01-19 13:00:00+05:30,b53e0bceb92d436e9e716888698a83b1,SELL,5,588.3,INTRADAY,MARKET,2023-01-19 15:30:00+05:30,d741d7c4a03d4a8bb81664350abf3e7e,BUY,5,589.55,INTRADAY,MARKET,-6.25,-102.5,-0.21,-0.2,49897.5,-0.27
36,NSE_EQ:SBIN,2023-01-20 09:15:00+05:30,e5d74a4821824d1392ae21bf64677b55,BUY,5,593.8,INTRADAY,MARKET,2023-01-20 12:45:00+05:30,6c01d1abed9248b9838cae7631a2ddfe,SELL,5,594.75,INTRADAY,MARKET,4.75,-97.75,0.16,-0.2,49902.25,-0.26
37,NSE_EQ:SBIN,2023-01-20 12:45:00+05:30,3a5fe151801247479cf245614185dacd,SELL,5,594.75,INTRADAY,MARKET,2023-01-20 14:00:00+05:30,bd6a1f4d26c2411e96ed1194e3e3bee6,BUY,5,594.15,INTRADAY,MARKET,3.0,-94.75,0.1,-0.19,49905.25,-0.26
38,NSE_EQ:SBIN,2023-01-20 14:00:00+05:30,5e4b3dac16ad4daab452947b0f71ba5e,BUY,5,594.15,INTRADAY,MARKET,2023-01-20 14:15:00+05:30,88a319a5c49d46fcaf2b496fd14fb22f,SELL,5,593.6,INTRADAY,MARKET,-2.75,-97.5,-0.09,-0.19,49902.5,-0.26
39,NSE_EQ:SBIN,2023-01-20 14:15:00+05:30,1d753611670544dbaf1f1f74ac6a4dd4,SELL,5,593.6,INTRADAY,MARKET,2023-01-20 15:30:00+05:30,d758f8dbb6b7420b87d43d093e4d68b9,BUY,5,592.6,INTRADAY,MARKET,5.0,-92.5,0.17,-0.18,49907.5,-0.25
40,NSE_EQ:SBIN,2023-01-23 09:30:00+05:30,e14adf8aa3444a0da3272664db52379c,BUY,5,597.7,INTRADAY,MARKET,2023-01-23 14:45:00+05:30,69e2f0e813994ee8a32fad106adb5874,SELL,5,599.0,INTRADAY,MARKET,6.5,-86.0,0.22,-0.17,49914.0,-0.24
41,NSE_EQ:SBIN,2023-01-23 14:45:00+05:30,8e46940198c34673abea0ea4d76ebbce,SELL,5,599.0,INTRADAY,MARKET,2023-01-23 15:30:00+05:30,02eec49ac2494c5a92a34a34ae9740aa,BUY,5,601.0,INTRADAY,MARKET,-10.0,-96.0,-0.33,-0.19,49904.0,-0.26
42,NSE_EQ:SBIN,2023-01-24 09:30:00+05:30,ffae5d24e34945cf862180406148684f,BUY,5,603.2,INTRADAY,MARKET,2023-01-24 12:00:00+05:30,e3a340fbcc6e4c8192f68501ad43f7e1,SELL,5,598.0,INTRADAY,MARKET,-26.0,-122.0,-0.86,-0.24,49878.0,-0.31
43,NSE_EQ:SBIN,2023-01-24 12:00:00+05:30,5ce185bd6c1649a0af865c5d08c3730c,SELL,5,598.0,INTRADAY,MARKET,2023-01-24 15:30:00+05:30,0fb3fe2f11b944f3a17f96621c0ae261,BUY,5,593.9,INTRADAY,MARKET,20.5,-101.5,0.69,-0.2,49898.5,-0.27
44,NSE_EQ:SBIN,2023-01-25 14:45:00+05:30,e4147a64b5f740bf8508768a9e0be30a,BUY,5,571.8,INTRADAY,MARKET,2023-01-25 15:15:00+05:30,cf4250d3e5c340d3b98001acf2a457dc,SELL,5,569.0,INTRADAY,MARKET,-14.0,-115.5,-0.49,-0.23,49884.5,-0.3
45,NSE_EQ:SBIN,2023-01-25 15:15:00+05:30,ae780a010d554b02b5911029f012f639,SELL,5,569.0,INTRADAY,MARKET,2023-01-25 15:30:00+05:30,a7d1810aeec741aa979e86f0cc6c32fc,BUY,5,567.7,INTRADAY,MARKET,6.5,-109.0,0.23,-0.22,49891.0,-0.29
46,NSE_EQ:SBIN,2023-01-30 09:15:00+05:30,75eb4a78a6dd432b856ae7352f25d3ce,BUY,5,536.0,INTRADAY,MARKET,2023-01-30 11:00:00+05:30,f05e2aa4cb784d499481da280cee3438,SELL,5,533.85,INTRADAY,MARKET,-10.75,-119.75,-0.4,-0.24,49880.25,-0.31
47,NSE_EQ:SBIN,2023-01-30 11:00:00+05:30,1acf17c595364454baa1edf09e3ffea6,SELL,5,533.85,INTRADAY,MARKET,2023-01-30 15:15:00+05:30,18b6effda7a14e5daa3f15a2c5474f3d,BUY,5,540.85,INTRADAY,MARKET,-35.0,-154.75,-1.31,-0.31,49845.25,-0.38
48,NSE_EQ:SBIN,2023-01-30 15:15:00+05:30,f11b588aa072432aac370e0fd724de17,BUY,5,540.85,INTRADAY,MARKET,2023-01-30 15:30:00+05:30,53af546726704a69b2656ccffa6e29c8,SELL,5,541.3,INTRADAY,MARKET,2.25,-152.5,0.08,-0.3,49847.5,-0.37
49,NSE_EQ:SBIN,2023-01-31 14:30:00+05:30,2d725067dad74167b4108601ab08bcd6,SELL,5,551.7,INTRADAY,MARKET,2023-01-31 15:30:00+05:30,70979673ed924e089be6bb079448b779,BUY,5,556.95,INTRADAY,MARKET,-26.25,-178.75,-0.95,-0.36,49821.25,-0.43
50,NSE_EQ:SBIN,2023-02-01 09:30:00+05:30,e044973acb2e40ca9fae9c5bd1dfae6e,BUY,5,556.7,INTRADAY,MARKET,2023-02-01 12:15:00+05:30,8c83e932635443ed965e51cb41b275d5,SELL,5,551.8,INTRADAY,MARKET,-24.5,-203.25,-0.88,-0.41,49796.75,-0.48
51,NSE_EQ:SBIN,2023-02-01 12:15:00+05:30,6bc4c42882354b8d819c8c9ecb35058d,SELL,5,551.8,INTRADAY,MARKET,2023-02-01 12:45:00+05:30,4c0c4f64bd1b4b7e941c247be4f068f9,BUY,5,556.55,INTRADAY,MARKET,-23.75,-227.0,-0.86,-0.45,49773.0,-0.52
52,NSE_EQ:SBIN,2023-02-01 12:45:00+05:30,70b490745ebe4743b67c958df95ebc38,BUY,5,556.55,INTRADAY,MARKET,2023-02-01 14:00:00+05:30,61a93f5af4704aa6b25648379d59d409,SELL,5,538.25,INTRADAY,MARKET,-91.5,-318.5,-3.29,-0.64,49681.5,-0.71
53,NSE_EQ:SBIN,2023-02-01 14:00:00+05:30,a9b8fc47036946ee8dc73da86dd41efe,SELL,5,538.25,INTRADAY,MARKET,2023-02-01 15:30:00+05:30,8a0a17f3b3e346dea0a152fbd7795735,BUY,5,527.0,INTRADAY,MARKET,56.25,-262.25,2.09,-0.52,49737.75,-0.59
54,NSE_EQ:SBIN,2023-02-02 11:45:00+05:30,b50a2ca216e24bd0b8081e3238314299,BUY,5,522.0,INTRADAY,MARKET,2023-02-02 13:00:00+05:30,7232958cd4744ccebf4c991093cc880a,SELL,5,524.0,INTRADAY,MARKET,10.0,-252.25,0.38,-0.5,49747.75,-0.57
55,NSE_EQ:SBIN,2023-02-02 13:00:00+05:30,1322a3558b0f4a188b4098157c0343ef,SELL,5,524.0,INTRADAY,MARKET,2023-02-02 13:15:00+05:30,ee93910dbd414affa23be39ebf369a8e,BUY,5,521.6,INTRADAY,MARKET,12.0,-240.25,0.46,-0.48,49759.75,-0.55
56,NSE_EQ:SBIN,2023-02-02 13:15:00+05:30,6e4c11ce960d4315afa8b7fd7f4ab3d8,BUY,5,521.6,INTRADAY,MARKET,2023-02-02 13:45:00+05:30,3059199ae18d447aa781f0706c17658e,SELL,5,519.9,INTRADAY,MARKET,-8.5,-248.75,-0.33,-0.5,49751.25,-0.57
57,NSE_EQ:SBIN,2023-02-02 13:45:00+05:30,0f5e37deafbe4402a82733b86fb04947,SELL,5,519.9,INTRADAY,MARKET,2023-02-02 14:30:00+05:30,72cccdf63fa84e90b0ad56365f0eba7b,BUY,5,528.05,INTRADAY,MARKET,-40.75,-289.5,-1.57,-0.58,49710.5,-0.65
58,NSE_EQ:SBIN,2023-02-02 14:30:00+05:30,6938a54b7db2454b9c8d34f519ecd987,BUY,5,528.05,INTRADAY,MARKET,2023-02-02 15:30:00+05:30,dd923978d4d64d32a17e398a29c472ea,SELL,5,532.05,INTRADAY,MARKET,20.0,-269.5,0.76,-0.54,49730.5,-0.61
59,NSE_EQ:SBIN,2023-02-03 11:15:00+05:30,d1f72c348a4c46e89bbb649252054e3c,SELL,5,525.55,INTRADAY,MARKET,2023-02-03 13:30:00+05:30,3fffec1211754ede81ff6e014f3d1d69,BUY,5,531.7,INTRADAY,MARKET,-30.75,-300.25,-1.17,-0.6,49699.75,-0.67
60,NSE_EQ:SBIN,2023-02-03 13:30:00+05:30,e9c7cd67c7d1493e8a110227b2f58d32,BUY,5,531.7,INTRADAY,MARKET,2023-02-03 15:30:00+05:30,ffea6c073568443abee3f0d059dc3ea6,SELL,5,545.1,INTRADAY,MARKET,67.0,-233.25,2.52,-0.47,49766.75,-0.54
61,NSE_EQ:SBIN,2023-02-06 11:15:00+05:30,c961ca7a47c34bb1b344134eca239799,SELL,5,542.75,INTRADAY,MARKET,2023-02-06 12:45:00+05:30,a2c0c8469ee141cc9753c73180bf3835,BUY,5,545.1,INTRADAY,MARKET,-11.75,-245.0,-0.43,-0.49,49755.0,-0.56
62,NSE_EQ:SBIN,2023-02-06 12:45:00+05:30,ab7698f48d234cb5b32c528b9c3b9560,BUY,5,545.1,INTRADAY,MARKET,2023-02-06 13:00:00+05:30,6bb8732059af499da4e2b5c458417377,SELL,5,546.25,INTRADAY,MARKET,5.75,-239.25,0.21,-0.48,49760.75,-0.55
63,NSE_EQ:SBIN,2023-02-06 13:00:00+05:30,9a527a52a1e54a5abf48fee1ffa398bd,SELL,5,546.25,INTRADAY,MARKET,2023-02-06 13:30:00+05:30,95ed7b49490949e7a12461529db493eb,BUY,5,545.55,INTRADAY,MARKET,3.5,-235.75,0.13,-0.47,49764.25,-0.54
64,NSE_EQ:SBIN,2023-02-06 13:30:00+05:30,e7ef7f5fad9349b88f071dca9fec0efb,BUY,5,545.55,INTRADAY,MARKET,2023-02-06 15:30:00+05:30,725b1a79cf1d4ee3ac1ab23bfae9bf87,SELL,5,543.55,INTRADAY,MARKET,-10.0,-245.75,-0.37,-0.49,49754.25,-0.56
65,NSE_EQ:SBIN,2023-02-07 09:15:00+05:30,b2ca6709e0d244059a8fd841739d1cf1,SELL,5,548.0,INTRADAY,MARKET,2023-02-07 10:30:00+05:30,b1707d63dd6c4f6e97044059e8e52830,BUY,5,547.9,INTRADAY,MARKET,0.5,-245.25,0.02,-0.49,49754.75,-0.56
66,NSE_EQ:SBIN,2023-02-07 10:30:00+05:30,c56156ee9ef342b8983afdf2e33705f7,BUY,5,547.9,INTRADAY,MARKET,2023-02-07 13:15:00+05:30,7cdbf1465ed64fc385bd9bcb76162d90,SELL,5,543.1,INTRADAY,MARKET,-24.0,-269.25,-0.88,-0.54,49730.75,-0.61
67,NSE_EQ:SBIN,2023-02-07 13:15:00+05:30,39743d9f340d4e1e92ebb90cd6c6850c,SELL,5,543.1,INTRADAY,MARKET,2023-02-07 15:30:00+05:30,d9039b779b3d4888acd2fae40ba3ea9a,BUY,5,546.2,INTRADAY,MARKET,-15.5,-284.75,-0.57,-0.57,49715.25,-0.64
68,NSE_EQ:SBIN,2023-02-08 09:30:00+05:30,0067222e60084f76a772cc824e6551ff,BUY,5,551.15,INTRADAY,MARKET,2023-02-08 11:45:00+05:30,fe28707e6a9c486ea81b01be19349512,SELL,5,549.8,INTRADAY,MARKET,-6.75,-291.5,-0.24,-0.58,49708.5,-0.65
69,NSE_EQ:SBIN,2023-02-08 11:45:00+05:30,1a4e5cbdaf004d478e61b1e320e8fa2b,SELL,5,549.8,INTRADAY,MARKET,2023-02-08 14:00:00+05:30,2eb300605c5344fd9d209c80df01423d,BUY,5,548.4,INTRADAY,MARKET,7.0,-284.5,0.25,-0.57,49715.5,-0.64
70,NSE_EQ:SBIN,2023-02-08 14:00:00+05:30,7b85139eb07e40f0af24f48552bd9f7f,BUY,5,548.4,INTRADAY,MARKET,2023-02-08 14:15:00+05:30,2fc953f749c140549273ac8b8bd249fc,SELL,5,548.9,INTRADAY,MARKET,2.5,-282.0,0.09,-0.56,49718.0,-0.63
71,NSE_EQ:SBIN,2023-02-08 14:15:00+05:30,b4bc37b9729644efaefb9d0bd3f33df0,SELL,5,548.9,INTRADAY,MARKET,2023-02-08 14:45:00+05:30,ceefb715653a4d5b80e8b6f74f87f81b,BUY,5,548.95,INTRADAY,MARKET,-0.25,-282.25,-0.01,-0.56,49717.75,-0.63
72,NSE_EQ:SBIN,2023-02-08 14:45:00+05:30,6dbf2b1bec8d4e519e34a69507b3a826,BUY,5,548.95,INTRADAY,MARKET,2023-02-08 15:30:00+05:30,3eaa0534593442558f9babdb54c7c019,SELL,5,550.4,INTRADAY,MARKET,7.25,-275.0,0.26,-0.55,49725.0,-0.62
73,NSE_EQ:SBIN,2023-02-09 10:00:00+05:30,4beead3dc59549b1bfea73247a7c685d,SELL,5,547.2,INTRADAY,MARKET,2023-02-09 12:45:00+05:30,0a42176826e64f149ad5003f9a71af64,BUY,5,546.55,INTRADAY,MARKET,3.25,-271.75,0.12,-0.54,49728.25,-0.61
74,NSE_EQ:SBIN,2023-02-09 12:45:00+05:30,0efb8ad931194b219e52a4e7eaaddbdf,BUY,5,546.55,INTRADAY,MARKET,2023-02-09 13:15:00+05:30,13478ec4483144fdacf9c39142899b4c,SELL,5,547.25,INTRADAY,MARKET,3.5,-268.25,0.13,-0.54,49731.75,-0.61
75,NSE_EQ:SBIN,2023-02-09 13:15:00+05:30,dff876800f3341b595ea614e0d05f9b0,SELL,5,547.25,INTRADAY,MARKET,2023-02-09 13:45:00+05:30,ad3592aed02f4228a10e8fd9a3d407d5,BUY,5,549.0,INTRADAY,MARKET,-8.75,-277.0,-0.32,-0.55,49723.0,-0.62
76,NSE_EQ:SBIN,2023-02-09 13:45:00+05:30,d79fb51950a34ae5b06c4fccd48931e2,BUY,5,549.0,INTRADAY,MARKET,2023-02-09 15:30:00+05:30,7322123ddd084c1ba07c2a340b8da5ec,SELL,5,551.0,INTRADAY,MARKET,10.0,-267.0,0.36,-0.53,49733.0,-0.6
77,NSE_EQ:SBIN,2023-02-10 13:15:00+05:30,43db2916e7794a58b006308368357151,SELL,5,553.45,INTRADAY,MARKET,2023-02-10 15:30:00+05:30,aa6ec5fe7a1945908ace5cb57b0887d3,BUY,5,552.9,INTRADAY,MARKET,2.75,-264.25,0.1,-0.53,49735.75,-0.6
78,NSE_EQ:SBIN,2023-02-13 14:30:00+05:30,63eaecc4807c4c21bc9b83504cdd7674,BUY,5,536.9,INTRADAY,MARKET,2023-02-13 15:30:00+05:30,d7120504121c40d2b21eb072f769c028,SELL,5,537.1,INTRADAY,MARKET,1.0,-263.25,0.04,-0.53,49736.75,-0.6
79,NSE_EQ:SBIN,2023-02-14 09:45:00+05:30,df2e5c9be76e4678b9118a2caa32fadb,SELL,5,532.6,INTRADAY,MARKET,2023-02-14 12:45:00+05:30,aea2565703fa451dad22fc9a51522dcb,BUY,5,534.7,INTRADAY,MARKET,-10.5,-273.75,-0.39,-0.55,49726.25,-0.62
80,NSE_EQ:SBIN,2023-02-14 12:45:00+05:30,330ed75b4df04f989e9302d8ee176446,BUY,5,534.7,INTRADAY,MARKET,2023-02-14 15:30:00+05:30,7e933c6996374fef9381c6c527d422d8,SELL,5,541.0,INTRADAY,MARKET,31.5,-242.25,1.18,-0.48,49757.75,-0.55
81,NSE_EQ:SBIN,2023-02-15 11:00:00+05:30,5f1e40cb7a5347be953c850906bdb166,SELL,5,541.9,INTRADAY,MARKET,2023-02-15 11:45:00+05:30,9e64e7dff97342bd992b00cac69a7870,BUY,5,543.45,INTRADAY,MARKET,-7.75,-250.0,-0.29,-0.5,49750.0,-0.57
82,NSE_EQ:SBIN,2023-02-15 11:45:00+05:30,83b71b39707a4afda325ab6391269601,BUY,5,543.45,INTRADAY,MARKET,2023-02-15 13:00:00+05:30,0ee9eb606fd64ba496a0679765bd122e,SELL,5,541.2,INTRADAY,MARKET,-11.25,-261.25,-0.41,-0.52,49738.75,-0.59
83,NSE_EQ:SBIN,2023-02-15 13:00:00+05:30,063c60389ffa4c989e34eb5cae29051b,SELL,5,541.2,INTRADAY,MARKET,2023-02-15 15:15:00+05:30,02d7e0d498b6422a98489c0ae89da35c,BUY,5,542.05,INTRADAY,MARKET,-4.25,-265.5,-0.16,-0.53,49734.5,-0.6
84,NSE_EQ:SBIN,2023-02-15 15:15:00+05:30,2a7bfd8373af4a78955dfb90956ef87e,BUY,5,542.05,INTRADAY,MARKET,2023-02-15 15:30:00+05:30,1bb471b2f79941fe91c60a602881cc93,SELL,5,542.8,INTRADAY,MARKET,3.75,-261.75,0.14,-0.52,49738.25,-0.59
85,NSE_EQ:SBIN,2023-02-16 12:00:00+05:30,5256a33de04f49c9ab1d69fa214001fe,SELL,5,543.05,INTRADAY,MARKET,2023-02-16 13:45:00+05:30,4a36be06ac374893814aa2eecf1f4ae7,BUY,5,542.9,INTRADAY,MARKET,0.75,-261.0,0.03,-0.52,49739.0,-0.59
86,NSE_EQ:SBIN,2023-02-16 13:45:00+05:30,a1a36f6006144901821bb23edb48ffee,BUY,5,542.9,INTRADAY,MARKET,2023-02-16 15:15:00+05:30,5bd89e5546ee4fda95ef072b2ad11b92,SELL,5,540.35,INTRADAY,MARKET,-12.75,-273.75,-0.47,-0.55,49726.25,-0.62
87,NSE_EQ:SBIN,2023-02-16 15:15:00+05:30,4ea02e39fa9e4cb083f16980368b0b46,SELL,5,540.35,INTRADAY,MARKET,2023-02-16 15:30:00+05:30,4ead35f91f6742cdbfcc23b8128321ee,BUY,5,539.0,INTRADAY,MARKET,6.75,-267.0,0.25,-0.53,49733.0,-0.6
88,NSE_EQ:SBIN,2023-02-20 09:30:00+05:30,ba749bde417c42ddbcc5c4dd158d8769,BUY,5,531.9,INTRADAY,MARKET,2023-02-20 11:00:00+05:30,bf215b5eda14459196a7ad5d0aac1352,SELL,5,529.3,INTRADAY,MARKET,-13.0,-280.0,-0.49,-0.56,49720.0,-0.63
89,NSE_EQ:SBIN,2023-02-20 11:00:00+05:30,fa2a298c79d4477fabca8d564fbf52eb,SELL,5,529.3,INTRADAY,MARKET,2023-02-20 15:30:00+05:30,4fc09710afbd4e54abf74b4d2cb3122d,BUY,5,525.2,INTRADAY,MARKET,20.5,-259.5,0.77,-0.52,49740.5,-0.59
90,NSE_EQ:SBIN,2023-02-21 10:30:00+05:30,743cb04346e0417bb85f3da495e08efb,BUY,5,527.9,INTRADAY,MARKET,2023-02-21 13:15:00+05:30,7d3a6ef8a28c4202815ab8a3c976b806,SELL,5,525.2,INTRADAY,MARKET,-13.5,-273.0,-0.51,-0.55,49727.0,-0.62
91,NSE_EQ:SBIN,2023-02-21 13:15:00+05:30,b62abc5c619d479ea3b65754e2735a16,SELL,5,525.2,INTRADAY,MARKET,2023-02-21 15:30:00+05:30,4c517a9e459040ca8f9b435f60121aaa,BUY,5,523.8,INTRADAY,MARKET,7.0,-266.0,0.27,-0.53,49734.0,-0.6
92,NSE_EQ:SBIN,2023-02-22 14:45:00+05:30,498db09164d54645a3c41688d2fcf546,BUY,5,516.15,INTRADAY,MARKET,2023-02-22 15:30:00+05:30,7c962a94b2fe44318650b0d44f52af7c,SELL,5,516.75,INTRADAY,MARKET,3.0,-263.0,0.12,-0.53,49737.0,-0.6
93,NSE_EQ:SBIN,2023-02-23 10:00:00+05:30,8c01f79ba4214d7fb6d062be53311816,SELL,5,516.8,INTRADAY,MARKET,2023-02-23 10:15:00+05:30,6952e205ba4847789fcc4a5e17e212a2,BUY,5,519.2,INTRADAY,MARKET,-12.0,-275.0,-0.46,-0.55,49725.0,-0.62
94,NSE_EQ:SBIN,2023-02-23 10:15:00+05:30,d7194b0cc4ad47afb1fbe16ebaaf532d,BUY,5,519.2,INTRADAY,MARKET,2023-02-23 13:15:00+05:30,88b191ee3c60444584cb75c0b5e684e1,SELL,5,520.5,INTRADAY,MARKET,6.5,-268.5,0.25,-0.54,49731.5,-0.61
95,NSE_EQ:SBIN,2023-02-23 13:15:00+05:30,ceaa8323ba3444a2a1f8db17ab12c12b,SELL,5,520.5,INTRADAY,MARKET,2023-02-23 14:00:00+05:30,f384c048c6d04e5bb9602a1a25ec3397,BUY,5,522.1,INTRADAY,MARKET,-8.0,-276.5,-0.31,-0.55,49723.5,-0.62
96,NSE_EQ:SBIN,2023-02-23 14:00:00+05:30,3d16443c3365483d9382c1c36c3a550a,BUY,5,522.1,INTRADAY,MARKET,2023-02-23 15:30:00+05:30,b5429a4ffca1428aa6457faea512be7c,SELL,5,523.0,INTRADAY,MARKET,4.5,-272.0,0.17,-0.54,49728.0,-0.61
97,NSE_EQ:SBIN,2023-02-24 12:30:00+05:30,1042a47fe1494edfaa1a7155a20e74a4,SELL,5,521.8,INTRADAY,MARKET,2023-02-24 15:30:00+05:30,8e4310be7bce4758874ba6370d68e631,BUY,5,521.5,INTRADAY,MARKET,1.5,-270.5,0.06,-0.54,49729.5,-0.61
98,NSE_EQ:SBIN,2023-02-27 09:30:00+05:30,cb7ab12c56f24ebe9853941a0b3a4253,BUY,5,524.75,INTRADAY,MARKET,2023-02-27 15:30:00+05:30,11c5b5b83f9c42d49be2863726adc085,SELL,5,527.5,INTRADAY,MARKET,13.75,-256.75,0.52,-0.51,49743.25,-0.58
99,NSE_EQ:SBIN,2023-02-28 09:30:00+05:30,eed81e5e0b714e14a99cdc7e14cf5102,SELL,5,523.6,INTRADAY,MARKET,2023-02-28 12:45:00+05:30,9f1f4b7844094584a552b6920fe27796,BUY,5,525.8,INTRADAY,MARKET,-11.0,-267.75,-0.42,-0.54,49732.25,-0.6
100,NSE_EQ:SBIN,2023-02-28 12:45:00+05:30,81c02bf48bd342ae9e6f7ebcdf6da773,BUY,5,525.8,INTRADAY,MARKET,2023-02-28 14:15:00+05:30,15f3003eaa0f4249a2d7792da8a8e549,SELL,5,522.15,INTRADAY,MARKET,-18.25,-286.0,-0.69,-0.57,49714.0,-0.64
101,NSE_EQ:SBIN,2023-02-28 14:15:00+05:30,aeee894c7ab347a3865cd077894cb944,SELL,5,522.15,INTRADAY,MARKET,2023-02-28 15:30:00+05:30,3fae598693f44dc1ac20541212c43a85,BUY,5,522.45,INTRADAY,MARKET,-1.5,-287.5,-0.06,-0.57,49712.5,-0.64
102,NSE_EQ:SBIN,2023-03-01 09:30:00+05:30,d82d6e429e3f4ace90dad651c6b29d2e,BUY,5,527.3,INTRADAY,MARKET,2023-03-01 15:30:00+05:30,a7ac517ea8ff4ed6bb679c997a6f3dc9,SELL,5,536.25,INTRADAY,MARKET,44.75,-242.75,1.7,-0.49,49757.25,-0.55
103,NSE_EQ:SBIN,2023-03-02 13:00:00+05:30,210e989e99444d41b2abe507720118d7,SELL,5,535.85,INTRADAY,MARKET,2023-03-02 15:30:00+05:30,d72e1bff777348339b86c21d8267dfdb,BUY,5,534.4,INTRADAY,MARKET,7.25,-235.5,0.27,-0.47,49764.5,-0.54
104,NSE_EQ:SBIN,2023-03-03 09:30:00+05:30,ad3f5819881b422eb5e0a0d6f7d7cef1,BUY,5,552.0,INTRADAY,MARKET,2023-03-03 15:00:00+05:30,7143fa2a8c404c768292d00a94cd880f,SELL,5,562.5,INTRADAY,MARKET,52.5,-183.0,1.9,-0.37,49817.0,-0.44
105,NSE_EQ:SBIN,2023-03-03 15:00:00+05:30,3b1bd25160684fe5b9ba77216413a7fb,SELL,5,562.5,INTRADAY,MARKET,2023-03-03 15:30:00+05:30,8da3a5d716a84eb08ffe9a02c6fb38af,BUY,5,560.95,INTRADAY,MARKET,7.75,-175.25,0.28,-0.35,49824.75,-0.42
106,NSE_EQ:SBIN,2023-03-06 09:15:00+05:30,320abbbce96447e48894d2498dcac166,BUY,5,564.9,INTRADAY,MARKET,2023-03-06 12:30:00+05:30,7fb9882ed703473f93fa61f51a6ef74e,SELL,5,560.25,INTRADAY,MARKET,-23.25,-198.5,-0.82,-0.4,49801.5,-0.47
107,NSE_EQ:SBIN,2023-03-06 12:30:00+05:30,c84a4d5b31c3419daa728f03721875d9,SELL,5,560.25,INTRADAY,MARKET,2023-03-06 15:30:00+05:30,a8f67aec851846668d1b65d59a4b29f8,BUY,5,561.8,INTRADAY,MARKET,-7.75,-206.25,-0.28,-0.41,49793.75,-0.48
108,NSE_EQ:SBIN,2023-03-08 12:30:00+05:30,21deab80326045f1912a5daf4dee5520,BUY,5,560.25,INTRADAY,MARKET,2023-03-08 13:00:00+05:30,d1de9f402a6747e3acc764b8719062ba,SELL,5,560.35,INTRADAY,MARKET,0.5,-205.75,0.02,-0.41,49794.25,-0.48
109,NSE_EQ:SBIN,2023-03-08 13:00:00+05:30,868dcb69bf5447d1bae9dd54073e1765,SELL,5,560.35,INTRADAY,MARKET,2023-03-08 13:30:00+05:30,3adeba74e4a94c7cacfde95ad79bc741,BUY,5,560.55,INTRADAY,MARKET,-1.0,-206.75,-0.04,-0.41,49793.25,-0.48
110,NSE_EQ:SBIN,2023-03-08 13:30:00+05:30,47eeeb07618f448b9a1798823b6e8860,BUY,5,560.55,INTRADAY,MARKET,2023-03-08 15:30:00+05:30,6fc40c2aad8f487ea6f2764a3368deb8,SELL,5,563.5,INTRADAY,MARKET,14.75,-192.0,0.53,-0.38,49808.0,-0.45
111,NSE_EQ:SBIN,2023-03-09 11:00:00+05:30,4825a5d0e9514c8dbc2942d27ebc93a1,SELL,5,562.5,INTRADAY,MARKET,2023-03-09 12:45:00+05:30,a83b5ccc6a8b429fa475b9c55c549152,BUY,5,561.9,INTRADAY,MARKET,3.0,-189.0,0.11,-0.38,49811.0,-0.45
112,NSE_EQ:SBIN,2023-03-09 12:45:00+05:30,dbb3595f269d40cca5cb632878455d04,BUY,5,561.9,INTRADAY,MARKET,2023-03-09 13:30:00+05:30,76d79c40dcdb4bfabf89046d328eb29c,SELL,5,562.35,INTRADAY,MARKET,2.25,-186.75,0.08,-0.37,49813.25,-0.44
113,NSE_EQ:SBIN,2023-03-09 13:30:00+05:30,18911624ead7474ea4ec3ec8f14737f8,SELL,5,562.35,INTRADAY,MARKET,2023-03-09 15:30:00+05:30,7610f9735ad9463a9e2c687ad1b06b0e,BUY,5,558.7,INTRADAY,MARKET,18.25,-168.5,0.65,-0.34,49831.5,-0.41
114,NSE_EQ:SBIN,2023-03-13 09:30:00+05:30,a48f37ffa1714fa0b69939d96e8b59ec,BUY,5,550.15,INTRADAY,MARKET,2023-03-13 11:15:00+05:30,e6f262d630414a19ad8053979a6658ee,SELL,5,544.1,INTRADAY,MARKET,-30.25,-198.75,-1.1,-0.4,49801.25,-0.47
115,NSE_EQ:SBIN,2023-03-13 11:15:00+05:30,f7a1f485c9174db1a488e233dfbb8a85,SELL,5,544.1,INTRADAY,MARKET,2023-03-13 15:30:00+05:30,c9093bf7d73e4e6a844e1ee524f6c7d4,BUY,5,530.0,INTRADAY,MARKET,70.5,-128.25,2.59,-0.26,49871.75,-0.33
116,NSE_EQ:SBIN,2023-03-14 13:30:00+05:30,f9c893d86b594d86b08a54f82e7075ea,BUY,5,524.35,INTRADAY,MARKET,2023-03-14 14:30:00+05:30,1565c09f3506464fbead831a357c35bf,SELL,5,523.6,INTRADAY,MARKET,-3.75,-132.0,-0.14,-0.26,49868.0,-0.33
117,NSE_EQ:SBIN,2023-03-14 14:30:00+05:30,59639d87625541c0bae17e8015d2c15b,SELL,5,523.6,INTRADAY,MARKET,2023-03-14 15:30:00+05:30,6dcc756de2534c9f86b728f4a58f15f6,BUY,5,526.0,INTRADAY,MARKET,-12.0,-144.0,-0.46,-0.29,49856.0,-0.36
118,NSE_EQ:SBIN,2023-03-15 09:30:00+05:30,8c02650721874b378a7d8cfe5a83fac7,BUY,5,529.3,INTRADAY,MARKET,2023-03-15 12:30:00+05:30,37d920c39c2840e1b2847d1f8c05ce5c,SELL,5,526.9,INTRADAY,MARKET,-12.0,-156.0,-0.45,-0.31,49844.0,-0.38
119,NSE_EQ:SBIN,2023-03-15 12:30:00+05:30,d13e5672361249c88991253210294d30,SELL,5,526.9,INTRADAY,MARKET,2023-03-15 15:30:00+05:30,b78f6b171ed34b67bfaa2480c2e9e1a8,BUY,5,517.15,INTRADAY,MARKET,48.75,-107.25,1.85,-0.21,49892.75,-0.28
120,NSE_EQ:SBIN,2023-03-16 11:45:00+05:30,20afe76a5b9f4fb8b659bd3fc2de14c4,BUY,5,521.6,INTRADAY,MARKET,2023-03-16 13:45:00+05:30,29a8a3f3711f4852b32b0c94c6d4e365,SELL,5,520.4,INTRADAY,MARKET,-6.0,-113.25,-0.23,-0.23,49886.75,-0.3
121,NSE_EQ:SBIN,2023-03-16 13:45:00+05:30,b924a4dc77bb4a70a99c83ccee244e62,SELL,5,520.4,INTRADAY,MARKET,2023-03-16 14:15:00+05:30,5e30307e50ec4e73bfc534b35bd8eced,BUY,5,526.45,INTRADAY,MARKET,-30.25,-143.5,-1.16,-0.29,49856.5,-0.36
122,NSE_EQ:SBIN,2023-03-16 14:15:00+05:30,80cee5b188d34e4ab6521084e3f61384,BUY,5,526.45,INTRADAY,MARKET,2023-03-16 15:30:00+05:30,963d8a0c09b0494cb091803240cf5398,SELL,5,525.65,INTRADAY,MARKET,-4.0,-147.5,-0.15,-0.3,49852.5,-0.36
123,NSE_EQ:SBIN,2023-03-17 11:15:00+05:30,cbeef1af2790415bb59a52a86acce41f,SELL,5,521.5,INTRADAY,MARKET,2023-03-17 14:00:00+05:30,ce278a82f9d34f26aa66d461b99dabd9,BUY,5,523.65,INTRADAY,MARKET,-10.75,-158.25,-0.41,-0.32,49841.75,-0.39
124,NSE_EQ:SBIN,2023-03-17 14:00:00+05:30,3f24737d75e84ab8a9364632652404ce,BUY,5,523.65,INTRADAY,MARKET,2023-03-17 15:30:00+05:30,300ba917c3414bc2a78ee7299e501603,SELL,5,531.0,INTRADAY,MARKET,36.75,-121.5,1.4,-0.24,49878.5,-0.31
125,NSE_EQ:SBIN,2023-03-20 09:30:00+05:30,3b6fd4e81fa34d54bdaf0b06d0f8e363,SELL,5,522.2,INTRADAY,MARKET,2023-03-20 15:15:00+05:30,78c913563b9146fd97b5061bd1c1f13c,BUY,5,519.55,INTRADAY,MARKET,13.25,-108.25,0.51,-0.22,49891.75,-0.29
126,NSE_EQ:SBIN,2023-03-20 15:15:00+05:30,54202908dabd4c04b7e28f967fd52f74,BUY,5,519.55,INTRADAY,MARKET,2023-03-20 15:30:00+05:30,3851ad0c51f74e1095fdd08aa9247656,SELL,5,519.65,INTRADAY,MARKET,0.5,-107.75,0.02,-0.22,49892.25,-0.28
127,NSE_EQ:SBIN,2023-03-21 12:00:00+05:30,0f09b6d97ae2424b91f8b7cddd2d0b89,SELL,5,517.5,INTRADAY,MARKET,2023-03-21 12:45:00+05:30,8615a4c389dc4b8eb9ac22a994384cce,BUY,5,518.85,INTRADAY,MARKET,-6.75,-114.5,-0.26,-0.23,49885.5,-0.3
128,NSE_EQ:SBIN,2023-03-21 12:45:00+05:30,14c6beb682eb4cf8ae6514be4a5cbdea,BUY,5,518.85,INTRADAY,MARKET,2023-03-21 13:15:00+05:30,cbd0da53ee5b4ba492caff5d32d59c3f,SELL,5,521.25,INTRADAY,MARKET,12.0,-102.5,0.46,-0.2,49897.5,-0.27
129,NSE_EQ:SBIN,2023-03-21 13:15:00+05:30,753db0f7bcb841319efa8b8323c8d2da,SELL,5,521.25,INTRADAY,MARKET,2023-03-21 14:00:00+05:30,3e3d0e76d2f14bf8bf5d2628f8f22c9b,BUY,5,521.05,INTRADAY,MARKET,1.0,-101.5,0.04,-0.2,49898.5,-0.27
130,NSE_EQ:SBIN,2023-03-21 14:00:00+05:30,3c6cab97db074ca7a1460d7b0f88fc5c,BUY,5,521.05,INTRADAY,MARKET,2023-03-21 15:30:00+05:30,7b400af3f1124b6ea5b2dd4d59db92d9,SELL,5,521.9,INTRADAY,MARKET,4.25,-97.25,0.16,-0.19,49902.75,-0.26
131,NSE_EQ:SBIN,2023-03-22 12:45:00+05:30,9bf2387a16c04fb5a70c6938974caec5,SELL,5,524.5,INTRADAY,MARKET,2023-03-22 13:45:00+05:30,56a333648d5949b1addacfa052930e65,BUY,5,525.4,INTRADAY,MARKET,-4.5,-101.75,-0.17,-0.2,49898.25,-0.27
132,NSE_EQ:SBIN,2023-03-22 13:45:00+05:30,55f76f72946d4f66a585e5d729dce753,BUY,5,525.4,INTRADAY,MARKET,2023-03-22 14:30:00+05:30,009a6eea0e65431bbf37f1a7c04a5cd9,SELL,5,523.2,INTRADAY,MARKET,-11.0,-112.75,-0.42,-0.23,49887.25,-0.29
133,NSE_EQ:SBIN,2023-03-22 14:30:00+05:30,a8d4452e8f7e43c0ba284d8ce20acaed,SELL,5,523.2,INTRADAY,MARKET,2023-03-22 15:30:00+05:30,910a7448e70e452387f0b6a625baf4ec,BUY,5,521.1,INTRADAY,MARKET,10.5,-102.25,0.4,-0.2,49897.75,-0.27
134,NSE_EQ:SBIN,2023-03-23 12:30:00+05:30,0f492e3cf5084f74ae99a43f94be933a,BUY,5,517.7,INTRADAY,MARKET,2023-03-23 13:00:00+05:30,6acd5335306742399a0ae3842d721ff1,SELL,5,518.9,INTRADAY,MARKET,6.0,-96.25,0.23,-0.19,49903.75,-0.26
135,NSE_EQ:SBIN,2023-03-23 13:00:00+05:30,3f2f857499514a0a9fb57400293411c6,SELL,5,518.9,INTRADAY,MARKET,2023-03-23 14:00:00+05:30,d578d649d7eb4841969f46eadca369f7,BUY,5,518.1,INTRADAY,MARKET,4.0,-92.25,0.15,-0.18,49907.75,-0.25
136,NSE_EQ:SBIN,2023-03-23 14:00:00+05:30,474b23393de342b284e247bdba40b7af,BUY,5,518.1,INTRADAY,MARKET,2023-03-23 14:30:00+05:30,d426650573204846a17dfc7450f8746b,SELL,5,515.8,INTRADAY,MARKET,-11.5,-103.75,-0.44,-0.21,49896.25,-0.28
137,NSE_EQ:SBIN,2023-03-23 14:30:00+05:30,80f22b87ef7e405c87db805be9f237ed,SELL,5,515.8,INTRADAY,MARKET,2023-03-23 15:30:00+05:30,ffcf1da871384d58ab00d0f0cda75539,BUY,5,511.95,INTRADAY,MARKET,19.25,-84.5,0.75,-0.17,49915.5,-0.24
138,NSE_EQ:SBIN,2023-03-24 12:45:00+05:30,a3a2508a8cc84ccbb54cb6c3300c8a4f,BUY,5,512.45,INTRADAY,MARKET,2023-03-24 14:15:00+05:30,62e4b2dd39394b31ad4379a7ddf14b12,SELL,5,510.65,INTRADAY,MARKET,-9.0,-93.5,-0.35,-0.19,49906.5,-0.26
139,NSE_EQ:SBIN,2023-03-24 14:15:00+05:30,44c3b863e9c947408a4267de71878fc3,SELL,5,510.65,INTRADAY,MARKET,2023-03-24 15:30:00+05:30,10483d017ae443ffb77566865c2d3278,BUY,5,505.05,INTRADAY,MARKET,28.0,-65.5,1.1,-0.13,49934.5,-0.2
140,NSE_EQ:SBIN,2023-03-27 11:30:00+05:30,21e6a8d9e6f8484d8aa3c6fde1272fa0,BUY,5,506.9,INTRADAY,MARKET,2023-03-27 15:30:00+05:30,8c3ca359838a49cca1ee07dec23eba08,SELL,5,508.95,INTRADAY,MARKET,10.25,-55.25,0.4,-0.11,49944.75,-0.18
141,NSE_EQ:SBIN,2023-03-28 09:30:00+05:30,a20bf46b159a44b4a5da1e085c67a4ea,SELL,5,510.25,INTRADAY,MARKET,2023-03-28 15:15:00+05:30,6b2ed6bd0e9943bcaff9c1da7ad2d8c9,BUY,5,507.8,INTRADAY,MARKET,12.25,-43.0,0.48,-0.09,49957.0,-0.16
142,NSE_EQ:SBIN,2023-03-28 15:15:00+05:30,870bfbf67cd94d67b95911faec0d3d84,BUY,5,507.8,INTRADAY,MARKET,2023-03-28 15:30:00+05:30,a8270e26378041d69b9fddb2d87e374a,SELL,5,509.0,INTRADAY,MARKET,6.0,-37.0,0.24,-0.07,49963.0,-0.14
143,NSE_EQ:SBIN,2023-03-29 12:30:00+05:30,774f7e0eb86b4094a73c13e1877d934e,SELL,5,508.65,INTRADAY,MARKET,2023-03-29 13:30:00+05:30,c6fb05053dac470481b7b93e75840be2,BUY,5,511.3,INTRADAY,MARKET,-13.25,-50.25,-0.52,-0.1,49949.75,-0.17
144,NSE_EQ:SBIN,2023-03-29 13:30:00+05:30,176b2fde16fe4b0d9ede271e1adc7d9a,BUY,5,511.3,INTRADAY,MARKET,2023-03-29 15:30:00+05:30,e2e163ee0f6b4aa38caf5aa47ac03543,SELL,5,517.0,INTRADAY,MARKET,28.5,-21.75,1.11,-0.04,49978.25,-0.11
145,NSE_EQ:SBIN,2023-03-31 12:30:00+05:30,4d4490680da842ee81f37f1b857a69cd,SELL,5,521.35,INTRADAY,MARKET,2023-03-31 13:00:00+05:30,9384429b1e164ea9a6a4cbc9247c2984,BUY,5,521.55,INTRADAY,MARKET,-1.0,-22.75,-0.04,-0.05,49977.25,-0.11
146,NSE_EQ:SBIN,2023-03-31 13:00:00+05:30,8132c111dc8a41cc9479928c22a9d90b,BUY,5,521.55,INTRADAY,MARKET,2023-03-31 15:30:00+05:30,caffdbcb26954a6ca2ff41e7e09b3730,SELL,5,524.4,INTRADAY,MARKET,14.25,-8.5,0.55,-0.02,49991.5,-0.09
