,INST,EN_TIME,EN_ID,EN_TT,EN_Q,EN_PRICE,EN_CODE,EN_VAR,EX_TIME,EX_ID,EX_TT,EX_Q,EX_PRICE,EX_CODE,EX_VAR,P&L,ROI,P&L %,ROI %,Equity Curve,Drawdown %
0,NSE_EQ:DLF,2023-01-02 10:15:00+05:30,cc326f51fd6f42bbaed8a26cd51972e2,BUY,10,378.05,INTRADAY,MARKET,2023-01-02 13:15:00+05:30,649d9e3ebc62465f806537d2767661e0,SELL,10,380.1,INTRADAY,MARKET,20.5,20.5,0.54,0.04,50020.5,0.0
1,NSE_EQ:DLF,2023-01-02 13:15:00+05:30,f16f1799635c477583fc9cd28ba715bb,SELL,10,380.1,INTRADAY,MARKET,2023-01-02 15:15:00+05:30,80a9f66233e140c7aff1059a9e4b60b7,BUY,10,380.6,INTRADAY,MARKET,-5.0,15.5,-0.13,0.03,50015.5,-0.01
2,NSE_EQ:DLF,2023-01-03 09:15:00+05:30,94bf3701c7484fed82986a4645fddeb7,BUY,10,380.75,INTRADAY,MARKET,2023-01-03 11:15:00+05:30,5991cc3ec8634e26854e98aae2168a41,SELL,10,381.15,INTRADAY,MARKET,4.0,19.5,0.11,0.04,50019.5,-0.0
3,NSE_EQ:DLF,2023-01-03 11:15:00+05:30,5ad7e68d738246149f5f554fc4e8dfe7,SELL,10,381.15,INTRADAY,MARKET,2023-01-03 14:15:00+05:30,9c1b2f94edc348e0a992d9dcdbbd4a69,BUY,10,380.25,INTRADAY,MARKET,9.0,28.5,0.24,0.06,50028.5,0.0
4,NSE_EQ:DLF,2023-01-03 14:15:00+05:30,d64882998d4a4264861010c7f18d0e39,BUY,10,380.25,INTRADAY,MARKET,2023-01-03 15:15:00+05:30,b6bdae18820d4251b83763f62d6e27d3,SELL,10,380.1,INTRADAY,MARKET,-1.5,27.0,-0.04,0.05,50027.0,-0.0
5,NSE_EQ:DLF,2023-01-04 13:15:00+05:30,8738033656194d67bb2c6def9512ca5d,BUY,10,372.95,INTRADAY,MARKET,2023-01-04 15:15:00+05:30,f02685fcc0ee43ffa8aae854dc451a9c,SELL,10,371.5,INTRADAY,MARKET,-14.5,12.5,-0.39,0.03,50012.5,-0.03
6,NSE_EQ:DLF,2023-01-05 10:15:00+05:30,0239476701b2487d8cef5570891d8ace,BUY,10,372.1,INTRADAY,MARKET,2023-01-05 12:15:00+05:30,cacb4edd09034486885c67068fd61c8d,SELL,10,371.35,INTRADAY,MARKET,-7.5,5.0,-0.2,0.01,50005.0,-0.05
7,NSE_EQ:DLF,2023-01-05 12:15:00+05:30,822fa4bbb5db460283af250e795a5f1d,SELL,10,371.35,INTRADAY,MARKET,2023-01-05 15:15:00+05:30,f2092c19f970460083890a1577e94b32,BUY,10,373.0,INTRADAY,MARKET,-16.5,-11.5,-0.44,-0.02,49988.5,-0.08
8,NSE_EQ:DLF,2023-01-06 10:15:00+05:30,ec42beb052ad4a2499e049a22f6058c2,SELL,10,372.05,INTRADAY,MARKET,2023-01-06 11:15:00+05:30,3848fd058c824036ac1204f1b6546544,BUY,10,373.2,INTRADAY,MARKET,-11.5,-23.0,-0.31,-0.05,49977.0,-0.1
9,NSE_EQ:DLF,2023-01-06 11:15:00+05:30,bb74ab0bf54448b798c132aa442b8e44,BUY,10,373.2,INTRADAY,MARKET,2023-01-06 13:15:00+05:30,12d647aeed174c5e9fe57b3509406e32,SELL,10,368.55,INTRADAY,MARKET,-46.5,-69.5,-1.25,-0.14,49930.5,-0.2
10,NSE_EQ:DLF,2023-01-06 13:15:00+05:30,1525f480976741b090a71c72ca41e404,SELL,10,368.55,INTRADAY,MARKET,2023-01-06 15:15:00+05:30,5837d75b65c04ed5b1e5a34c3c754f1a,BUY,10,370.35,INTRADAY,MARKET,-18.0,-87.5,-0.49,-0.18,49912.5,-0.23
11,NSE_EQ:DLF,2023-01-09 09:15:00+05:30,f98ce375d1a74ed193a5210e48195efa,SELL,10,373.0,INTRADAY,MARKET,2023-01-09 10:15:00+05:30,fea80ba38a2844f0a8945a720205bfba,BUY,10,374.6,INTRADAY,MARKET,-16.0,-103.5,-0.43,-0.21,49896.5,-0.26
12,NSE_EQ:DLF,2023-01-09 10:15:00+05:30,d7fd30e299a14b788363d6fe2a6d133c,BUY,10,374.6,INTRADAY,MARKET,2023-01-09 12:15:00+05:30,acc64568fb404d078060d29ab89b3326,SELL,10,374.4,INTRADAY,MARKET,-2.0,-105.5,-0.05,-0.21,49894.5,-0.27
13,NSE_EQ:DLF,2023-01-09 12:15:00+05:30,3a6579ab7d494a7ebc30b2a9022d3caf,SELL,10,374.4,INTRADAY,MARKET,2023-01-09 15:15:00+05:30,82678dc09cf34808b00db8f9ff1f5464,BUY,10,374.0,INTRADAY,MARKET,4.0,-101.5,0.11,-0.2,49898.5,-0.26
14,NSE_EQ:DLF,2023-01-10 09:15:00+05:30,28cc50926dd743c8a8806138f1f0e4a3,BUY,10,373.9,INTRADAY,MARKET,2023-01-10 10:15:00+05:30,444f1c36584746018985713186d5b19c,SELL,10,374.05,INTRADAY,MARKET,1.5,-100.0,0.04,-0.2,49900.0,-0.26
15,NSE_EQ:DLF,2023-01-10 10:15:00+05:30,d83df9a57d684880bf4cfc61ba6c664c,SELL,10,374.05,INTRADAY,MARKET,2023-01-10 14:15:00+05:30,2d57856de27b419298c4940761ccc60d,BUY,10,372.35,INTRADAY,MARKET,17.0,-83.0,0.45,-0.17,49917.0,-0.22
16,NSE_EQ:DLF,2023-01-10 14:15:00+05:30,cfcad4563d834d9cb00de39d7b6e4a50,BUY,10,372.35,INTRADAY,MARKET,2023-01-10 15:15:00+05:30,20a5dd48f2f146d3ab61f9154f8f9bce,SELL,10,373.45,INTRADAY,MARKET,11.0,-72.0,0.3,-0.14,49928.0,-0.2
17,NSE_EQ:DLF,2023-01-11 12:15:00+05:30,43681a5d3c4a4416a5893a4633db06b1,SELL,10,372.75,INTRADAY,MARKET,2023-01-11 15:15:00+05:30,7eef36aace4d41c49fab3b0c94fe46fc,BUY,10,372.45,INTRADAY,MARKET,3.0,-69.0,0.08,-0.14,49931.0,-0.19
18,NSE_EQ:DLF,2023-01-12 09:15:00+05:30,df55fc30e4784332a402f6c1987fa617,BUY,10,372.9,INTRADAY,MARKET,2023-01-12 14:15:00+05:30,6ade990e2dd84635b22667f4a54749e3,SELL,10,373.0,INTRADAY,MARKET,1.0,-68.0,0.03,-0.14,49932.0,-0.19
19,NSE_EQ:DLF,2023-01-12 14:15:00+05:30,5c1331db261d461a9d36487eaf4bd91b,SELL,10,373.0,INTRADAY,MARKET,2023-01-12 15:15:00+05:30,9e9d0d4e52c54f8084fba676c9af7022,BUY,10,374.65,INTRADAY,MARKET,-16.5,-84.5,-0.44,-0.17,49915.5,-0.23
20,NSE_EQ:DLF,2023-01-13 10:15:00+05:30,8a0a4c31c5e34aaa975555f762a7adfd,SELL,10,373.3,INTRADAY,MARKET,2023-01-13 12:15:00+05:30,fa8e296d54894cc898e3e404c6d5960d,BUY,10,375.1,INTRADAY,MARKET,-18.0,-102.5,-0.48,-0.21,49897.5,-0.26
21,NSE_EQ:DLF,2023-01-13 12:15:00+05:30,640cea3f76f1443394e6654180d59739,BUY,10,375.1,INTRADAY,MARKET,2023-01-13 15:15:00+05:30,228dc868cc7e41ca98475915bb77a9a9,SELL,10,376.45,INTRADAY,MARKET,13.5,-89.0,0.36,-0.18,49911.0,-0.23
22,NSE_EQ:DLF,2023-01-16 14:15:00+05:30,fd2ace4804e04c3c986dc59954ac0ae3,BUY,10,372.7,INTRADAY,MARKET,2023-01-16 15:15:00+05:30,0bd95f0ae1034e96a896267896a5ffab,SELL,10,373.7,INTRADAY,MARKET,10.0,-79.0,0.27,-0.16,49921.0,-0.21
23,NSE_EQ:DLF,2023-01-17 09:15:00+05:30,b2a166e36235411a8835d56b1c7d0756,BUY,10,373.95,INTRADAY,MARKET,2023-01-17 13:15:00+05:30,cefea6d42b8643aea773e01d24b5311c,SELL,10,370.35,INTRADAY,MARKET,-36.0,-115.0,-0.96,-0.23,49885.0,-0.29
24,NSE_EQ:DLF,2023-01-17 13:15:00+05:30,ca2c4491f3044090b69e70ed9ee46c30,SELL,10,370.35,INTRADAY,MARKET,2023-01-17 15:15:00+05:30,e178e2eea6a644d48f350965f64906d4,BUY,10,375.75,INTRADAY,MARKET,-54.0,-169.0,-1.46,-0.34,49831.0,-0.39
25,NSE_EQ:DLF,2023-01-18 10:15:00+05:30,007046adfe344b329761ca115793ecd8,SELL,10,375.8,INTRADAY,MARKET,2023-01-18 13:15:00+05:30,79f9a830016246cbad70d52238775d6a,BUY,10,374.95,INTRADAY,MARKET,8.5,-160.5,0.23,-0.32,49839.5,-0.38
26,NSE_EQ:DLF,2023-01-18 13:15:00+05:30,d87315786d484ffca5b9356224965f22,BUY,10,374.95,INTRADAY,MARKET,2023-01-18 15:15:00+05:30,770ca63298484c3cbdadd556e76f9f34,SELL,10,376.45,INTRADAY,MARKET,15.0,-145.5,0.4,-0.29,49854.5,-0.35
27,NSE_EQ:DLF,2023-01-19 09:15:00+05:30,b7123e5eba1f462bb06245cd01409a13,SELL,10,375.0,INTRADAY,MARKET,2023-01-19 14:15:00+05:30,e01badc3b7944426bd892927c01e7ff7,BUY,10,374.55,INTRADAY,MARKET,4.5,-141.0,0.12,-0.28,49859.0,-0.34
28,NSE_EQ:DLF,2023-01-19 14:15:00+05:30,bfb967f923e24f30996f00dfc8206a66,BUY,10,374.55,INTRADAY,MARKET,2023-01-19 15:15:00+05:30,0a2853afe01945c0916141daab9d282e,SELL,10,375.7,INTRADAY,MARKET,11.5,-129.5,0.31,-0.26,49870.5,-0.32
29,NSE_EQ:DLF,2023-01-20 10:15:00+05:30,2665affe5393408da7040f131f8b14fe,SELL,10,373.55,INTRADAY,MARKET,2023-01-20 12:15:00+05:30,5100e9b16e314ec98542cc995c555cd6,BUY,10,372.5,INTRADAY,MARKET,10.5,-119.0,0.28,-0.24,49881.0,-0.29
30,NSE_EQ:DLF,2023-01-20 12:15:00+05:30,54555471c1d941fa9631f41085b26bd7,BUY,10,372.5,INTRADAY,MARKET,2023-01-20 14:15:00+05:30,f30d40e2f2ca460da5b82e33593f099b,SELL,10,371.8,INTRADAY,MARKET,-7.0,-126.0,-0.19,-0.25,49874.0,-0.31
31,NSE_EQ:DLF,2023-01-20 14:15:00+05:30,48954acac578459b8f107d328380918f,SELL,10,371.8,INTRADAY,MARKET,2023-01-20 15:15:00+05:30,885f23ba8e69454c8b36210b509f557e,BUY,10,369.7,INTRADAY,MARKET,21.0,-105.0,0.56,-0.21,49895.0,-0.27
32,NSE_EQ:DLF,2023-01-23 10:15:00+05:30,d8f4d3e5ecd34dcc86908d1ceb78d3b0,BUY,10,369.0,INTRADAY,MARKET,2023-01-23 15:15:00+05:30,ab0a385cd25648a4b530d0e3dcc35602,SELL,10,369.3,INTRADAY,MARKET,3.0,-102.0,0.08,-0.2,49898.0,-0.26
33,NSE_EQ:DLF,2023-01-24 09:15:00+05:30,b691fae3149e4f2ca97494a20df9854f,SELL,10,370.5,INTRADAY,MARKET,2023-01-24 10:15:00+05:30,3cef626f09684385ac1b655da2509545,BUY,10,369.5,INTRADAY,MARKET,10.0,-92.0,0.27,-0.18,49908.0,-0.24
34,NSE_EQ:DLF,2023-01-24 10:15:00+05:30,0889afeadfad4d59b853b5cc9efe45f0,BUY,10,369.5,INTRADAY,MARKET,2023-01-24 12:15:00+05:30,a5ea44b65b58421a873d92936544a4c9,SELL,10,365.4,INTRADAY,MARKET,-41.0,-133.0,-1.11,-0.27,49867.0,-0.32
35,NSE_EQ:DLF,2023-01-24 12:15:00+05:30,6c3589d348124007b78c50ea1c70c2ad,SELL,10,365.4,INTRADAY,MARKET,2023-01-24 15:15:00+05:30,ebc0ef0612c94d02b92b077c22619578,BUY,10,365.9,INTRADAY,MARKET,-5.0,-138.0,-0.14,-0.28,49862.0,-0.33
36,NSE_EQ:DLF,2023-01-25 10:15:00+05:30,aa03fd7d3e304c0f8395afec2f147492,SELL,10,357.0,INTRADAY,MARKET,2023-01-25 11:15:00+05:30,9797ebe9522540209b1ee6464ed00dca,BUY,10,358.0,INTRADAY,MARKET,-10.0,-148.0,-0.28,-0.3,49852.0,-0.35
37,NSE_EQ:DLF,2023-01-25 11:15:00+05:30,8c892d80079141219acfaad5dba19b72,BUY,10,358.0,INTRADAY,MARKET,2023-01-25 12:15:00+05:30,879cd63f1dfb4f46ac985310f033a795,SELL,10,352.25,INTRADAY,MARKET,-57.5,-205.5,-1.61,-0.41,49794.5,-0.47
38,NSE_EQ:DLF,2023-01-25 12:15:00+05:30,28eb81876b5842e8ac2bba2574eaa706,SELL,10,352.25,INTRADAY,MARKET,2023-01-25 14:15:00+05:30,aa40b0a5d25c49eb91a1eff79628afa7,BUY,10,354.3,INTRADAY,MARKET,-20.5,-226.0,-0.58,-0.45,49774.0,-0.51
39,NSE_EQ:DLF,2023-01-25 14:15:00+05:30,0b1ec865fe4b4dc69747a6932aaeacb8,BUY,10,354.3,INTRADAY,MARKET,2023-01-25 15:15:00+05:30,3e617f1b8df949caa2024e06356535c4,SELL,10,352.1,INTRADAY,MARKET,-22.0,-248.0,-0.62,-0.5,49752.0,-0.55
40,NSE_EQ:DLF,2023-01-27 09:15:00+05:30,8e004374d95b41d680609c0efe676ad8,SELL,10,354.95,INTRADAY,MARKET,2023-01-27 10:15:00+05:30,19839567ee5549e7b191304a469ecce9,BUY,10,351.35,INTRADAY,MARKET,36.0,-212.0,1.01,-0.42,49788.0,-0.48
41,NSE_EQ:DLF,2023-01-27 10:15:00+05:30,da0210d2fe04482282f4eb9c8656eaff,BUY,10,351.35,INTRADAY,MARKET,2023-01-27 12:15:00+05:30,47b55a38d4124db691ba7edcb90a790c,SELL,10,349.5,INTRADAY,MARKET,-18.5,-230.5,-0.53,-0.46,49769.5,-0.52
42,NSE_EQ:DLF,2023-01-27 12:15:00+05:30,3333a7a46ea84b7598e82334f063a065,SELL,10,349.5,INTRADAY,MARKET,2023-01-27 13:15:00+05:30,7d21bbafe6954e3191233e36e22ee3b1,BUY,10,353.05,INTRADAY,MARKET,-35.5,-266.0,-1.02,-0.53,49734.0,-0.59
43,NSE_EQ:DLF,2023-01-27 13:15:00+05:30,b9ed3bf34912414b8a57eb9f0b649f41,BUY,10,353.05,INTRADAY,MARKET,2023-01-27 15:15:00+05:30,1cbb54574799478a9f7fa7c66f46c9aa,SELL,10,355.95,INTRADAY,MARKET,29.0,-237.0,0.82,-0.47,49763.0,-0.53
44,NSE_EQ:DLF,2023-01-30 10:15:00+05:30,f7301f04e3504c2cb55c211ed28f4d00,SELL,10,356.7,INTRADAY,MARKET,2023-01-30 15:15:00+05:30,73366cd81f294e759ba0829e1bb687b8,BUY,10,354.35,INTRADAY,MARKET,23.5,-213.5,0.66,-0.43,49786.5,-0.48
45,NSE_EQ:DLF,2023-01-31 14:15:00+05:30,3772b71952104fc385dc1a8280ecf919,SELL,10,355.75,INTRADAY,MARKET,2023-01-31 15:15:00+05:30,ff8d10ec17fd4b39b1a6030d8c4d42a2,BUY,10,355.85,INTRADAY,MARKET,-1.0,-214.5,-0.03,-0.43,49785.5,-0.49
46,NSE_EQ:DLF,2023-02-01 10:15:00+05:30,d502a25c4ecf493d9726e3a974aa5001,BUY,10,357.15,INTRADAY,MARKET,2023-02-01 12:15:00+05:30,7650b67cc039456183c58fb47f9380eb,SELL,10,356.3,INTRADAY,MARKET,-8.5,-223.0,-0.24,-0.45,49777.0,-0.5
47,NSE_EQ:DLF,2023-02-01 12:15:00+05:30,0ba2ecba712e4eafa311112bc09feb05,SELL,10,356.3,INTRADAY,MARKET,2023-02-01 13:15:00+05:30,301b059fa13549ca83e33b7636607014,BUY,10,364.4,INTRADAY,MARKET,-81.0,-304.0,-2.27,-0.61,49696.0,-0.66
48,NSE_EQ:DLF,2023-02-01 13:15:00+05:30,4486e79e0421431fa264e448307600f6,BUY,10,364.4,INTRADAY,MARKET,2023-02-01 14:15:00+05:30,d0bca5a7712f421ca62e8f53a40e9093,SELL,10,354.0,INTRADAY,MARKET,-104.0,-408.0,-2.85,-0.82,49592.0,-0.87
49,NSE_EQ:DLF,2023-02-01 14:15:00+05:30,f34113d04dc2492cb88febf4c3c24e57,SELL,10,354.0,INTRADAY,MARKET,2023-02-01 15:15:00+05:30,14e18cd613d14461a7e2d83d93ad0864,BUY,10,348.65,INTRADAY,MARKET,53.5,-354.5,1.51,-0.71,49645.5,-0.77
50,NSE_EQ:DLF,2023-02-02 09:15:00+05:30,e06e4dd34ee24ee58766288cf4016302,BUY,10,348.9,INTRADAY,MARKET,2023-02-02 10:15:00+05:30,030531fe11524d54ba6d61f5dfe7722c,SELL,10,348.0,INTRADAY,MARKET,-9.0,-363.5,-0.26,-0.73,49636.5,-0.78
51,NSE_EQ:DLF,2023-02-02 10:15:00+05:30,ed3cb76ff7f3430f84f66cfe18c0e75e,SELL,10,348.0,INTRADAY,MARKET,2023-02-02 11:15:00+05:30,38f5fc73d4e74961a15ebd76384e8865,BUY,10,353.0,INTRADAY,MARKET,-50.0,-413.5,-1.44,-0.83,49586.5,-0.88
52,NSE_EQ:DLF,2023-02-02 11:15:00+05:30,60e23292c9f14726ba86c554aa62c29e,BUY,10,353.0,INTRADAY,MARKET,2023-02-02 15:15:00+05:30,c250ce0874e24d30b1ed2c0d7ceabadf,SELL,10,354.8,INTRADAY,MARKET,18.0,-395.5,0.51,-0.79,49604.5,-0.85
53,NSE_EQ:DLF,2023-02-03 09:15:00+05:30,05a9af6ae5164a48a8fbad97d219c72e,SELL,10,355.1,INTRADAY,MARKET,2023-02-03 13:15:00+05:30,e334937611a649dda334157228a46484,BUY,10,351.5,INTRADAY,MARKET,36.0,-359.5,1.01,-0.72,49640.5,-0.78
54,NSE_EQ:DLF,2023-02-03 13:15:00+05:30,33194e420f154b10b68ab573de668bdf,BUY,10,351.5,INTRADAY,MARKET,2023-02-03 14:15:00+05:30,4e7d368497924b5bb24a24dc7729ebd2,SELL,10,351.95,INTRADAY,MARKET,4.5,-355.0,0.13,-0.71,49645.0,-0.77
55,NSE_EQ:DLF,2023-02-03 14:15:00+05:30,b98dc4e4a50b43129d8a62d4d517deea,SELL,10,351.95,INTRADAY,MARKET,2023-02-03 15:15:00+05:30,9756c9542454467086d8dfe85dbb6692,BUY,10,353.4,INTRADAY,MARKET,-14.5,-369.5,-0.41,-0.74,49630.5,-0.8
56,NSE_EQ:DLF,2023-02-06 11:15:00+05:30,d326130d28d1462bbd16eda666a47ee7,SELL,10,351.25,INTRADAY,MARKET,2023-02-06 12:15:00+05:30,67ec29d0d3c74410ba00f3e07d9595cb,BUY,10,353.4,INTRADAY,MARKET,-21.5,-391.0,-0.61,-0.78,49609.0,-0.84
57,NSE_EQ:DLF,2023-02-06 12:15:00+05:30,f692143f0ff74e9cbdbfce6823717c1c,BUY,10,353.4,INTRADAY,MARKET,2023-02-06 14:15:00+05:30,959b23ed74ce4ed28ad21e8573a6000c,SELL,10,352.95,INTRADAY,MARKET,-4.5,-395.5,-0.13,-0.79,49604.5,-0.85
58,NSE_EQ:DLF,2023-02-06 14:15:00+05:30,4be81db566f44acd8c56cc741a2c9aee,SELL,10,352.95,INTRADAY,MARKET,2023-02-06 15:15:00+05:30,8ed3d9d1473845b58c94108281ba6c0f,BUY,10,353.5,INTRADAY,MARKET,-5.5,-401.0,-0.16,-0.8,49599.0,-0.86
59,NSE_EQ:DLF,2023-02-07 11:15:00+05:30,de893e87ea55406fa1379df4926d8da7,SELL,10,357.15,INTRADAY,MARKET,2023-02-07 12:15:00+05:30,147899207ec34783b42fe87dadafa7e5,BUY,10,358.45,INTRADAY,MARKET,-13.0,-414.0,-0.36,-0.83,49586.0,-0.88
60,NSE_EQ:DLF,2023-02-07 12:15:00+05:30,60f98ae418734bbca95f675029c57d42,BUY,10,358.45,INTRADAY,MARKET,2023-02-07 13:15:00+05:30,259fd26d8af7470f8e8dade7fa4be27c,SELL,10,355.5,INTRADAY,MARKET,-29.5,-443.5,-0.82,-0.89,49556.5,-0.94
61,NSE_EQ:DLF,2023-02-07 13:15:00+05:30,745fbe8a721b4d7780bcb10f95d8a0f0,SELL,10,355.5,INTRADAY,MARKET,2023-02-07 15:15:00+05:30,842802d731d348a4a94702afd6f72ea4,BUY,10,357.3,INTRADAY,MARKET,-18.0,-461.5,-0.51,-0.92,49538.5,-0.98
62,NSE_EQ:DLF,2023-02-08 09:15:00+05:30,7c74ddc5ddfa485e96555b93f25ab1ae,SELL,10,358.65,INTRADAY,MARKET,2023-02-08 10:15:00+05:30,f109d3de602b4f21a367833c3cacbc74,BUY,10,358.35,INTRADAY,MARKET,3.0,-458.5,0.08,-0.92,49541.5,-0.97
63,NSE_EQ:DLF,2023-02-08 10:15:00+05:30,78aafcb451584a19b62b1b72cc84cb89,BUY,10,358.35,INTRADAY,MARKET,2023-02-08 15:15:00+05:30,b972e6413fe84addbe7b24450a78dce1,SELL,10,360.55,INTRADAY,MARKET,22.0,-436.5,0.61,-0.87,49563.5,-0.93
64,NSE_EQ:DLF,2023-02-09 09:15:00+05:30,f307260b4fe341edad12e33387b4fdfb,SELL,10,361.35,INTRADAY,MARKET,2023-02-09 10:15:00+05:30,a1a4eef31fb845febf6bd018676ac1fc,BUY,10,360.9,INTRADAY,MARKET,4.5,-432.0,0.12,-0.86,49568.0,-0.92
65,NSE_EQ:DLF,2023-02-09 10:15:00+05:30,54031af410c24e88875faa361f7b80bd,BUY,10,360.9,INTRADAY,MARKET,2023-02-09 11:15:00+05:30,75cb28e07bff42e8b73af0eb72f823ba,SELL,10,360.0,INTRADAY,MARKET,-9.0,-441.0,-0.25,-0.88,49559.0,-0.94
66,NSE_EQ:DLF,2023-02-09 11:15:00+05:30,fe06e7d0ba5541cd83dd62dd4b1ab593,SELL,10,360.0,INTRADAY,MARKET,2023-02-09 14:15:00+05:30,87b27fba301e4803890b8b684f76a3e3,BUY,10,357.0,INTRADAY,MARKET,30.0,-411.0,0.83,-0.82,49589.0,-0.88
67,NSE_EQ:DLF,2023-02-09 14:15:00+05:30,914bf8b6c4a14349afbd829487d685df,BUY,10,357.0,INTRADAY,MARKET,2023-02-09 15:15:00+05:30,a4b8da83540d4413bf78a75923a493bb,SELL,10,356.85,INTRADAY,MARKET,-1.5,-412.5,-0.04,-0.83,49587.5,-0.88
68,NSE_EQ:DLF,2023-02-10 09:15:00+05:30,0311eae0083a4b23a8cbe270441c8bd3,SELL,10,356.5,INTRADAY,MARKET,2023-02-10 10:15:00+05:30,0b294ade01534e198d3b51a13a138373,BUY,10,357.1,INTRADAY,MARKET,-6.0,-418.5,-0.17,-0.84,49581.5,-0.89
69,NSE_EQ:DLF,2023-02-10 10:15:00+05:30,34091ec71a6e4896843121faf595e183,BUY,10,357.1,INTRADAY,MARKET,2023-02-10 15:15:00+05:30,69711aada18a4fa08d128743e1326ed5,SELL,10,362.15,INTRADAY,MARKET,50.5,-368.0,1.41,-0.74,49632.0,-0.79
70,NSE_EQ:DLF,2023-02-13 10:15:00+05:30,3e4b3f575eb04ae0ac75394f4869d4a3,SELL,10,361.3,INTRADAY,MARKET,2023-02-13 15:15:00+05:30,ffe1e6fe485841ec82cc7925162deed3,BUY,10,358.15,INTRADAY,MARKET,31.5,-336.5,0.87,-0.67,49663.5,-0.73
71,NSE_EQ:DLF,2023-02-14 09:15:00+05:30,e2f9857fd0d04ce6a1d16db2bf153563,SELL,10,357.6,INTRADAY,MARKET,2023-02-14 11:15:00+05:30,df73d35222204833a00e84684dd4cfec,BUY,10,351.75,INTRADAY,MARKET,58.5,-278.0,1.64,-0.56,49722.0,-0.61
72,NSE_EQ:DLF,2023-02-14 11:15:00+05:30,1cd236d9324e4723a8de7017763c59dc,BUY,10,351.75,INTRADAY,MARKET,2023-02-14 15:15:00+05:30,9caa3871220a40a68e27458cbd3c0400,SELL,10,353.8,INTRADAY,MARKET,20.5,-257.5,0.58,-0.52,49742.5,-0.57
73,NSE_EQ:DLF,2023-02-15 09:15:00+05:30,39e679482b154955af76ec2173a9b49c,SELL,10,350.2,INTRADAY,MARKET,2023-02-15 10:15:00+05:30,cd4ee7c122334dbfa0b504ef7dfcbcbe,BUY,10,354.5,INTRADAY,MARKET,-43.0,-300.5,-1.23,-0.6,49699.5,-0.66
74,NSE_EQ:DLF,2023-02-15 10:15:00+05:30,4ffdff7ef6a247fb80e281fc3ab9b6dc,BUY,10,354.5,INTRADAY,MARKET,2023-02-15 12:15:00+05:30,6f05daa29df04ef394e08da2cdc2be4a,SELL,10,353.7,INTRADAY,MARKET,-8.0,-308.5,-0.23,-0.62,49691.5,-0.67
75,NSE_EQ:DLF,2023-02-15 12:15:00+05:30,1a462efe1f6f45b7a078b4693013d0aa,SELL,10,353.7,INTRADAY,MARKET,2023-02-15 14:15:00+05:30,bc000c2e54e84eeca953d88e00986dcb,BUY,10,357.85,INTRADAY,MARKET,-41.5,-350.0,-1.17,-0.7,49650.0,-0.76
76,NSE_EQ:DLF,2023-02-15 14:15:00+05:30,7f2002f6efc64899b5424b68975adb5f,BUY,10,357.85,INTRADAY,MARKET,2023-02-15 15:15:00+05:30,e284ab34c9084fb09669c51c7440751e,SELL,10,360.95,INTRADAY,MARKET,31.0,-319.0,0.87,-0.64,49681.0,-0.69
77,NSE_EQ:DLF,2023-02-16 12:15:00+05:30,4cfb67bec4fd401382e29d97b9c2dfa4,SELL,10,371.15,INTRADAY,MARKET,2023-02-16 15:15:00+05:30,12f2de30602a46dd985a897721f0f7e8,BUY,10,372.3,INTRADAY,MARKET,-11.5,-330.5,-0.31,-0.66,49669.5,-0.72
78,NSE_EQ:DLF,2023-02-17 14:15:00+05:30,1b2fbeb6e7024b0c81d90c29f77921dd,BUY,10,364.7,INTRADAY,MARKET,2023-02-17 15:15:00+05:30,d97fa2568a7741ac8f5aeca313b4d465,SELL,10,364.55,INTRADAY,MARKET,-1.5,-332.0,-0.04,-0.66,49668.0,-0.72
79,NSE_EQ:DLF,2023-02-20 09:15:00+05:30,1ee7a19c8e164b7286dd9553292ce467,SELL,10,365.9,INTRADAY,MARKET,2023-02-20 10:15:00+05:30,430793f2f9bd4599889bbab1d2459f7c,BUY,10,369.65,INTRADAY,MARKET,-37.5,-369.5,-1.02,-0.74,49630.5,-0.8
80,NSE_EQ:DLF,2023-02-20 10:15:00+05:30,144e8d78266947e49edc4dc602b98009,BUY,10,369.65,INTRADAY,MARKET,2023-02-20 12:15:00+05:30,30bb772e024d457e8e7143915519c3e4,SELL,10,367.3,INTRADAY,MARKET,-23.5,-393.0,-0.64,-0.79,49607.0,-0.84
81,NSE_EQ:DLF,2023-02-20 12:15:00+05:30,643578ef28b3442db3a45bd4614f28a8,SELL,10,367.3,INTRADAY,MARKET,2023-02-20 15:15:00+05:30,9d5f44fc9bb44414bc3c11021916dee1,BUY,10,365.55,INTRADAY,MARKET,17.5,-375.5,0.48,-0.75,49624.5,-0.81
82,NSE_EQ:DLF,2023-02-21 13:15:00+05:30,9a4c1e35ee6a4d48bf247d7af28e285f,BUY,10,360.0,INTRADAY,MARKET,2023-02-21 15:15:00+05:30,1140e68bbb6945e28b67c95970872555,SELL,10,356.9,INTRADAY,MARKET,-31.0,-406.5,-0.86,-0.81,49593.5,-0.87
83,NSE_EQ:DLF,2023-02-22 10:15:00+05:30,d5901f93774b42cd9edfbef639e17acd,BUY,10,350.0,INTRADAY,MARKET,2023-02-22 11:15:00+05:30,3bd79709a4294d3087c3ed1c81168a26,SELL,10,349.65,INTRADAY,MARKET,-3.5,-410.0,-0.1,-0.82,49590.0,-0.88
84,NSE_EQ:DLF,2023-02-22 11:15:00+05:30,c2ae09b747fd490d94a0480d7d592628,SELL,10,349.65,INTRADAY,MARKET,2023-02-22 12:15:00+05:30,b5eda57407ca4614b9f41098376dd9c8,BUY,10,348.3,INTRADAY,MARKET,13.5,-396.5,0.39,-0.79,49603.5,-0.85
85,NSE_EQ:DLF,2023-02-22 12:15:00+05:30,8ac8686dfb3b491590cdceb7418b98f8,BUY,10,348.3,INTRADAY,MARKET,2023-02-22 14:15:00+05:30,54975370793946ce88478b72143ef4ae,SELL,10,347.75,INTRADAY,MARKET,-5.5,-402.0,-0.16,-0.8,49598.0,-0.86
86,NSE_EQ:DLF,2023-02-22 14:15:00+05:30,ecd58c8a0278403fb786eab5c94e194a,SELL,10,347.75,INTRADAY,MARKET,2023-02-22 15:15:00+05:30,7f9b2df16cb544f88280487609737472,BUY,10,348.95,INTRADAY,MARKET,-12.0,-414.0,-0.35,-0.83,49586.0,-0.88
87,NSE_EQ:DLF,2023-02-23 09:15:00+05:30,b8534cc1bcf94d96855f0d322ec97cf7,BUY,10,349.0,INTRADAY,MARKET,2023-02-23 12:15:00+05:30,08efe52825ea4ca2a6ae991221feec6d,SELL,10,342.25,INTRADAY,MARKET,-67.5,-481.5,-1.93,-0.96,49518.5,-1.02
88,NSE_EQ:DLF,2023-02-23 12:15:00+05:30,5011af2e27014e498871c977d072a239,SELL,10,342.25,INTRADAY,MARKET,2023-02-23 14:15:00+05:30,b844610fb77e4b79aa2abadb83a66c05,BUY,10,343.15,INTRADAY,MARKET,-9.0,-490.5,-0.26,-0.98,49509.5,-1.04
89,NSE_EQ:DLF,2023-02-23 14:15:00+05:30,4500d25434174ecca7e1a248c08f4405,BUY,10,343.15,INTRADAY,MARKET,2023-02-23 15:15:00+05:30,4c1ce1b523cc4325a3a115b6cae81636,SELL,10,343.0,INTRADAY,MARKET,-1.5,-492.0,-0.04,-0.98,49508.0,-1.04
90,NSE_EQ:DLF,2023-02-24 12:15:00+05:30,a7e3cec91d6449269505741e23b2deca,SELL,10,346.3,INTRADAY,MARKET,2023-02-24 15:15:00+05:30,6d9885b64e90471fb97c610bc260fac3,BUY,10,346.1,INTRADAY,MARKET,2.0,-490.0,0.06,-0.98,49510.0,-1.04
91,NSE_EQ:DLF,2023-02-27 11:15:00+05:30,66b85f2406fd4616bd0e54614d6f533f,BUY,10,345.55,INTRADAY,MARKET,2023-02-27 15:15:00+05:30,d0d7f3907eb8481a9ba7ebb9b0ffceef,SELL,10,349.95,INTRADAY,MARKET,44.0,-446.0,1.27,-0.89,49554.0,-0.95
92,NSE_EQ:DLF,2023-02-28 12:15:00+05:30,d39ed0d9cce742c0a117fcecc2cad1f2,SELL,10,351.85,INTRADAY,MARKET,2023-02-28 15:15:00+05:30,7544a968a12849c5874527b26ba9ee64,BUY,10,352.05,INTRADAY,MARKET,-2.0,-448.0,-0.06,-0.9,49552.0,-0.95
