,INST,EN_TIME,EN_ID,EN_TT,EN_Q,EN_PRICE,EN_CODE,EN_VAR,EX_TIME,EX_ID,EX_TT,EX_Q,EX_PRICE,EX_CODE,EX_VAR,P&L,ROI,P&L %,ROI %,Equity Curve,Drawdown %
0,NSE_EQ:ICICIBANK,2023-05-03 10:15:00+05:30,36f325045f5f449a9a7cff14d7e6788a,BUY,1,912.95,INTRADAY,MARKET,2023-05-03 13:15:00+05:30,53906c2789cd45e4b5a82d22df8c1de2,SELL,1,919.4,INTRADAY,MARKET,6.45,6.45,0.71,0.01,50006.45,0.0
1,NSE_EQ:ICICIBANK,2023-05-03 13:15:00+05:30,243a226cbee445a0a5f2b437e1ff04f5,SELL,1,919.4,INTRADAY,MARKET,2023-05-03 15:10:00+05:30,959a60dfef2946a1ab64006a3f1fd230,BUY,1,921.25,INTRADAY,MARKET,-1.85,4.6,-0.2,0.01,50004.6,-0.0
2,NSE_EQ:ICICIBANK,2023-05-04 10:15:00+05:30,0d3ce57be29e416eb2edf2a308309fb8,BUY,1,916.0,INTRADAY,MARKET,2023-05-04 14:15:00+05:30,c605097a89bc41f5a219b3f98e04b81c,SELL,1,918.3,INTRADAY,MARKET,2.3,6.9,0.25,0.01,50006.9,0.0
3,NSE_EQ:ICICIBANK,2023-05-04 14:15:00+05:30,f15c1ff64bea409c8a60c0e0d96c1e6b,SELL,1,918.3,INTRADAY,MARKET,2023-05-04 15:10:00+05:30,934cbcb4ccbc4634b3054469436a4542,BUY,1,918.3,INTRADAY,MARKET,-0.0,6.9,-0.0,0.01,50006.9,0.0
4,NSE_EQ:ICICIBANK,2023-05-08 10:15:00+05:30,01dff9bf39c84a99a0e3067451b1c0cd,SELL,1,935.0,INTRADAY,MARKET,2023-05-08 15:10:00+05:30,ea14aff4440f4a43a7012b556edce5e2,BUY,1,938.45,INTRADAY,MARKET,-3.45,3.45,-0.37,0.01,50003.450000000004,-0.01
5,NSE_EQ:ICICIBANK,2023-05-09 14:15:00+05:30,3c4a6507d98a452aa25b999e376563e0,BUY,1,936.75,INTRADAY,MARKET,2023-05-09 15:10:00+05:30,deb105e45fd14a5ab42643cb40f41c84,SELL,1,936.75,INTRADAY,MARKET,0.0,3.45,0.0,0.01,50003.450000000004,-0.01
6,NSE_EQ:ICICIBANK,2023-05-10 14:15:00+05:30,10af486a37c94e53960f11e9267c3297,SELL,1,934.95,INTRADAY,MARKET,2023-05-10 15:10:00+05:30,2b86c2fb24ba41d7a2fedbb73cec1481,BUY,1,934.95,INTRADAY,MARKET,-0.0,3.45,-0.0,0.01,50003.450000000004,-0.01
7,NSE_EQ:ICICIBANK,2023-05-12 10:15:00+05:30,1febf89089234570af349f742db0ee9b,BUY,1,935.95,INTRADAY,MARKET,2023-05-12 14:15:00+05:30,87b3be3ffce14e09a5117dcc5b25948d,SELL,1,945.5,INTRADAY,MARKET,9.55,13.0,1.02,0.03,50013.00000000001,0.0
8,NSE_EQ:ICICIBANK,2023-05-12 14:15:00+05:30,3fff2fc1defc446ab9fe1252e9317db6,SELL,1,945.5,INTRADAY,MARKET,2023-05-12 15:10:00+05:30,055f985adba34b5ab93064affbc8108d,BUY,1,945.5,INTRADAY,MARKET,-0.0,13.0,-0.0,0.03,50013.00000000001,0.0
9,NSE_EQ:ICICIBANK,2023-05-18 10:15:00+05:30,96eab5b0058b4ddda75335c10c33f05b,SELL,1,944.35,INTRADAY,MARKET,2023-05-18 15:10:00+05:30,b6666b20143f4e9fbcf82d69095e2057,BUY,1,946.55,INTRADAY,MARKET,-2.2,10.8,-0.23,0.02,50010.80000000001,-0.0
10,NSE_EQ:ICICIBANK,2023-05-19 12:15:00+05:30,8a2868256360439daca72d7dd07e235f,BUY,1,944.75,INTRADAY,MARKET,2023-05-19 14:15:00+05:30,cb219c306e9943c186800247fdce3a4f,SELL,1,950.65,INTRADAY,MARKET,5.9,16.7,0.62,0.03,50016.70000000001,0.0
11,NSE_EQ:ICICIBANK,2023-05-19 14:15:00+05:30,054408f81c0140d2aa4256791e50af64,SELL,1,950.65,INTRADAY,MARKET,2023-05-19 15:10:00+05:30,b51bf91bf4644f0782aeeba61d8dc352,BUY,1,950.65,INTRADAY,MARKET,-0.0,16.7,-0.0,0.03,50016.70000000001,0.0
12,NSE_EQ:ICICIBANK,2023-05-22 14:15:00+05:30,f612c99435db42498db928deed59b919,BUY,1,950.05,INTRADAY,MARKET,2023-05-22 15:10:00+05:30,cc430895572546cda3d94ac559854ef2,SELL,1,950.05,INTRADAY,MARKET,0.0,16.7,0.0,0.03,50016.70000000001,0.0
13,NSE_EQ:ICICIBANK,2023-05-23 10:15:00+05:30,e7d279050ad344d3a6cb928c6781c9cf,SELL,1,953.7,INTRADAY,MARKET,2023-05-23 15:10:00+05:30,0240ed9af966415c8aa123a23814ad3c,BUY,1,956.55,INTRADAY,MARKET,-2.85,13.85,-0.3,0.03,50013.85000000001,-0.01
14,NSE_EQ:ICICIBANK,2023-05-24 09:15:00+05:30,d6fd2d39e0414647a13e3f2745db739b,BUY,1,946.7,INTRADAY,MARKET,2023-05-24 15:10:00+05:30,9638dc80728d44a18e74648367ce7a81,SELL,1,949.1,INTRADAY,MARKET,2.4,16.25,0.25,0.03,50016.250000000015,-0.0
15,NSE_EQ:ICICIBANK,2023-05-26 11:15:00+05:30,c0508e7a60d84df383eb11cb679c7419,SELL,1,940.0,INTRADAY,MARKET,2023-05-26 15:10:00+05:30,4cf56272ae454797a2b5a61360aadb39,BUY,1,951.35,INTRADAY,MARKET,-11.35,4.9,-1.21,0.01,50004.900000000016,-0.02
16,NSE_EQ:ICICIBANK,2023-05-31 10:15:00+05:30,e4c03cf954a4408595fc7a2eb6aa1afd,BUY,1,946.15,INTRADAY,MARKET,2023-05-31 15:10:00+05:30,fef19eea5b1a400286ebca1defd39729,SELL,1,944.65,INTRADAY,MARKET,-1.5,3.4,-0.16,0.01,50003.400000000016,-0.03
17,NSE_EQ:ICICIBANK,2023-06-01 14:15:00+05:30,b869194d24094147afbea6c00ece2956,BUY,1,945.3,INTRADAY,MARKET,2023-06-01 15:10:00+05:30,1191dcf2322a4c18b140b9f78263f5ab,SELL,1,945.3,INTRADAY,MARKET,0.0,3.4,0.0,0.01,50003.400000000016,-0.03
18,NSE_EQ:ICICIBANK,2023-06-02 13:15:00+05:30,c07e734a54874dec9444afd3dc5fcac9,SELL,1,942.25,INTRADAY,MARKET,2023-06-02 14:15:00+05:30,6cd01bb4e25f4eee8160c6093e1e3451,BUY,1,940.2,INTRADAY,MARKET,2.05,5.45,0.22,0.01,50005.45000000002,-0.02
19,NSE_EQ:ICICIBANK,2023-06-02 14:15:00+05:30,466e2cc929e24c38b03512e3eaa0382f,BUY,1,940.2,INTRADAY,MARKET,2023-06-02 15:10:00+05:30,515e9af36eed44fca59d61d1d59afbfc,SELL,1,940.2,INTRADAY,MARKET,0.0,5.45,0.0,0.01,50005.45000000002,-0.02
20,NSE_EQ:ICICIBANK,2023-06-05 10:15:00+05:30,128d2f5a80fd48dcbc33d75e8e40d73c,SELL,1,947.5,INTRADAY,MARKET,2023-06-05 15:10:00+05:30,0bc234e1b19d424fa916746e7f30e205,BUY,1,949.25,INTRADAY,MARKET,-1.75,3.7,-0.18,0.01,50003.70000000002,-0.03
21,NSE_EQ:ICICIBANK,2023-06-06 10:15:00+05:30,b1d5e5daee7c4b349f49c85c5c5de8cb,BUY,1,940.8,INTRADAY,MARKET,2023-06-06 15:10:00+05:30,3ad403b829fb4622b229f66d49a781ae,SELL,1,940.25,INTRADAY,MARKET,-0.55,3.15,-0.06,0.01,50003.150000000016,-0.03
22,NSE_EQ:ICICIBANK,2023-06-07 09:15:00+05:30,3dfec37dd80e4af182a3cc470c7cb4ed,SELL,1,944.35,INTRADAY,MARKET,2023-06-07 10:15:00+05:30,4630c015e8ab416fa3e922774321bfd7,BUY,1,940.1,INTRADAY,MARKET,4.25,7.4,0.45,0.01,50007.400000000016,-0.02
23,NSE_EQ:ICICIBANK,2023-06-07 10:15:00+05:30,96a2d5cd9c914bb3bff7b0ddf85f2570,BUY,1,940.1,INTRADAY,MARKET,2023-06-07 15:10:00+05:30,5c34f55cce00426dbb3ea436d6a061f9,SELL,1,937.1,INTRADAY,MARKET,-3.0,4.4,-0.32,0.01,50004.400000000016,-0.02
24,NSE_EQ:ICICIBANK,2023-06-08 14:15:00+05:30,53f7663d2ca940f5917ffbd70ef5ba3a,BUY,1,942.6,INTRADAY,MARKET,2023-06-08 15:10:00+05:30,1f6c8eda228e4d28aa97d7cb5d81a7b5,SELL,1,942.6,INTRADAY,MARKET,0.0,4.4,0.0,0.01,50004.400000000016,-0.02
25,NSE_EQ:ICICIBANK,2023-06-09 11:15:00+05:30,bef4699ccf844a5a9903a68ea01fedd8,SELL,1,942.1,INTRADAY,MARKET,2023-06-09 13:15:00+05:30,ab73a457af9c4ef0b0d94aa1a67fac97,BUY,1,940.75,INTRADAY,MARKET,1.35,5.75,0.14,0.01,50005.750000000015,-0.02
26,NSE_EQ:ICICIBANK,2023-06-09 13:15:00+05:30,690c1f06f36d41359d1f4157ebaf513e,BUY,1,940.75,INTRADAY,MARKET,2023-06-09 15:10:00+05:30,57d9428cc2fc44a5b24304d445277c62,SELL,1,937.85,INTRADAY,MARKET,-2.9,2.85,-0.31,0.01,50002.85000000001,-0.03
27,NSE_EQ:ICICIBANK,2023-06-12 10:15:00+05:30,fdc5804dc0894d58ba16cbf22257a5fd,SELL,1,941.8,INTRADAY,MARKET,2023-06-12 13:15:00+05:30,752dd672aac74d99aab5f07b1cadbb82,BUY,1,937.7,INTRADAY,MARKET,4.1,6.95,0.44,0.01,50006.95000000001,-0.02
28,NSE_EQ:ICICIBANK,2023-06-12 13:15:00+05:30,9a93f2386fcd477ea4b745938016a769,BUY,1,937.7,INTRADAY,MARKET,2023-06-12 15:10:00+05:30,c3fe12a0f8b94fa6bee6ab7f79340f1f,SELL,1,937.3,INTRADAY,MARKET,-0.4,6.55,-0.04,0.01,50006.55000000001,-0.02
29,NSE_EQ:ICICIBANK,2023-06-13 11:15:00+05:30,96501bcb62ad4a91bbabbce8fac336ca,SELL,1,940.0,INTRADAY,MARKET,2023-06-13 13:15:00+05:30,4d4195069a9944abb05cb44956a4e0d1,BUY,1,938.3,INTRADAY,MARKET,1.7,8.25,0.18,0.02,50008.25000000001,-0.02
30,NSE_EQ:ICICIBANK,2023-06-13 13:15:00+05:30,59cb9a7919dc4ebbaa949c54a1ffa818,BUY,1,938.3,INTRADAY,MARKET,2023-06-13 15:10:00+05:30,9f0dfd23e747420980c5d9ffea2a93f9,SELL,1,938.05,INTRADAY,MARKET,-0.25,8.0,-0.03,0.02,50008.00000000001,-0.02
31,NSE_EQ:ICICIBANK,2023-06-14 11:15:00+05:30,4f494ae238ec4930b9de75c3f3e80fe5,BUY,1,937.3,INTRADAY,MARKET,2023-06-14 15:10:00+05:30,3212873194f44bb480df27781e4e5516,SELL,1,938.55,INTRADAY,MARKET,1.25,9.25,0.13,0.02,50009.25000000001,-0.01
32,NSE_EQ:ICICIBANK,2023-06-15 10:15:00+05:30,8e2b18190c7e46f9a30ffed37f77e1e2,BUY,1,938.65,INTRADAY,MARKET,2023-06-15 15:10:00+05:30,2c58bc8a29134efb89c9ded5436c82a6,SELL,1,929.85,INTRADAY,MARKET,-8.8,0.45,-0.94,0.0,50000.450000000004,-0.03
33,NSE_EQ:ICICIBANK,2023-06-19 10:15:00+05:30,580a18c086334a0c8e86d96ee5533517,BUY,1,926.7,INTRADAY,MARKET,2023-06-19 15:10:00+05:30,46c7eeadb7334114ba47e2d23e2b4e1a,SELL,1,920.8,INTRADAY,MARKET,-5.9,-5.45,-0.64,-0.01,49994.55,-0.04
34,NSE_EQ:ICICIBANK,2023-06-20 14:15:00+05:30,6c80a1b1c77f41b89bc1fc0b008648fb,SELL,1,920.9,INTRADAY,MARKET,2023-06-20 15:10:00+05:30,f116a04c25db4624915daefa37b8482a,BUY,1,920.9,INTRADAY,MARKET,-0.0,-5.45,-0.0,-0.01,49994.55,-0.04
35,NSE_EQ:ICICIBANK,2023-06-21 11:15:00+05:30,550cf13b2cc144cd9c42298eb63837f0,BUY,1,920.8,INTRADAY,MARKET,2023-06-21 13:15:00+05:30,3c7901eb44404a2db18c4f66cf3a5a98,SELL,1,922.95,INTRADAY,MARKET,2.15,-3.3,0.23,-0.01,49996.700000000004,-0.04
36,NSE_EQ:ICICIBANK,2023-06-21 13:15:00+05:30,478ada37da324b43876185fcd92fcefa,SELL,1,922.95,INTRADAY,MARKET,2023-06-21 15:10:00+05:30,c0adf65a274b49209cbdd80e7a0ca5e4,BUY,1,924.75,INTRADAY,MARKET,-1.8,-5.1,-0.2,-0.01,49994.9,-0.04
37,NSE_EQ:ICICIBANK,2023-06-26 10:15:00+05:30,fcb72e304ca24b91a7aebf85f0fcb627,SELL,1,927.0,INTRADAY,MARKET,2023-06-26 15:10:00+05:30,7912a88461c04495b7b97fe62928edb2,BUY,1,925.9,INTRADAY,MARKET,1.1,-4.0,0.12,-0.01,49996.0,-0.04
38,NSE_EQ:ICICIBANK,2023-06-27 10:15:00+05:30,34fdf9719f974eb29a3e428bed673f0b,BUY,1,923.6,INTRADAY,MARKET,2023-06-27 11:15:00+05:30,7edef5bcb7ad409bb9ca1f761967511f,SELL,1,926.8,INTRADAY,MARKET,3.2,-0.8,0.35,-0.0,49999.2,-0.03
39,NSE_EQ:ICICIBANK,2023-06-27 11:15:00+05:30,e659be725daa4014a643fb9eb29afc2a,SELL,1,926.8,INTRADAY,MARKET,2023-06-27 15:10:00+05:30,58cf34bf0e00465183952bebeaacfb26,BUY,1,929.8,INTRADAY,MARKET,-3.0,-3.8,-0.32,-0.01,49996.2,-0.04
40,NSE_EQ:ICICIBANK,2023-06-30 10:15:00+05:30,b6263481573d4b3bbc5d3f041bc18135,BUY,1,933.5,INTRADAY,MARKET,2023-06-30 15:10:00+05:30,e3e63eecd68a4d3fb02e044a3a816c4b,SELL,1,932.7,INTRADAY,MARKET,-0.8,-4.6,-0.09,-0.01,49995.399999999994,-0.04
41,NSE_EQ:ICICIBANK,2023-07-03 10:15:00+05:30,6a64035580ef4dc79f881f8b86b6a784,SELL,1,943.95,INTRADAY,MARKET,2023-07-03 15:10:00+05:30,105898279ead466ab2eb016b42432845,BUY,1,942.25,INTRADAY,MARKET,1.7,-2.9,0.18,-0.01,49997.09999999999,-0.04
42,NSE_EQ:ICICIBANK,2023-07-05 09:15:00+05:30,f0fb81231d654933880590eba409e513,BUY,1,942.05,INTRADAY,MARKET,2023-07-05 10:15:00+05:30,d9311407a4844564a714fb427e4500cc,SELL,1,961.55,INTRADAY,MARKET,19.5,16.6,2.07,0.03,50016.59999999999,-0.0
43,NSE_EQ:ICICIBANK,2023-07-05 10:15:00+05:30,a15189fef13442e8b8730c8db644a80c,SELL,1,961.55,INTRADAY,MARKET,2023-07-05 15:10:00+05:30,33b603c3499840ce93bdcc17348d09db,BUY,1,960.15,INTRADAY,MARKET,1.4,18.0,0.15,0.04,50017.99999999999,0.0
44,NSE_EQ:ICICIBANK,2023-07-06 13:15:00+05:30,3ac5cd4098a748218db9b07374ab5799,BUY,1,957.05,INTRADAY,MARKET,2023-07-06 15:10:00+05:30,386db4202c304e2088544799ee250023,SELL,1,958.6,INTRADAY,MARKET,1.55,19.55,0.16,0.04,50019.549999999996,0.0
45,NSE_EQ:ICICIBANK,2023-07-07 09:15:00+05:30,14a42174bda74d4c90bbc129ad071616,BUY,1,953.0,INTRADAY,MARKET,2023-07-07 15:10:00+05:30,2c57a69a2c8348bab96faf5a1c4f186e,SELL,1,950.1,INTRADAY,MARKET,-2.9,16.65,-0.3,0.03,50016.649999999994,-0.01
46,NSE_EQ:ICICIBANK,2023-07-11 10:15:00+05:30,ef2ce87440fe4610a617f57e0628413e,SELL,1,950.4,INTRADAY,MARKET,2023-07-11 13:15:00+05:30,8d9a804947b34a939b1ce324742a905c,BUY,1,949.25,INTRADAY,MARKET,1.15,17.8,0.12,0.04,50017.799999999996,-0.0
47,NSE_EQ:ICICIBANK,2023-07-11 13:15:00+05:30,624857a6e918400ea2bab336c7892f7b,BUY,1,949.25,INTRADAY,MARKET,2023-07-11 15:10:00+05:30,82318c939ed44fccba2ea2c4d27a1597,SELL,1,945.0,INTRADAY,MARKET,-4.25,13.55,-0.45,0.03,50013.549999999996,-0.01
48,NSE_EQ:ICICIBANK,2023-07-12 14:15:00+05:30,dd4e8ee262734fd294fec02c0f0cb045,SELL,1,947.1,INTRADAY,MARKET,2023-07-12 15:10:00+05:30,9fc95b0cfd594caa89653e7efa6869bf,BUY,1,947.1,INTRADAY,MARKET,-0.0,13.55,-0.0,0.03,50013.549999999996,-0.01
49,NSE_EQ:ICICIBANK,2023-07-13 10:15:00+05:30,e90efed805404fc0913ed4103bd9ec10,SELL,1,946.85,INTRADAY,MARKET,2023-07-13 15:10:00+05:30,598229f86cd741ebb464d7ba4d0ef9bc,BUY,1,957.5,INTRADAY,MARKET,-10.65,2.9,-1.12,0.01,50002.899999999994,-0.03
50,NSE_EQ:ICICIBANK,2023-07-14 14:15:00+05:30,8338b57681e940a1afd01738c07262c5,BUY,1,955.65,INTRADAY,MARKET,2023-07-14 15:10:00+05:30,b30b20ad4e3743d48714fc080d22d14f,SELL,1,955.65,INTRADAY,MARKET,0.0,2.9,0.0,0.01,50002.899999999994,-0.03
51,NSE_EQ:ICICIBANK,2023-07-17 11:15:00+05:30,3f940cc0c4ef4eb3a6f75dff1f42f97e,BUY,1,955.1,INTRADAY,MARKET,2023-07-17 14:15:00+05:30,096b8e41b66d4f6da8a2ede94c4fe341,SELL,1,958.35,INTRADAY,MARKET,3.25,6.15,0.34,0.01,50006.149999999994,-0.03
52,NSE_EQ:ICICIBANK,2023-07-17 14:15:00+05:30,c06a9c86d53149d8abeaedd1e7f4a3cd,SELL,1,958.35,INTRADAY,MARKET,2023-07-17 15:10:00+05:30,31d22acf55a24dd79a57633adbbb6049,BUY,1,958.35,INTRADAY,MARKET,-0.0,6.15,-0.0,0.01,50006.149999999994,-0.03
53,NSE_EQ:ICICIBANK,2023-07-19 10:15:00+05:30,b68833d68be14ece9f820a5cfeabaa98,BUY,1,973.75,INTRADAY,MARKET,2023-07-19 15:10:00+05:30,06a58d1cbf4f411faa3ea95b6098440e,SELL,1,972.35,INTRADAY,MARKET,-1.4,4.75,-0.14,0.01,50004.74999999999,-0.03
54,NSE_EQ:ICICIBANK,2023-07-24 14:15:00+05:30,24412bc9fdd64d95913f0362d03b2c34,BUY,1,992.55,INTRADAY,MARKET,2023-07-24 15:10:00+05:30,b81f0861efeb478e9082e76f9b44f2e4,SELL,1,992.55,INTRADAY,MARKET,0.0,4.75,0.0,0.01,50004.74999999999,-0.03
55,NSE_EQ:ICICIBANK,2023-07-26 09:15:00+05:30,0ba626d41b9c42d49716da5fa65ca2e4,SELL,1,993.1,INTRADAY,MARKET,2023-07-26 11:15:00+05:30,1bf3b83859804045b4b7354c84d77e17,BUY,1,991.7,INTRADAY,MARKET,1.4,6.15,0.14,0.01,50006.149999999994,-0.03
56,NSE_EQ:ICICIBANK,2023-07-26 11:15:00+05:30,10009b7b886b4b18bf3026fb0ea221a6,BUY,1,991.7,INTRADAY,MARKET,2023-07-26 15:10:00+05:30,ef35b78574504709933a96046d542fd7,SELL,1,992.65,INTRADAY,MARKET,0.95,7.1,0.1,0.01,50007.09999999999,-0.02
57,NSE_EQ:ICICIBANK,2023-07-27 12:15:00+05:30,955ad1f5c4c14d19b4918befb531991e,BUY,1,993.85,INTRADAY,MARKET,2023-07-27 15:10:00+05:30,eb2813222e6e4cf9b9bc3cb31db17f25,SELL,1,992.3,INTRADAY,MARKET,-1.55,5.55,-0.16,0.01,50005.54999999999,-0.03
58,NSE_EQ:ICICIBANK,2023-08-01 12:15:00+05:30,0217639bbd8846c3be845bd99f15cfef,BUY,1,995.45,INTRADAY,MARKET,2023-08-01 15:10:00+05:30,974c3562dcd4414a97f1f2735e17c913,SELL,1,991.4,INTRADAY,MARKET,-4.05,1.5,-0.41,0.0,50001.499999999985,-0.04
59,NSE_EQ:ICICIBANK,2023-08-02 09:15:00+05:30,cceb5c1e5524413e92ff7e4ef3d1b33d,SELL,1,985.25,INTRADAY,MARKET,2023-08-02 10:15:00+05:30,d628dee5745346cbadba05a4fc2fbd55,BUY,1,989.8,INTRADAY,MARKET,-4.55,-3.05,-0.46,-0.01,49996.94999999998,-0.05
60,NSE_EQ:ICICIBANK,2023-08-02 10:15:00+05:30,71fba23f4fef4049ad5d96be52149896,BUY,1,989.8,INTRADAY,MARKET,2023-08-02 15:10:00+05:30,b2b614db106d4c0c978ea3bf7569a7a0,SELL,1,979.45,INTRADAY,MARKET,-10.35,-13.4,-1.05,-0.03,49986.599999999984,-0.07
61,NSE_EQ:ICICIBANK,2023-08-04 12:15:00+05:30,78b813351fb044e09538e788bd04b6f7,SELL,1,973.6,INTRADAY,MARKET,2023-08-04 13:15:00+05:30,572b89680b4e48639f8426cfa0005a91,BUY,1,967.75,INTRADAY,MARKET,5.85,-7.55,0.6,-0.02,49992.44999999998,-0.05
62,NSE_EQ:ICICIBANK,2023-08-04 13:15:00+05:30,71c141d1a14a44a2a7531c01ce76726f,BUY,1,967.75,INTRADAY,MARKET,2023-08-04 15:10:00+05:30,ca699a9e4b2d41ddb59f035c717c80fa,SELL,1,967.6,INTRADAY,MARKET,-0.15,-7.7,-0.02,-0.02,49992.29999999998,-0.05
63,NSE_EQ:ICICIBANK,2023-08-09 10:15:00+05:30,be74a8c270b04f398f63506986e60f12,BUY,1,973.05,INTRADAY,MARKET,2023-08-09 15:10:00+05:30,250a431150c7447aac9335b8b773f232,SELL,1,968.6,INTRADAY,MARKET,-4.45,-12.15,-0.46,-0.02,49987.849999999984,-0.06
64,NSE_EQ:ICICIBANK,2023-08-10 09:15:00+05:30,1bb9fdd2ed264627a9444939d2b26545,SELL,1,971.55,INTRADAY,MARKET,2023-08-10 10:15:00+05:30,529309f09d5f45468f06e06a05996893,BUY,1,969.95,INTRADAY,MARKET,1.6,-10.55,0.16,-0.02,49989.44999999998,-0.06
65,NSE_EQ:ICICIBANK,2023-08-10 10:15:00+05:30,ed48c28ace2245359e6fca538e7b7f3a,BUY,1,969.95,INTRADAY,MARKET,2023-08-10 15:10:00+05:30,c070c7dc73b74c7487e573eb2ea360a8,SELL,1,965.9,INTRADAY,MARKET,-4.05,-14.6,-0.42,-0.03,49985.39999999998,-0.07
66,NSE_EQ:ICICIBANK,2023-08-14 13:15:00+05:30,ae3da116f28f4cdca587de786a7ee6e8,SELL,1,955.5,INTRADAY,MARKET,2023-08-14 15:10:00+05:30,251441ec3a6245a99299913b56926421,BUY,1,957.3,INTRADAY,MARKET,-1.8,-16.4,-0.19,-0.03,49983.59999999998,-0.07
67,NSE_EQ:ICICIBANK,2023-08-16 10:15:00+05:30,50a1396436a4417091ef291e33fa5342,BUY,1,954.95,INTRADAY,MARKET,2023-08-16 13:15:00+05:30,64f2815a284743b6ad3e4a0d2f14d369,SELL,1,958.0,INTRADAY,MARKET,3.05,-13.35,0.32,-0.03,49986.64999999998,-0.07
68,NSE_EQ:ICICIBANK,2023-08-16 13:15:00+05:30,6990c046986f48e582253938a28906de,SELL,1,958.0,INTRADAY,MARKET,2023-08-16 14:15:00+05:30,98629599131e4070812eb18e373317de,BUY,1,955.0,INTRADAY,MARKET,3.0,-10.35,0.31,-0.02,49989.64999999998,-0.06
69,NSE_EQ:ICICIBANK,2023-08-16 14:15:00+05:30,9d27ce9064204a1494773e89eb0a3a93,BUY,1,955.0,INTRADAY,MARKET,2023-08-16 15:10:00+05:30,fdc0fcd6fe8844db9d1d408a4740973d,SELL,1,955.0,INTRADAY,MARKET,0.0,-10.35,0.0,-0.02,49989.64999999998,-0.06
70,NSE_EQ:ICICIBANK,2023-08-17 10:15:00+05:30,c14cecc9b6574c2f9b1678689cc90ad5,BUY,1,951.8,INTRADAY,MARKET,2023-08-17 15:10:00+05:30,ecc8c8591955441698cf24a200ad11d0,SELL,1,949.1,INTRADAY,MARKET,-2.7,-13.05,-0.28,-0.03,49986.94999999998,-0.07
71,NSE_EQ:ICICIBANK,2023-08-18 10:15:00+05:30,f825ec13fca442eda9bc885f58fe8109,SELL,1,951.7,INTRADAY,MARKET,2023-08-18 14:15:00+05:30,7eae5f4c09964fc28315bc60983db9b7,BUY,1,950.9,INTRADAY,MARKET,0.8,-12.25,0.08,-0.02,49987.749999999985,-0.06
72,NSE_EQ:ICICIBANK,2023-08-18 14:15:00+05:30,df25d23e83944249be07e0a397f1ea49,BUY,1,950.9,INTRADAY,MARKET,2023-08-18 15:10:00+05:30,5130de0712c94048a8d13757f0856c66,SELL,1,950.9,INTRADAY,MARKET,0.0,-12.25,0.0,-0.02,49987.749999999985,-0.06
73,NSE_EQ:ICICIBANK,2023-08-21 10:15:00+05:30,2f7a23001ea34721a7036bec7c010907,SELL,1,952.1,INTRADAY,MARKET,2023-08-21 15:10:00+05:30,4354d9cd2072473782a1aa0f9c28817c,BUY,1,956.5,INTRADAY,MARKET,-4.4,-16.65,-0.46,-0.03,49983.349999999984,-0.07
74,NSE_EQ:ICICIBANK,2023-08-22 09:15:00+05:30,9d2339db16c24729b342aaa611e8eec7,BUY,1,956.4,INTRADAY,MARKET,2023-08-22 12:15:00+05:30,957229e53f604bdea605b17ba1e3b87b,SELL,1,954.45,INTRADAY,MARKET,-1.95,-18.6,-0.2,-0.04,49981.39999999999,-0.08
75,NSE_EQ:ICICIBANK,2023-08-22 12:15:00+05:30,bac6e43f2755479fa81d8bdbd24bedfd,SELL,1,954.45,INTRADAY,MARKET,2023-08-22 13:15:00+05:30,84ad50c557a1452e8c135f10f1111979,BUY,1,953.65,INTRADAY,MARKET,0.8,-17.8,0.08,-0.04,49982.19999999999,-0.07
76,NSE_EQ:ICICIBANK,2023-08-22 13:15:00+05:30,86f0942b04f1477b9cdbd8f418347737,BUY,1,953.65,INTRADAY,MARKET,2023-08-22 15:10:00+05:30,2bafadeedd214134a94ceab2545c604a,SELL,1,952.35,INTRADAY,MARKET,-1.3,-19.1,-0.14,-0.04,49980.89999999999,-0.08
77,NSE_EQ:ICICIBANK,2023-08-23 11:15:00+05:30,1d9dc7f4f19e4fc9b4b057b45865eba5,SELL,1,954.3,INTRADAY,MARKET,2023-08-23 15:10:00+05:30,5bc4b09478274e42ab294a336ab59849,BUY,1,967.1,INTRADAY,MARKET,-12.8,-31.9,-1.34,-0.06,49968.099999999984,-0.1
78,NSE_EQ:ICICIBANK,2023-08-25 09:15:00+05:30,fa8f55b49dda4466a68b67f953d63ea3,BUY,1,962.95,INTRADAY,MARKET,2023-08-25 13:15:00+05:30,5fc2ab65d1724bc6882d841789709dab,SELL,1,970.6,INTRADAY,MARKET,7.65,-24.25,0.79,-0.05,49975.749999999985,-0.09
79,NSE_EQ:ICICIBANK,2023-08-25 13:15:00+05:30,5319dddfffc941769c34a518e2bd7b3b,SELL,1,970.6,INTRADAY,MARKET,2023-08-25 15:10:00+05:30,5887ebc90920485791c0f48723643888,BUY,1,971.55,INTRADAY,MARKET,-0.95,-25.2,-0.1,-0.05,49974.79999999999,-0.09
80,NSE_EQ:ICICIBANK,2023-08-28 10:15:00+05:30,f68cfcfbf3b24e95ab0dc9c55c401252,BUY,1,967.1,INTRADAY,MARKET,2023-08-28 13:15:00+05:30,8ade796ceca14eddaaf92f17c2305dce,SELL,1,972.3,INTRADAY,MARKET,5.2,-20.0,0.54,-0.04,49979.999999999985,-0.08
81,NSE_EQ:ICICIBANK,2023-08-28 13:15:00+05:30,de1c608ce706479fa717fe5a112d6016,SELL,1,972.3,INTRADAY,MARKET,2023-08-28 15:10:00+05:30,dffe4e9379a145348876492f65b0ced7,BUY,1,973.55,INTRADAY,MARKET,-1.25,-21.25,-0.13,-0.04,49978.749999999985,-0.08
82,NSE_EQ:ICICIBANK,2023-08-29 13:15:00+05:30,b5c13c90201d43379e22bfe93a10e7d5,BUY,1,969.0,INTRADAY,MARKET,2023-08-29 15:10:00+05:30,e7a8be9bc71b4be1ae73b136a987531b,SELL,1,968.5,INTRADAY,MARKET,-0.5,-21.75,-0.05,-0.04,49978.249999999985,-0.08
83,NSE_EQ:ICICIBANK,2023-08-30 10:15:00+05:30,5f65599ef4d24a7ea8f517f177d08810,SELL,1,973.35,INTRADAY,MARKET,2023-08-30 12:15:00+05:30,3504c13687f7430484d974f7ce62bf41,BUY,1,968.85,INTRADAY,MARKET,4.5,-17.25,0.46,-0.03,49982.749999999985,-0.07
84,NSE_EQ:ICICIBANK,2023-08-30 12:15:00+05:30,9a6a6adf1bb5426e999b860cd6a55a27,BUY,1,968.85,INTRADAY,MARKET,2023-08-30 15:10:00+05:30,757455059fe1432eb693d6c969b6c343,SELL,1,966.4,INTRADAY,MARKET,-2.45,-19.7,-0.25,-0.04,49980.29999999999,-0.08
85,NSE_EQ:ICICIBANK,2023-09-01 13:15:00+05:30,b45a5d4c20f24fabbd82434d9e5375c6,SELL,1,963.2,INTRADAY,MARKET,2023-09-01 15:10:00+05:30,f4f3f25fad0a4361ab6d824d7f66f454,BUY,1,970.1,INTRADAY,MARKET,-6.9,-26.6,-0.72,-0.05,49973.39999999999,-0.09
86,NSE_EQ:ICICIBANK,2023-09-04 11:15:00+05:30,1fbbecf6c13e4a38bccbf3e2d50652c0,BUY,1,962.75,INTRADAY,MARKET,2023-09-04 13:15:00+05:30,c9a7992b4ec84103882216bb2a35abd0,SELL,1,964.95,INTRADAY,MARKET,2.2,-24.4,0.23,-0.05,49975.599999999984,-0.09
87,NSE_EQ:ICICIBANK,2023-09-04 13:15:00+05:30,d2589430789544a4bdfa5bac1c1d3b27,SELL,1,964.95,INTRADAY,MARKET,2023-09-04 15:10:00+05:30,18ddbe30084a4f6bbd5895af9a515f2d,BUY,1,966.1,INTRADAY,MARKET,-1.15,-25.55,-0.12,-0.05,49974.44999999998,-0.09
88,NSE_EQ:ICICIBANK,2023-09-05 12:15:00+05:30,efa21dac3ca84a4a9af485c353d24b8b,BUY,1,964.35,INTRADAY,MARKET,2023-09-05 15:10:00+05:30,eb36fd4089d1441eb5a62c539e9989b4,SELL,1,963.85,INTRADAY,MARKET,-0.5,-26.05,-0.05,-0.05,49973.94999999998,-0.09
89,NSE_EQ:ICICIBANK,2023-09-06 10:15:00+05:30,fa4f032b073e4197a090089e9b36ad7c,BUY,1,962.1,INTRADAY,MARKET,2023-09-06 15:10:00+05:30,ce98214a6e7b48df85ca9dd044408e50,SELL,1,954.65,INTRADAY,MARKET,-7.45,-33.5,-0.77,-0.07,49966.499999999985,-0.11
90,NSE_EQ:ICICIBANK,2023-09-07 11:15:00+05:30,74c06d03744842d5bff27661c7d77e31,SELL,1,964.15,INTRADAY,MARKET,2023-09-07 12:15:00+05:30,482ba6092d8d4832b511aae6cdd695dc,BUY,1,957.95,INTRADAY,MARKET,6.2,-27.3,0.64,-0.05,49972.69999999998,-0.09
91,NSE_EQ:ICICIBANK,2023-09-07 12:15:00+05:30,2c4bca07d3134154936277e8ea1314bd,BUY,1,957.95,INTRADAY,MARKET,2023-09-07 14:15:00+05:30,5a79689866eb4fed87ea52b9d06b41da,SELL,1,962.15,INTRADAY,MARKET,4.2,-23.1,0.44,-0.05,49976.89999999998,-0.09
92,NSE_EQ:ICICIBANK,2023-09-07 14:15:00+05:30,cdb821b6b62a4252bff3e91f644a584f,SELL,1,962.15,INTRADAY,MARKET,2023-09-07 15:10:00+05:30,724c7395865646c9b040f47a36eb39b6,BUY,1,962.15,INTRADAY,MARKET,-0.0,-23.1,-0.0,-0.05,49976.89999999998,-0.09
93,NSE_EQ:ICICIBANK,2023-09-13 10:15:00+05:30,cb364b784a2e4b888d99f3dc7763347d,BUY,1,984.3,INTRADAY,MARKET,2023-09-13 11:15:00+05:30,dfe58f83a4714901b410ade91ff4fffb,SELL,1,986.4,INTRADAY,MARKET,2.1,-21.0,0.21,-0.04,49978.99999999998,-0.08
94,NSE_EQ:ICICIBANK,2023-09-13 11:15:00+05:30,4a8f5748dc6a4d3190f73070e5ba8a57,SELL,1,986.4,INTRADAY,MARKET,2023-09-13 15:10:00+05:30,dfec78b2ecdb4603b6cd5b8628223544,BUY,1,989.75,INTRADAY,MARKET,-3.35,-24.35,-0.34,-0.05,49975.64999999998,-0.09
95,NSE_EQ:ICICIBANK,2023-09-14 10:15:00+05:30,a80ee5cdc764468ba2bdabb74352a948,BUY,1,987.2,INTRADAY,MARKET,2023-09-14 15:10:00+05:30,4b27e5199797465782600f6a2e266b40,SELL,1,984.35,INTRADAY,MARKET,-2.85,-27.2,-0.29,-0.05,49972.79999999998,-0.09
96,NSE_EQ:ICICIBANK,2023-09-18 10:15:00+05:30,0f701871cf154326b84b61d519fbb78e,BUY,1,991.25,INTRADAY,MARKET,2023-09-18 11:15:00+05:30,b9d1c8c318ce4b54b50f83e0a0d4d4ee,SELL,1,994.75,INTRADAY,MARKET,3.5,-23.7,0.35,-0.05,49976.29999999998,-0.09
97,NSE_EQ:ICICIBANK,2023-09-18 11:15:00+05:30,6f69ef759f4a499bbfecc0d369876f67,SELL,1,994.75,INTRADAY,MARKET,2023-09-18 12:15:00+05:30,eb081b512db6441f9f23e79240f101c2,BUY,1,990.7,INTRADAY,MARKET,4.05,-19.65,0.41,-0.04,49980.349999999984,-0.08
98,NSE_EQ:ICICIBANK,2023-09-18 12:15:00+05:30,ba3d66f726b449539775e472115b5730,BUY,1,990.7,INTRADAY,MARKET,2023-09-18 13:15:00+05:30,11fcd58f221e4f1ebe205cbbc1ecad40,SELL,1,993.3,INTRADAY,MARKET,2.6,-17.05,0.26,-0.03,49982.94999999998,-0.07
99,NSE_EQ:ICICIBANK,2023-09-18 13:15:00+05:30,233609c8ec7847be889998f65ad86159,SELL,1,993.3,INTRADAY,MARKET,2023-09-18 14:15:00+05:30,5a846606056e4d38a5a97e7a1f5b600d,BUY,1,991.8,INTRADAY,MARKET,1.5,-15.55,0.15,-0.03,49984.44999999998,-0.07
100,NSE_EQ:ICICIBANK,2023-09-18 14:15:00+05:30,1b6de56e1bf643dda3ddc6e0dc8294e6,BUY,1,991.8,INTRADAY,MARKET,2023-09-18 15:10:00+05:30,bcd6300a27794115a262217d0e6ca205,SELL,1,991.8,INTRADAY,MARKET,0.0,-15.55,0.0,-0.03,49984.44999999998,-0.07
101,NSE_EQ:ICICIBANK,2023-09-21 10:15:00+05:30,830ffb4af71e4af685c3b9fb01965555,BUY,1,964.95,INTRADAY,MARKET,2023-09-21 15:10:00+05:30,d50e1d57e8e54f10ab0b1115f354d7f7,SELL,1,960.6,INTRADAY,MARKET,-4.35,-19.9,-0.45,-0.04,49980.099999999984,-0.08
102,NSE_EQ:ICICIBANK,2023-09-25 13:15:00+05:30,7da73539a0f847ccb898be88d5f04f00,SELL,1,958.45,INTRADAY,MARKET,2023-09-25 15:10:00+05:30,1f3b74f465334f779024d0212da03b38,BUY,1,951.1,INTRADAY,MARKET,7.35,-12.55,0.77,-0.03,49987.44999999998,-0.06
103,NSE_EQ:ICICIBANK,2023-09-26 12:15:00+05:30,4b664b0cba7a45e3882a8c3df92151d7,BUY,1,953.15,INTRADAY,MARKET,2023-09-26 15:10:00+05:30,fd88b6de48ab420fb8e2cc0925332e88,SELL,1,952.0,INTRADAY,MARKET,-1.15,-13.7,-0.12,-0.03,49986.29999999998,-0.07
104,NSE_EQ:ICICIBANK,2023-09-28 10:15:00+05:30,ffe85affed1e44c585c8411ee06c01ea,SELL,1,943.55,INTRADAY,MARKET,2023-09-28 11:15:00+05:30,ce63d4b6091341239724b9f9a50465ad,BUY,1,935.5,INTRADAY,MARKET,8.05,-5.65,0.85,-0.01,49994.349999999984,-0.05
105,NSE_EQ:ICICIBANK,2023-09-28 11:15:00+05:30,d6dccb1f5cec4f64952ca334805a9187,BUY,1,935.5,INTRADAY,MARKET,2023-09-28 14:15:00+05:30,ed01d9d4fc7647e199d19a13fe5188c8,SELL,1,940.95,INTRADAY,MARKET,5.45,-0.2,0.58,-0.0,49999.79999999998,-0.04
106,NSE_EQ:ICICIBANK,2023-09-28 14:15:00+05:30,42629c8acb2442e1ad0116619663e8d4,SELL,1,940.95,INTRADAY,MARKET,2023-09-28 15:10:00+05:30,c212601820814dcbbb4a64da9421ac02,BUY,1,940.95,INTRADAY,MARKET,-0.0,-0.2,-0.0,-0.0,49999.79999999998,-0.04
107,NSE_EQ:ICICIBANK,2023-10-03 10:15:00+05:30,260ec94769b9423b9b9af8f345b44cc2,BUY,1,944.75,INTRADAY,MARKET,2023-10-03 15:10:00+05:30,ca05439b17b94c2aa8e9c576bdc90f00,SELL,1,939.55,INTRADAY,MARKET,-5.2,-5.4,-0.55,-0.01,49994.599999999984,-0.05
108,NSE_EQ:ICICIBANK,2023-10-05 09:15:00+05:30,d9adbc40deb44357aa2e2097a3f791c3,SELL,1,935.2,INTRADAY,MARKET,2023-10-05 15:10:00+05:30,da35563dcd574ea280b174df4bdbe3bb,BUY,1,939.3,INTRADAY,MARKET,-4.1,-9.5,-0.44,-0.02,49990.499999999985,-0.06
109,NSE_EQ:ICICIBANK,2023-10-06 13:15:00+05:30,bbd4f0d4d3c0497ab8ea8f7c34ddebcc,BUY,1,940.25,INTRADAY,MARKET,2023-10-06 14:15:00+05:30,96b2d4cea350475a82cf2263f4bafa73,SELL,1,943.8,INTRADAY,MARKET,3.55,-5.95,0.38,-0.01,49994.04999999999,-0.05
110,NSE_EQ:ICICIBANK,2023-10-06 14:15:00+05:30,61ff7cd9cb4a429e9f3d5534582fe821,SELL,1,943.8,INTRADAY,MARKET,2023-10-06 15:10:00+05:30,79b96a6aedfe44059dcdb5d3c8cf2bf8,BUY,1,943.8,INTRADAY,MARKET,-0.0,-5.95,-0.0,-0.01,49994.04999999999,-0.05
111,NSE_EQ:ICICIBANK,2023-10-09 10:15:00+05:30,2c75deacf9244be4a65f5b03ddc522fe,BUY,1,940.25,INTRADAY,MARKET,2023-10-09 15:10:00+05:30,126e43aa760647f586481db714e2d9f1,SELL,1,939.2,INTRADAY,MARKET,-1.05,-7.0,-0.11,-0.01,49992.999999999985,-0.05
112,NSE_EQ:ICICIBANK,2023-10-10 10:15:00+05:30,77d3c61824e54815a6caf6bf4efb75d4,SELL,1,945.35,INTRADAY,MARKET,2023-10-10 15:10:00+05:30,93032fb1d27f47928d47b0712dcf69c6,BUY,1,954.3,INTRADAY,MARKET,-8.95,-15.95,-0.95,-0.03,49984.04999999999,-0.07
113,NSE_EQ:ICICIBANK,2023-10-12 13:15:00+05:30,d13be2afd36f4f15a519fb0d416d8f69,BUY,1,952.5,INTRADAY,MARKET,2023-10-12 14:15:00+05:30,71e34d247afb432cb02736d796a292d4,SELL,1,955.8,INTRADAY,MARKET,3.3,-12.65,0.35,-0.03,49987.34999999999,-0.06
114,NSE_EQ:ICICIBANK,2023-10-12 14:15:00+05:30,81e3a946a0e84f858f84b0dd57c5f58d,SELL,1,955.8,INTRADAY,MARKET,2023-10-12 15:10:00+05:30,4de75f9f2f2d4dab9e3ed36f9553c86f,BUY,1,955.8,INTRADAY,MARKET,-0.0,-12.65,-0.0,-0.03,49987.34999999999,-0.06
115,NSE_EQ:ICICIBANK,2023-10-13 09:15:00+05:30,42908f40295443c8aae736e0d717c1db,SELL,1,949.95,INTRADAY,MARKET,2023-10-13 10:15:00+05:30,aac72a6f9b1843a78bb4bd931c3691ed,BUY,1,946.65,INTRADAY,MARKET,3.3,-9.35,0.35,-0.02,49990.649999999994,-0.06
116,NSE_EQ:ICICIBANK,2023-10-13 10:15:00+05:30,7341f0609f764cf28d5204c184febd75,BUY,1,946.65,INTRADAY,MARKET,2023-10-13 14:15:00+05:30,ee3e05541e0c4333b22aad657de43212,SELL,1,956.15,INTRADAY,MARKET,9.5,0.15,1.0,0.0,50000.149999999994,-0.04
117,NSE_EQ:ICICIBANK,2023-10-13 14:15:00+05:30,5e3da512321e47e4a62264ee72415968,SELL,1,956.15,INTRADAY,MARKET,2023-10-13 15:10:00+05:30,4f2b3a3807f04464b7b7279c6c326ecd,BUY,1,956.15,INTRADAY,MARKET,-0.0,0.15,-0.0,0.0,50000.149999999994,-0.04
118,NSE_EQ:ICICIBANK,2023-10-16 09:15:00+05:30,1ca77652574c4ff7827174ca2b4fe1d9,BUY,1,948.5,INTRADAY,MARKET,2023-10-16 12:15:00+05:30,5967f149ffc84cf0b1cabbd5e4c7386d,SELL,1,953.0,INTRADAY,MARKET,4.5,4.65,0.47,0.01,50004.649999999994,-0.03
119,NSE_EQ:ICICIBANK,2023-10-16 12:15:00+05:30,71d41bd4745642f697ca0a9a64ec1113,SELL,1,953.0,INTRADAY,MARKET,2023-10-16 14:15:00+05:30,a8bf3f8362614b0d967f10c370dee95f,BUY,1,950.05,INTRADAY,MARKET,2.95,7.6,0.31,0.02,50007.59999999999,-0.02
120,NSE_EQ:ICICIBANK,2023-10-16 14:15:00+05:30,8cda2d3a4919409abbf8ca39c615cf1d,BUY,1,950.05,INTRADAY,MARKET,2023-10-16 15:10:00+05:30,877b921ec0eb440b8e43da8946cb3fce,SELL,1,950.05,INTRADAY,MARKET,0.0,7.6,0.0,0.02,50007.59999999999,-0.02
121,NSE_EQ:ICICIBANK,2023-10-17 09:15:00+05:30,d9a31b2f92ce4435b3c4072ff9ce6af4,BUY,1,955.4,INTRADAY,MARKET,2023-10-17 10:15:00+05:30,3ab38a8c1d9d4778911a42b370299464,SELL,1,957.85,INTRADAY,MARKET,2.45,10.05,0.26,0.02,50010.04999999999,-0.02
122,NSE_EQ:ICICIBANK,2023-10-17 10:15:00+05:30,d98e3a5e56d6462798b151a1fdb53fa2,SELL,1,957.85,INTRADAY,MARKET,2023-10-17 15:10:00+05:30,52e9ba6d657d4bad933e24a6596a2562,BUY,1,954.3,INTRADAY,MARKET,3.55,13.6,0.37,0.03,50013.59999999999,-0.01
123,NSE_EQ:ICICIBANK,2023-10-23 10:15:00+05:30,e16b9e7a04dd426cbc4abc82a886266b,SELL,1,939.3,INTRADAY,MARKET,2023-10-23 15:10:00+05:30,b39c24dfa79d4987a0782f3f27cb83c8,BUY,1,940.85,INTRADAY,MARKET,-1.55,12.05,-0.17,0.02,50012.04999999999,-0.01
124,NSE_EQ:ICICIBANK,2023-10-27 09:15:00+05:30,2ad4393149d043198a77282b308e3d65,SELL,1,916.0,INTRADAY,MARKET,2023-10-27 15:10:00+05:30,862b73c7902144c08cf430d06e839d0a,BUY,1,914.1,INTRADAY,MARKET,1.9,13.95,0.21,0.03,50013.94999999999,-0.01
125,NSE_EQ:ICICIBANK,2023-10-31 14:15:00+05:30,65a884132c83466a9f7b42f3cf6c9ab0,BUY,1,920.75,INTRADAY,MARKET,2023-10-31 15:10:00+05:30,0394cfb9c5cc493084c7812f3b39e000,SELL,1,920.75,INTRADAY,MARKET,0.0,13.95,0.0,0.03,50013.94999999999,-0.01
