,INST,EN_TIME,EN_ID,EN_TT,EN_Q,EN_PRICE,EN_CODE,EN_VAR,EX_TIME,EX_ID,EX_TT,EX_Q,EX_PRICE,EX_CODE,EX_VAR,P&L,ROI,P&L %,ROI %,Equity Curve,Drawdown %
0,NSE_FO:BANKNIFTY05JAN2343000CE [LOCAL],2023-01-01 09:20:00+05:30,ffc59848f6624e81919254f18e98c990,BUY,15,362.05,INTRADAY,MARKET,2023-01-01 15:15:00+05:30,a86e48d72f7945e6bd23ae04b56702b2,SELL,15,362.05,INTRADAY,MARKET,0.0,0.0,0.0,0.0,50000.0,0.0
1,NSE_FO:BANKNIFTY05JAN2343200CE [LOCAL],2023-01-01 09:20:00+05:30,a3b10d5bc8154392bd5923abd307ba31,BUY,15,265.2,INTRADAY,MARKET,2023-01-01 15:15:00+05:30,9f1c25e3708c450a8835403465348bcf,SELL,15,265.2,INTRADAY,MARKET,0.0,0.0,0.0,0.0,50000.0,0.0
2,NSE_FO:BANKNIFTY05JAN2343200CE [LOCAL],2023-01-01 09:20:00+05:30,0980c83643bc4722a3b6e28ea72f0e48,SELL,15,265.2,INTRADAY,MARKET,2023-01-01 15:15:00+05:30,1a13efaa4ced43b1ac753aeb75c64b7e,BUY,15,265.2,INTRADAY,MARKET,-0.0,-0.0,-0.0,-0.0,50000.0,0.0
3,NSE_FO:BANKNIFTY05JAN2343000CE [LOCAL],2023-01-02 09:15:00+05:30,4debb7f95de840caa542e26a60660fad,BUY,15,360.05,INTRADAY,MARKET,2023-01-02 15:15:00+05:30,de23e62f170c491cab9f9405ff35f1a2,SELL,15,416.0,INTRADAY,MARKET,839.25,839.25,15.54,1.68,50839.25,0.0
4,NSE_FO:BANKNIFTY05JAN2343200CE [LOCAL],2023-01-02 09:15:00+05:30,058636e8a1c64fae8853d529c375216f,BUY,15,259.45,INTRADAY,MARKET,2023-01-02 15:15:00+05:30,55b59da976e446f18d6f625792164218,SELL,15,299.0,INTRADAY,MARKET,593.25,1432.5,15.24,2.86,51432.5,0.0
5,NSE_FO:BANKNIFTY05JAN2343200CE [LOCAL],2023-01-02 09:15:00+05:30,384d2a8c8e62433b98ce31e1b1af2c13,SELL,15,259.45,INTRADAY,MARKET,2023-01-02 15:15:00+05:30,09976ae61b414537a19f13d388d5fccf,BUY,15,299.0,INTRADAY,MARKET,-593.25,839.25,-15.24,1.68,50839.25,-1.15
6,NSE_FO:BANKNIFTY05JAN2343200CE [LOCAL],2023-01-03 09:15:00+05:30,3ba7adff52e6491aafbd9a27484f686f,BUY,15,310.55,INTRADAY,MARKET,2023-01-03 15:15:00+05:30,914d0314375d4617a4fae815cc858546,SELL,15,384.1,INTRADAY,MARKET,1103.25,1942.5,23.68,3.89,51942.5,0.0
7,NSE_FO:BANKNIFTY05JAN2343400CE [LOCAL],2023-01-03 09:15:00+05:30,f67df715d903446382489591d1ffe0f0,BUY,15,216.5,INTRADAY,MARKET,2023-01-03 15:15:00+05:30,1b4e6b3f1b0e4339a75fa73fb1c1d547,SELL,15,255.6,INTRADAY,MARKET,586.5,2529.0,18.06,5.06,52529.0,0.0
8,NSE_FO:BANKNIFTY05JAN2343400CE [LOCAL],2023-01-03 09:15:00+05:30,b1d8cd407afc419e8e3b1a988c92115c,SELL,15,216.5,INTRADAY,MARKET,2023-01-03 15:15:00+05:30,659c1f4cd7dc479894c60bf37cb304f5,BUY,15,255.6,INTRADAY,MARKET,-586.5,1942.5,-18.06,3.89,51942.5,-1.12
9,NSE_FO:BANKNIFTY05JAN2343400CE [LOCAL],2023-01-04 09:15:00+05:30,3b130cd95b1b4ae09f37b6f64ef9faa8,BUY,15,255.0,INTRADAY,MARKET,2023-01-04 15:15:00+05:30,4020d6e7a877476ea0b9267b4645f123,SELL,15,60.35,INTRADAY,MARKET,-2919.75,-977.25,-76.33,-1.95,49022.75,-6.67
10,NSE_FO:BANKNIFTY05JAN2343600CE [LOCAL],2023-01-04 09:15:00+05:30,6dbb003509e84567a547036fb4ca5e76,BUY,15,138.0,INTRADAY,MARKET,2023-01-04 15:15:00+05:30,ea6823a182274ba69971ddc4b8936b20,SELL,15,31.9,INTRADAY,MARKET,-1591.5,-2568.75,-76.88,-5.14,47431.25,-9.7
11,NSE_FO:BANKNIFTY05JAN2343600CE [LOCAL],2023-01-04 09:15:00+05:30,b8315fffc70a467cb0137f645c4484ae,SELL,15,138.0,INTRADAY,MARKET,2023-01-04 15:15:00+05:30,87705d03fca9424a93f4f2c2d7a2c970,BUY,15,31.9,INTRADAY,MARKET,1591.5,-977.25,76.88,-1.95,49022.75,-6.67
12,NSE_FO:BANKNIFTY05JAN2343100CE [LOCAL],2023-01-05 09:15:00+05:30,b359034b6d284573a8618b0f144bd47f,BUY,15,178.4,INTRADAY,MARKET,2023-01-05 15:15:00+05:30,359001bc840d43b6803b451aa88309db,SELL,15,0.35,INTRADAY,MARKET,-2670.75,-3648.0,-99.8,-7.3,46352.0,-11.76
13,NSE_FO:BANKNIFTY05JAN2343300CE [LOCAL],2023-01-05 09:15:00+05:30,ac58ccd246684574a0b9642321267a72,BUY,15,85.0,INTRADAY,MARKET,2023-01-05 15:15:00+05:30,012685b402b4468e96e91998aa69d91e,SELL,15,0.3,INTRADAY,MARKET,-1270.5,-4918.5,-99.65,-9.84,45081.5,-14.18
14,NSE_FO:BANKNIFTY05JAN2343300CE [LOCAL],2023-01-05 09:15:00+05:30,59bf6bee3f9246559581a7984f4f7120,SELL,15,85.0,INTRADAY,MARKET,2023-01-05 15:15:00+05:30,257e90290ffb44b4a8742761a190a557,BUY,15,0.3,INTRADAY,MARKET,1270.5,-3648.0,99.65,-7.3,46352.0,-11.76
15,NSE_FO:BANKNIFTY12JAN2342600CE [LOCAL],2023-01-06 09:15:00+05:30,638624883a534853931399156e716fe3,BUY,15,393.7,INTRADAY,MARKET,2023-01-06 15:15:00+05:30,9adff6ac44434bfca31ed41632790f34,SELL,15,188.9,INTRADAY,MARKET,-3072.0,-6720.0,-52.02,-13.44,43280.0,-17.61
16,NSE_FO:BANKNIFTY12JAN2342800CE [LOCAL],2023-01-06 09:15:00+05:30,24e9f1b90645418e8a7d9ba87b9aa506,BUY,15,288.0,INTRADAY,MARKET,2023-01-06 15:15:00+05:30,60272bbade824afeb509d2b1e2ad8604,SELL,15,130.25,INTRADAY,MARKET,-2366.25,-9086.25,-54.77,-18.17,40913.75,-22.11
17,NSE_FO:BANKNIFTY12JAN2342800CE [LOCAL],2023-01-06 09:15:00+05:30,d187de702c314f81bf16ed0187e671f8,SELL,15,288.0,INTRADAY,MARKET,2023-01-06 15:15:00+05:30,8d85d154a8454b9796543e48302cf9c8,BUY,15,130.25,INTRADAY,MARKET,2366.25,-6720.0,54.77,-13.44,43280.0,-17.61
18,NSE_FO:BANKNIFTY12JAN2342400CE [LOCAL],2023-01-09 09:15:00+05:30,3cd7975d12634deebc3de40972423987,BUY,15,295.15,INTRADAY,MARKET,2023-01-09 15:15:00+05:30,6e454e12ba4e473ea4b3eabcad21c0ae,SELL,15,397.5,INTRADAY,MARKET,1535.25,-5184.75,34.68,-10.37,44815.25,-14.68
19,NSE_FO:BANKNIFTY12JAN2342600CE [LOCAL],2023-01-09 09:15:00+05:30,a60f39d18936401baf971dcfa648b399,BUY,15,210.0,INTRADAY,MARKET,2023-01-09 15:15:00+05:30,d9d09e9e313d4cdaa086fbf0caacb8e4,SELL,15,278.35,INTRADAY,MARKET,1025.25,-4159.5,32.55,-8.32,45840.5,-12.73
20,NSE_FO:BANKNIFTY12JAN2342600CE [LOCAL],2023-01-09 09:15:00+05:30,eb0e8521b9894eb38266eae50f93923a,SELL,15,210.0,INTRADAY,MARKET,2023-01-09 15:15:00+05:30,fd1046234c9e48fc80b16e5865ae0b32,BUY,15,278.35,INTRADAY,MARKET,-1025.25,-5184.75,-32.55,-10.37,44815.25,-14.68
21,NSE_FO:BANKNIFTY12JAN2342600CE [LOCAL],2023-01-10 09:15:00+05:30,d883328712f54263a42c33360f87406b,BUY,15,272.2,INTRADAY,MARKET,2023-01-10 15:15:00+05:30,72590277df824639ae083c74e888e013,SELL,15,82.25,INTRADAY,MARKET,-2849.25,-8034.0,-69.78,-16.07,41966.0,-20.11
22,NSE_FO:BANKNIFTY12JAN2342800CE [LOCAL],2023-01-10 09:15:00+05:30,5187313c469d4bf6bcc79210af30d52e,BUY,15,170.0,INTRADAY,MARKET,2023-01-10 15:15:00+05:30,d8a0cb8ac89c40debbc5dbf4b77930c7,SELL,15,51.9,INTRADAY,MARKET,-1771.5,-9805.5,-69.47,-19.61,40194.5,-23.48
23,NSE_FO:BANKNIFTY12JAN2342800CE [LOCAL],2023-01-10 09:15:00+05:30,bb8a9bc6e97b40579af3be3583e0254c,SELL,15,170.0,INTRADAY,MARKET,2023-01-10 15:15:00+05:30,6a90aa9ae8ad4e0ab2b49bc51af7c885,BUY,15,51.9,INTRADAY,MARKET,1771.5,-8034.0,69.47,-16.07,41966.0,-20.11
24,NSE_FO:BANKNIFTY12JAN2342100CE [LOCAL],2023-01-11 09:15:00+05:30,d1ff2bd14a3248ec94267d9692c786d3,BUY,15,251.0,INTRADAY,MARKET,2023-01-11 15:15:00+05:30,335b6d97bb26442e9f0f4cfb0668b6ae,SELL,15,274.1,INTRADAY,MARKET,346.5,-7687.5,9.2,-15.38,42312.5,-19.45
25,NSE_FO:BANKNIFTY12JAN2342300CE [LOCAL],2023-01-11 09:15:00+05:30,e34d3e21b31a4b618187cab4c33bc24a,BUY,15,154.95,INTRADAY,MARKET,2023-01-11 15:15:00+05:30,470532f5821a44bcb5755a4bf8ff4f33,SELL,15,154.2,INTRADAY,MARKET,-11.25,-7698.75,-0.48,-15.4,42301.25,-19.47
26,NSE_FO:BANKNIFTY12JAN2342300CE [LOCAL],2023-01-11 09:15:00+05:30,7ba9cb9827de4618b397f8d8b478a2fb,SELL,15,154.95,INTRADAY,MARKET,2023-01-11 15:15:00+05:30,8dcbe2b0225d47cfaee361a42b10a8f8,BUY,15,154.2,INTRADAY,MARKET,11.25,-7687.5,0.48,-15.38,42312.5,-19.45
27,NSE_FO:BANKNIFTY12JAN2342200CE [LOCAL],2023-01-12 09:15:00+05:30,0fe90efe6bbf46338536fb943b05e603,BUY,15,204.1,INTRADAY,MARKET,2023-01-12 15:15:00+05:30,05598c6eb1174c57a41e2becb579a0fa,SELL,15,0.45,INTRADAY,MARKET,-3054.75,-10742.25,-99.78,-21.48,39257.75,-25.26
28,NSE_FO:BANKNIFTY12JAN2342400CE [LOCAL],2023-01-12 09:15:00+05:30,b5e607efc438486a9902bf645d05a11d,BUY,15,90.0,INTRADAY,MARKET,2023-01-12 15:15:00+05:30,0d03faa8fba340f1a82b4e86e1b9ea7b,SELL,15,0.2,INTRADAY,MARKET,-1347.0,-12089.25,-99.78,-24.18,37910.75,-27.83
29,NSE_FO:BANKNIFTY12JAN2342400CE [LOCAL],2023-01-12 09:15:00+05:30,5e398b97c5dc4b5f88d740dd0ffe0fea,SELL,15,90.0,INTRADAY,MARKET,2023-01-12 15:15:00+05:30,a40a9bb68fb7451d8ad872d526be5492,BUY,15,0.2,INTRADAY,MARKET,1347.0,-10742.25,99.78,-21.48,39257.75,-25.26
30,NSE_FO:BANKNIFTY19JAN2342200CE [LOCAL],2023-01-13 09:15:00+05:30,e913549e1cbd4f74bfcc354f486c9ffe,BUY,15,410.55,INTRADAY,MARKET,2023-01-13 15:15:00+05:30,f7f1d145dccb4cd1ab7264e6363e4cb0,SELL,15,442.5,INTRADAY,MARKET,479.25,-10263.0,7.78,-20.53,39737.0,-24.35
31,NSE_FO:BANKNIFTY19JAN2342400CE [LOCAL],2023-01-13 09:15:00+05:30,11b82e8067454e10ba8e85f8f191e48d,BUY,15,299.0,INTRADAY,MARKET,2023-01-13 15:15:00+05:30,8c794232693148998d5b3b7742c39aa5,SELL,15,323.6,INTRADAY,MARKET,369.0,-9894.0,8.23,-19.79,40106.0,-23.65
32,NSE_FO:BANKNIFTY19JAN2342400CE [LOCAL],2023-01-13 09:15:00+05:30,424a28ef79e144f6801afbd391b1efa1,SELL,15,299.0,INTRADAY,MARKET,2023-01-13 15:15:00+05:30,925dffa08dfb48beb79f35c6214ea6c3,BUY,15,323.6,INTRADAY,MARKET,-369.0,-10263.0,-8.23,-20.53,39737.0,-24.35
33,NSE_FO:BANKNIFTY19JAN2342600CE [LOCAL],2023-01-16 09:15:00+05:30,8457d97dbc4148be9826cdd578188548,BUY,15,255.05,INTRADAY,MARKET,2023-01-16 15:15:00+05:30,e437c98f609f43b4875d5fe867657208,SELL,15,126.35,INTRADAY,MARKET,-1930.5,-12193.5,-50.46,-24.39,37806.5,-28.03
34,NSE_FO:BANKNIFTY19JAN2342800CE [LOCAL],2023-01-16 09:15:00+05:30,38f343feaa7a4ee2848d94e0cd7daf66,BUY,15,182.05,INTRADAY,MARKET,2023-01-16 15:15:00+05:30,d6fd0aee6c614c1a97ed038dff99d830,SELL,15,78.85,INTRADAY,MARKET,-1548.0,-13741.5,-56.69,-27.48,36258.5,-30.97
35,NSE_FO:BANKNIFTY19JAN2342800CE [LOCAL],2023-01-16 09:15:00+05:30,b599196ad09b4b5d85d53c3e50a316eb,SELL,15,182.05,INTRADAY,MARKET,2023-01-16 15:15:00+05:30,e7a63bdd5b774d15a7fc37761c998b97,BUY,15,78.85,INTRADAY,MARKET,1548.0,-12193.5,56.69,-24.39,37806.5,-28.03
36,NSE_FO:BANKNIFTY19JAN2342200CE [LOCAL],2023-01-17 09:15:00+05:30,c3faaa6adf444be2b598ad19d46cb98a,BUY,15,319.95,INTRADAY,MARKET,2023-01-17 15:15:00+05:30,a29c61be31b44604a587b8bbdfa88470,SELL,15,261.7,INTRADAY,MARKET,-873.75,-13067.25,-18.21,-26.13,36932.75,-29.69
37,NSE_FO:BANKNIFTY19JAN2342400CE [LOCAL],2023-01-17 09:15:00+05:30,96fbc30cd3014938967324516b91d4e3,BUY,15,195.5,INTRADAY,MARKET,2023-01-17 15:15:00+05:30,4206baa8da27444683d89725acd51381,SELL,15,166.0,INTRADAY,MARKET,-442.5,-13509.75,-15.09,-27.02,36490.25,-30.53
38,NSE_FO:BANKNIFTY19JAN2342400CE [LOCAL],2023-01-17 09:15:00+05:30,87f2db6d8d2243ea8cf213557730e682,SELL,15,195.5,INTRADAY,MARKET,2023-01-17 15:15:00+05:30,0e4aed5b3ab847d0bc7ce5f4564291f0,BUY,15,166.0,INTRADAY,MARKET,442.5,-13067.25,15.09,-26.13,36932.75,-29.69
39,NSE_FO:BANKNIFTY19JAN2342300CE [LOCAL],2023-01-18 09:15:00+05:30,19252aabc5cf45b3bf2bd08a58a4dc82,BUY,15,220.0,INTRADAY,MARKET,2023-01-18 15:15:00+05:30,2302e45a20fc46cd89ba992651d81f07,SELL,15,233.5,INTRADAY,MARKET,202.5,-12864.75,6.14,-25.73,37135.25,-29.31
40,NSE_FO:BANKNIFTY19JAN2342500CE [LOCAL],2023-01-18 09:15:00+05:30,2b8a88bde9e44b6191bb9942c766d96f,BUY,15,114.7,INTRADAY,MARKET,2023-01-18 15:15:00+05:30,c6b5d2416f13437b89ceb919aedb6ca7,SELL,15,121.65,INTRADAY,MARKET,104.25,-12760.5,6.06,-25.52,37239.5,-29.11
41,NSE_FO:BANKNIFTY19JAN2342500CE [LOCAL],2023-01-18 09:15:00+05:30,12c29b2e4ad34afd8119c9d58ab6c6eb,SELL,15,114.7,INTRADAY,MARKET,2023-01-18 15:15:00+05:30,cbdc553e1399499e804f7b6ef7cefabe,BUY,15,121.65,INTRADAY,MARKET,-104.25,-12864.75,-6.06,-25.73,37135.25,-29.31
42,NSE_FO:BANKNIFTY19JAN2342400CE [LOCAL],2023-01-19 09:15:00+05:30,485f27e2d1854fa5bc3b32f0f0b43fa1,BUY,15,171.35,INTRADAY,MARKET,2023-01-19 15:15:00+05:30,5aa3d09617444049b8368667c2f39de5,SELL,15,0.2,INTRADAY,MARKET,-2567.25,-15432.0,-99.88,-30.86,34568.0,-34.19
43,NSE_FO:BANKNIFTY19JAN2342600CE [LOCAL],2023-01-19 09:15:00+05:30,ca47ea5f720c432895e1cddf530b82f4,BUY,15,60.0,INTRADAY,MARKET,2023-01-19 15:15:00+05:30,790c269b7ac4409da806f9913ffdbe81,SELL,15,0.15,INTRADAY,MARKET,-897.75,-16329.75,-99.75,-32.66,33670.25,-35.9
44,NSE_FO:BANKNIFTY19JAN2342600CE [LOCAL],2023-01-19 09:15:00+05:30,51432e212c7e4833a8f3a058996736bb,SELL,15,60.0,INTRADAY,MARKET,2023-01-19 15:15:00+05:30,6a094468a56f4b1a9d51f8d7d008d60f,BUY,15,0.15,INTRADAY,MARKET,897.75,-15432.0,99.75,-30.86,34568.0,-34.19
45,NSE_FO:BANKNIFTY25JAN2342500CE [LOCAL],2023-01-20 09:15:00+05:30,1b354817fa8642ee991d4932139d45bb,BUY,15,255.0,INTRADAY,MARKET,2023-01-20 15:15:00+05:30,562773236aa5446b9cb45581d161decf,SELL,15,290.0,INTRADAY,MARKET,525.0,-14907.0,13.73,-29.81,35093.0,-33.19
46,NSE_FO:BANKNIFTY25JAN2342700CE [LOCAL],2023-01-20 09:15:00+05:30,1c13f5d3ef894be49f6f0910cefd9fd9,BUY,15,159.65,INTRADAY,MARKET,2023-01-20 15:15:00+05:30,09641c9034ef40d696ccc367b84c298d,SELL,15,191.5,INTRADAY,MARKET,477.75,-14429.25,19.95,-28.86,35570.75,-32.28
47,NSE_FO:BANKNIFTY25JAN2342700CE [LOCAL],2023-01-20 09:15:00+05:30,15540ce5448c4cec99e99211ac3b0855,SELL,15,159.65,INTRADAY,MARKET,2023-01-20 15:15:00+05:30,cd9bc1eaea984cdc8279f2ba1a0fdf43,BUY,15,191.5,INTRADAY,MARKET,-477.75,-14907.0,-19.95,-29.81,35093.0,-33.19
48,NSE_FO:BANKNIFTY25JAN2342900CE [LOCAL],2023-01-23 09:15:00+05:30,f9fe1236aecf4717a097307e595e0f79,BUY,15,165.0,INTRADAY,MARKET,2023-01-23 15:15:00+05:30,9fb9b0dcface40af974a36c08c286b59,SELL,15,178.95,INTRADAY,MARKET,209.25,-14697.75,8.45,-29.4,35302.25,-32.79
49,NSE_FO:BANKNIFTY25JAN2343100CE [LOCAL],2023-01-23 09:15:00+05:30,085835283d86479d95058b1ae72da598,BUY,15,111.0,INTRADAY,MARKET,2023-01-23 15:15:00+05:30,8ec37d15d79d4871a6d1ccbaf466ef4a,SELL,15,95.45,INTRADAY,MARKET,-233.25,-14931.0,-14.01,-29.86,35069.0,-33.24
50,NSE_FO:BANKNIFTY25JAN2343100CE [LOCAL],2023-01-23 09:15:00+05:30,563d9a02d5424a6db4d71db465a7e5b3,SELL,15,111.0,INTRADAY,MARKET,2023-01-23 15:15:00+05:30,f7796fa863994528a381a3509161df04,BUY,15,95.45,INTRADAY,MARKET,233.25,-14697.75,14.01,-29.4,35302.25,-32.79
51,NSE_FO:BANKNIFTY25JAN2343000CE [LOCAL],2023-01-24 09:15:00+05:30,fbab4fb786284c8591db28f98b71f65a,BUY,15,145.0,INTRADAY,MARKET,2023-01-24 15:15:00+05:30,03e3ffd139e843ec80a19837aacd9a7e,SELL,15,52.5,INTRADAY,MARKET,-1387.5,-16085.25,-63.79,-32.17,33914.75,-35.44
52,NSE_FO:BANKNIFTY25JAN2343200CE [LOCAL],2023-01-24 09:15:00+05:30,2edbf7b3641c420d8b848227fee79c5f,BUY,15,81.7,INTRADAY,MARKET,2023-01-24 15:15:00+05:30,6609d690158e4da1887f59e7c7cf270e,SELL,15,17.15,INTRADAY,MARKET,-968.25,-17053.5,-79.01,-34.11,32946.5,-37.28
53,NSE_FO:BANKNIFTY25JAN2343200CE [LOCAL],2023-01-24 09:15:00+05:30,e12bd5b128ff45b598efb9fe321f73c9,SELL,15,81.7,INTRADAY,MARKET,2023-01-24 15:15:00+05:30,200b0d294a294e5c8736051ba220c4e9,BUY,15,17.15,INTRADAY,MARKET,968.25,-16085.25,79.01,-32.17,33914.75,-35.44
54,NSE_FO:BANKNIFTY25JAN2342700CE [LOCAL],2023-01-25 09:15:00+05:30,b1b37d266f5242a39d45e575054acd6e,BUY,15,158.0,INTRADAY,MARKET,2023-01-25 15:15:00+05:30,a0437258eba1420ca78fe3d91bfddbd4,SELL,15,0.25,INTRADAY,MARKET,-2366.25,-18451.5,-99.84,-36.9,31548.5,-39.94
55,NSE_FO:BANKNIFTY25JAN2342900CE [LOCAL],2023-01-25 09:15:00+05:30,21ee906cb15e478a83d5860ce454f4dd,BUY,15,60.0,INTRADAY,MARKET,2023-01-25 15:15:00+05:30,65cb19908e20401bb4fe53e0ac4ebde8,SELL,15,0.25,INTRADAY,MARKET,-896.25,-19347.75,-99.58,-38.7,30652.25,-41.65
56,NSE_FO:BANKNIFTY25JAN2342900CE [LOCAL],2023-01-25 09:15:00+05:30,3037cb4540da4bae9fa45f6a0ee32bb0,SELL,15,60.0,INTRADAY,MARKET,2023-01-25 15:15:00+05:30,3ca8704ea503496f9d9140e9da6fe249,BUY,15,0.25,INTRADAY,MARKET,896.25,-18451.5,99.58,-36.9,31548.5,-39.94
57,NSE_FO:BANKNIFTY02FEB2341400CE [LOCAL],2023-01-27 09:15:00+05:30,d45668bece7248ad9d2a9e00be534743,BUY,15,624.05,INTRADAY,MARKET,2023-01-27 15:15:00+05:30,472ca82462af4b129b6c619a4a938c67,SELL,15,224.1,INTRADAY,MARKET,-5999.25,-24450.75,-64.09,-48.9,25549.25,-51.36
58,NSE_FO:BANKNIFTY02FEB2341600CE [LOCAL],2023-01-27 09:15:00+05:30,41037fda80a94fb89649cfb4f6041167,BUY,15,499.0,INTRADAY,MARKET,2023-01-27 15:15:00+05:30,b451df71f46d4cc7829dc2f6b0b92858,SELL,15,181.85,INTRADAY,MARKET,-4757.25,-29208.0,-63.56,-58.42,20792.0,-60.42
59,NSE_FO:BANKNIFTY02FEB2341600CE [LOCAL],2023-01-27 09:15:00+05:30,f3f4ecffb2a44879981f7d23053ce7a5,SELL,15,499.0,INTRADAY,MARKET,2023-01-27 15:15:00+05:30,cdc59777e442494989f0d8b9dd78eafa,BUY,15,181.85,INTRADAY,MARKET,4757.25,-24450.75,63.56,-48.9,25549.25,-51.36
60,NSE_FO:BANKNIFTY02FEB2339900CE [LOCAL],2023-01-30 09:15:00+05:30,db15c96582f8422d8e7e116d39dfd137,BUY,15,737.7,INTRADAY,MARKET,2023-01-30 15:15:00+05:30,7278c18f033a4729885bdd283f17c369,SELL,15,962.65,INTRADAY,MARKET,3374.25,-21076.5,30.49,-42.15,28923.5,-44.94
61,NSE_FO:BANKNIFTY02FEB2340100CE [LOCAL],2023-01-30 09:15:00+05:30,3debf98de1f64d229d1b4c12575994cb,BUY,15,425.0,INTRADAY,MARKET,2023-01-30 15:15:00+05:30,814b41f48f844356b53d587657b4ecdd,SELL,15,822.35,INTRADAY,MARKET,5960.25,-15116.25,93.49,-30.23,34883.75,-33.59
62,NSE_FO:BANKNIFTY02FEB2340100CE [LOCAL],2023-01-30 09:15:00+05:30,f2ace32ffb97427c9648ce81496a043e,SELL,15,425.0,INTRADAY,MARKET,2023-01-30 15:15:00+05:30,424fd6bb243f476eba2573020e5a45cc,BUY,15,822.35,INTRADAY,MARKET,-5960.25,-21076.5,-93.49,-42.15,28923.5,-44.94
63,NSE_FO:BANKNIFTY02FEB2340600CE [LOCAL],2023-01-31 09:15:00+05:30,aac10415d1dc4b2ea42b7e128635af38,BUY,15,519.4,INTRADAY,MARKET,2023-01-31 15:15:00+05:30,0db5203d1e734933b69e67ac5868f87e,SELL,15,624.55,INTRADAY,MARKET,1577.25,-19499.25,20.24,-39.0,30500.75,-41.94
64,NSE_FO:BANKNIFTY02FEB2340800CE [LOCAL],2023-01-31 09:15:00+05:30,67771310f88e4b00b7d3592b89760799,BUY,15,440.25,INTRADAY,MARKET,2023-01-31 15:15:00+05:30,7c1a87f522534ed98ce4781c4c9779f4,SELL,15,509.75,INTRADAY,MARKET,1042.5,-18456.75,15.79,-36.91,31543.25,-39.95
65,NSE_FO:BANKNIFTY02FEB2340800CE [LOCAL],2023-01-31 09:15:00+05:30,54a16370997e4a4cb35b975a50c264c8,SELL,15,440.25,INTRADAY,MARKET,2023-01-31 15:15:00+05:30,584222f17d0f45a6996780d56b6192f7,BUY,15,509.75,INTRADAY,MARKET,-1042.5,-19499.25,-15.79,-39.0,30500.75,-41.94
66,NSE_FO:BANKNIFTY02FEB2341100CE [LOCAL],2023-02-01 09:15:00+05:30,c056d0acb9c14c19b87985d9fe6fd9d6,BUY,15,517.15,INTRADAY,MARKET,2023-02-01 15:15:00+05:30,bb95e0ce28534a11a795b4e90919d6a0,SELL,15,127.2,INTRADAY,MARKET,-5849.25,-25348.5,-75.4,-50.7,24651.5,-53.07
67,NSE_FO:BANKNIFTY02FEB2341300CE [LOCAL],2023-02-01 09:15:00+05:30,800a9d61154b40a29d38bab62b380fbc,BUY,15,424.75,INTRADAY,MARKET,2023-02-01 15:15:00+05:30,15f42070d184494f85dd5321d73acf26,SELL,15,86.6,INTRADAY,MARKET,-5072.25,-30420.75,-79.61,-60.84,19579.25,-62.73
68,NSE_FO:BANKNIFTY02FEB2341300CE [LOCAL],2023-02-01 09:15:00+05:30,b51846b4c44049379b473cc5d65763cb,SELL,15,424.75,INTRADAY,MARKET,2023-02-01 15:15:00+05:30,fd84e96127ef4c1384168d58ce442f37,BUY,15,86.6,INTRADAY,MARKET,5072.25,-25348.5,79.61,-50.7,24651.5,-53.07
69,NSE_FO:BANKNIFTY02FEB2339900CE [LOCAL],2023-02-02 09:15:00+05:30,2d042ab08f4f4cadbefeb9a671606302,BUY,15,324.8,INTRADAY,MARKET,2023-02-02 15:15:00+05:30,cd675cfec9e047b6b0e5408e51f46856,SELL,15,738.7,INTRADAY,MARKET,6208.5,-19140.0,127.43,-38.28,30860.0,-41.25
70,NSE_FO:BANKNIFTY02FEB2340100CE [LOCAL],2023-02-02 09:15:00+05:30,1b2b0276336040ee8470e797a9c3b4d8,BUY,15,199.95,INTRADAY,MARKET,2023-02-02 15:15:00+05:30,f65be14864bb4ec5add0c73f5bb8ac86,SELL,15,538.35,INTRADAY,MARKET,5076.0,-14064.0,169.24,-28.13,35936.0,-31.59
71,NSE_FO:BANKNIFTY02FEB2340100CE [LOCAL],2023-02-02 09:15:00+05:30,53a01e3bae52411baf7a947fd1903118,SELL,15,199.95,INTRADAY,MARKET,2023-02-02 15:15:00+05:30,8932f1a0c9a9472abcb5285f9451059d,BUY,15,538.35,INTRADAY,MARKET,-5076.0,-19140.0,-169.24,-38.28,30860.0,-41.25
72,NSE_FO:BANKNIFTY09FEB2341000CE [LOCAL],2023-02-03 09:15:00+05:30,c9bd8eb066cb44bdb7452edd099ccd8a,BUY,15,500.3,INTRADAY,MARKET,2023-02-03 15:15:00+05:30,370c1dba64f74f93a9591b2aac58b49b,SELL,15,731.0,INTRADAY,MARKET,3460.5,-15679.5,46.11,-31.36,34320.5,-34.66
73,NSE_FO:BANKNIFTY09FEB2341200CE [LOCAL],2023-02-03 09:15:00+05:30,0db1ae770ffc4edab3355e27919eaca6,BUY,15,479.9,INTRADAY,MARKET,2023-02-03 15:15:00+05:30,c00e1f8de43a4dc8a39f330551cccc3d,SELL,15,588.0,INTRADAY,MARKET,1621.5,-14058.0,22.53,-28.12,35942.0,-31.58
74,NSE_FO:BANKNIFTY09FEB2341200CE [LOCAL],2023-02-03 09:15:00+05:30,763ae3dfeaa74486ad354e7a592a23f5,SELL,15,479.9,INTRADAY,MARKET,2023-02-03 15:15:00+05:30,df0ae588759c4dfb87088d4cdf43bcd5,BUY,15,588.0,INTRADAY,MARKET,-1621.5,-15679.5,-22.53,-31.36,34320.5,-34.66
75,NSE_FO:BANKNIFTY09FEB2341500CE [LOCAL],2023-02-06 09:15:00+05:30,0048ce1416a54ea1a4d7cbb1fc261c98,BUY,15,410.05,INTRADAY,MARKET,2023-02-06 15:15:00+05:30,85b81561e6cb46d0812a145deba1e69f,SELL,15,299.2,INTRADAY,MARKET,-1662.75,-17342.25,-27.03,-34.68,32657.75,-37.83
76,NSE_FO:BANKNIFTY09FEB2341700CE [LOCAL],2023-02-06 09:15:00+05:30,75277535f92a4d4288af3c6d484f957a,BUY,15,308.4,INTRADAY,MARKET,2023-02-06 15:15:00+05:30,674a49f78cfc4a28a490b728b4156af0,SELL,15,213.35,INTRADAY,MARKET,-1425.75,-18768.0,-30.82,-37.54,31232.0,-40.54
77,NSE_FO:BANKNIFTY09FEB2341700CE [LOCAL],2023-02-06 09:15:00+05:30,ed7394b707074d95963a3fdb28cefd8c,SELL,15,308.4,INTRADAY,MARKET,2023-02-06 15:15:00+05:30,d359ba439b7a4a35b047592b0ee08c6b,BUY,15,213.35,INTRADAY,MARKET,1425.75,-17342.25,30.82,-34.68,32657.75,-37.83
78,NSE_FO:BANKNIFTY09FEB2341500CE [LOCAL],2023-02-07 09:15:00+05:30,6b0ed6417971446997701550fdc1b04b,BUY,15,343.4,INTRADAY,MARKET,2023-02-07 15:15:00+05:30,740ca8e94c3d4ddfb62d2dc0855dd2aa,SELL,15,291.95,INTRADAY,MARKET,-771.75,-18114.0,-14.98,-36.23,31886.0,-39.3
79,NSE_FO:BANKNIFTY09FEB2341700CE [LOCAL],2023-02-07 09:15:00+05:30,73e2ec50d6e944c497288ed88f7b71f3,BUY,15,171.25,INTRADAY,MARKET,2023-02-07 15:15:00+05:30,c4e27878c15e4469a3472a4617c2692e,SELL,15,197.8,INTRADAY,MARKET,398.25,-17715.75,15.5,-35.43,32284.25,-38.54
80,NSE_FO:BANKNIFTY09FEB2341700CE [LOCAL],2023-02-07 09:15:00+05:30,abeee3d4976f48a9b0a6c422c4194a64,SELL,15,171.25,INTRADAY,MARKET,2023-02-07 15:15:00+05:30,dbbc36eec608437da0a6a2482bba5a7f,BUY,15,197.8,INTRADAY,MARKET,-398.25,-18114.0,-15.5,-36.23,31886.0,-39.3
81,NSE_FO:BANKNIFTY09FEB2341500CE [LOCAL],2023-02-08 09:15:00+05:30,25bf260cb16a4e4e88ce5ca680aad103,BUY,15,299.0,INTRADAY,MARKET,2023-02-08 15:15:00+05:30,cf117ba9947f4ff2abca2cad41831315,SELL,15,235.55,INTRADAY,MARKET,-951.75,-19065.75,-21.22,-38.13,30934.25,-41.11
82,NSE_FO:BANKNIFTY09FEB2341700CE [LOCAL],2023-02-08 09:15:00+05:30,5d8f4edd81244369b0fb02abcdbcccb0,BUY,15,150.55,INTRADAY,MARKET,2023-02-08 15:15:00+05:30,58007af26f3e4d8287e5a8666c2bf090,SELL,15,134.65,INTRADAY,MARKET,-238.5,-19304.25,-10.56,-38.61,30695.75,-41.56
83,NSE_FO:BANKNIFTY09FEB2341700CE [LOCAL],2023-02-08 09:15:00+05:30,c18df05bc03e408f90834b564e43b4a1,SELL,15,150.55,INTRADAY,MARKET,2023-02-08 15:15:00+05:30,ecc1142481c24901984a20e3afcfae4d,BUY,15,134.65,INTRADAY,MARKET,238.5,-19065.75,10.56,-38.13,30934.25,-41.11
84,NSE_FO:BANKNIFTY09FEB2341600CE [LOCAL],2023-02-09 09:15:00+05:30,fb915e736e2c46e1838b7f50ce231313,BUY,15,198.0,INTRADAY,MARKET,2023-02-09 15:15:00+05:30,547eb29b4939431c88fc9a9a31cf6ac0,SELL,15,0.55,INTRADAY,MARKET,-2961.75,-22027.5,-99.72,-44.06,27972.5,-46.75
85,NSE_FO:BANKNIFTY09FEB2341800CE [LOCAL],2023-02-09 09:15:00+05:30,c0efa9e787304a3aad462540c92e9849,BUY,15,78.95,INTRADAY,MARKET,2023-02-09 15:15:00+05:30,6d251a06712941b1af48b1f7db70c824,SELL,15,0.2,INTRADAY,MARKET,-1181.25,-23208.75,-99.75,-46.42,26791.25,-49.0
86,NSE_FO:BANKNIFTY09FEB2341800CE [LOCAL],2023-02-09 09:15:00+05:30,a75930ee5f9d40249df11a0ff8d1f95d,SELL,15,78.95,INTRADAY,MARKET,2023-02-09 15:15:00+05:30,fa66bdc7a29b493b9083978ffd634751,BUY,15,0.2,INTRADAY,MARKET,1181.25,-22027.5,99.75,-44.06,27972.5,-46.75
87,NSE_FO:BANKNIFTY16FEB2341500CE [LOCAL],2023-02-10 09:15:00+05:30,f2f1f9919f77487c81125d7545b9c003,BUY,15,380.0,INTRADAY,MARKET,2023-02-10 15:15:00+05:30,9f3d161ffccc4d2eabae5e09dea5a43a,SELL,15,348.25,INTRADAY,MARKET,-476.25,-22503.75,-8.36,-45.01,27496.25,-47.66
88,NSE_FO:BANKNIFTY16FEB2341700CE [LOCAL],2023-02-10 09:15:00+05:30,d32e209e6d794e58b35df080be810fcc,BUY,15,299.0,INTRADAY,MARKET,2023-02-10 15:15:00+05:30,1f3e83869a2e45eb8063cfd7eca2fe0a,SELL,15,244.8,INTRADAY,MARKET,-813.0,-23316.75,-18.13,-46.63,26683.25,-49.2
89,NSE_FO:BANKNIFTY16FEB2341700CE [LOCAL],2023-02-10 09:15:00+05:30,c6386d5aca5748b6874a3da6bdbf4afc,SELL,15,299.0,INTRADAY,MARKET,2023-02-10 15:15:00+05:30,f85e8a9c3cd9429b8a0129acd131e30d,BUY,15,244.8,INTRADAY,MARKET,813.0,-22503.75,18.13,-45.01,27496.25,-47.66
90,NSE_FO:BANKNIFTY16FEB2341600CE [LOCAL],2023-02-13 09:15:00+05:30,2cdb0031fcb640f8afc4d439b68221fd,BUY,15,269.3,INTRADAY,MARKET,2023-02-13 15:15:00+05:30,018ab2adaebe43e28c1c805b2d4d1b8d,SELL,15,158.3,INTRADAY,MARKET,-1665.0,-24168.75,-41.22,-48.34,25831.25,-50.82
91,NSE_FO:BANKNIFTY16FEB2341800CE [LOCAL],2023-02-13 09:15:00+05:30,33c81773ef11407285c7baa377d32028,BUY,15,199.95,INTRADAY,MARKET,2023-02-13 15:15:00+05:30,0f88b3c546db482782116a82ea34d32b,SELL,15,98.1,INTRADAY,MARKET,-1527.75,-25696.5,-50.94,-51.39,24303.5,-53.73
92,NSE_FO:BANKNIFTY16FEB2341800CE [LOCAL],2023-02-13 09:15:00+05:30,8688d5ae723440faafccf4bc2751f80b,SELL,15,199.95,INTRADAY,MARKET,2023-02-13 15:15:00+05:30,b3afd3be147140aa98f4b95cb5a414e5,BUY,15,98.1,INTRADAY,MARKET,1527.75,-24168.75,50.94,-48.34,25831.25,-50.82
93,NSE_FO:BANKNIFTY16FEB2341400CE [LOCAL],2023-02-14 09:15:00+05:30,18bb9be4df524d8091956e42389b8248,BUY,15,256.35,INTRADAY,MARKET,2023-02-14 15:15:00+05:30,10ed4fd011984829b4f17d1d9c79a8f4,SELL,15,369.95,INTRADAY,MARKET,1704.0,-22464.75,44.31,-44.93,27535.25,-47.58
94,NSE_FO:BANKNIFTY16FEB2341600CE [LOCAL],2023-02-14 09:15:00+05:30,7300b8619e6a4c7f88379fd9a369afdd,BUY,15,156.55,INTRADAY,MARKET,2023-02-14 15:15:00+05:30,6ec2db7fea7d47f9bcfda51f84628bc8,SELL,15,243.35,INTRADAY,MARKET,1302.0,-21162.75,55.45,-42.33,28837.25,-45.1
95,NSE_FO:BANKNIFTY16FEB2341600CE [LOCAL],2023-02-14 09:15:00+05:30,7a99ad1f387e45b690877254caa88991,SELL,15,156.55,INTRADAY,MARKET,2023-02-14 15:15:00+05:30,29c96a6cff0c470ca9da5e5671cf020c,BUY,15,243.35,INTRADAY,MARKET,-1302.0,-22464.75,-55.45,-44.93,27535.25,-47.58
96,NSE_FO:BANKNIFTY16FEB2341700CE [LOCAL],2023-02-15 09:15:00+05:30,82334f39ccb04da8b65a0d45685c4582,BUY,15,205.25,INTRADAY,MARKET,2023-02-15 15:15:00+05:30,0f996727b6f945d38faafdd53c15f5ab,SELL,15,156.5,INTRADAY,MARKET,-731.25,-23196.0,-23.75,-46.39,26804.0,-48.97
97,NSE_FO:BANKNIFTY16FEB2341900CE [LOCAL],2023-02-15 09:15:00+05:30,0f9ac7582c6548e196b05b0b32e974a3,BUY,15,100.05,INTRADAY,MARKET,2023-02-15 15:15:00+05:30,c6ed1a9d93a946258770bab91dec4c5f,SELL,15,68.75,INTRADAY,MARKET,-469.5,-23665.5,-31.28,-47.33,26334.5,-49.87
98,NSE_FO:BANKNIFTY16FEB2341900CE [LOCAL],2023-02-15 09:15:00+05:30,b4f22bb9495e4d949175c213cf57a16c,SELL,15,100.05,INTRADAY,MARKET,2023-02-15 15:15:00+05:30,28eed0e95a894d3dbd01d2785c048272,BUY,15,68.75,INTRADAY,MARKET,469.5,-23196.0,31.28,-46.39,26804.0,-48.97
99,NSE_FO:BANKNIFTY16FEB2341900CE [LOCAL],2023-02-16 09:15:00+05:30,9fcca66fb0354ae9b801937c72098177,BUY,15,92.55,INTRADAY,MARKET,2023-02-16 15:15:00+05:30,396c19c066fa4d558d3d3f38849a8736,SELL,15,0.35,INTRADAY,MARKET,-1383.0,-24579.0,-99.62,-49.16,25421.0,-51.61
100,NSE_FO:BANKNIFTY16FEB2342100CE [LOCAL],2023-02-16 09:15:00+05:30,d755943f9528497cb6e44689469410af,BUY,15,45.0,INTRADAY,MARKET,2023-02-16 15:15:00+05:30,a6f58c58eb9349a49c5b3c6c996f615c,SELL,15,0.3,INTRADAY,MARKET,-670.5,-25249.5,-99.33,-50.5,24750.5,-52.88
101,NSE_FO:BANKNIFTY16FEB2342100CE [LOCAL],2023-02-16 09:15:00+05:30,fb8f748bdd1443f4b896ca66f087c98c,SELL,15,45.0,INTRADAY,MARKET,2023-02-16 15:15:00+05:30,4f02ba7e1b15469f985f6127a73608a4,BUY,15,0.3,INTRADAY,MARKET,670.5,-24579.0,99.33,-49.16,25421.0,-51.61
102,NSE_FO:BANKNIFTY23FEB2341500CE [LOCAL],2023-02-17 09:15:00+05:30,40d254fc89c44a4f9a4f181b295bc450,BUY,15,358.0,INTRADAY,MARKET,2023-02-17 15:15:00+05:30,87c79d1eeccb4755bba928a26264e87e,SELL,15,195.55,INTRADAY,MARKET,-2436.75,-27015.75,-45.38,-54.03,22984.25,-56.24
103,NSE_FO:BANKNIFTY23FEB2341700CE [LOCAL],2023-02-17 09:15:00+05:30,ff3a0706a6c244eeabe3c17e7955d75d,BUY,15,300.0,INTRADAY,MARKET,2023-02-17 15:15:00+05:30,72c156b72b054479b5f64a32b80c10e7,SELL,15,133.7,INTRADAY,MARKET,-2494.5,-29510.25,-55.43,-59.02,20489.75,-60.99
104,NSE_FO:BANKNIFTY23FEB2341700CE [LOCAL],2023-02-17 09:15:00+05:30,fc2d0416889645d0a1d7034379700938,SELL,15,300.0,INTRADAY,MARKET,2023-02-17 15:15:00+05:30,a89531498bf94123890c00a1c42348f4,BUY,15,133.7,INTRADAY,MARKET,2494.5,-27015.75,55.43,-54.03,22984.25,-56.24
105,NSE_FO:BANKNIFTY23FEB2341200CE [LOCAL],2023-02-20 09:15:00+05:30,3ca877e860d74bef80b6a292b9d5987e,BUY,15,343.05,INTRADAY,MARKET,2023-02-20 15:15:00+05:30,d9ce2c68f4b946d2991c15f72efd094b,SELL,15,125.0,INTRADAY,MARKET,-3270.75,-30286.5,-63.56,-60.57,19713.5,-62.47
106,NSE_FO:BANKNIFTY23FEB2341400CE [LOCAL],2023-02-20 09:15:00+05:30,ad25548972ad4d82b7b8421d85b0363a,BUY,15,222.15,INTRADAY,MARKET,2023-02-20 15:15:00+05:30,8e4dc386a5304764a7bbdd39d60e5b03,SELL,15,85.55,INTRADAY,MARKET,-2049.0,-32335.5,-61.49,-64.67,17664.5,-66.37
107,NSE_FO:BANKNIFTY23FEB2341400CE [LOCAL],2023-02-20 09:15:00+05:30,de9e00942d9041e98e1eadd12b25694c,SELL,15,222.15,INTRADAY,MARKET,2023-02-20 15:15:00+05:30,75444c590f0e40b188be5b63084e21ac,BUY,15,85.55,INTRADAY,MARKET,2049.0,-30286.5,61.49,-60.57,19713.5,-62.47
108,NSE_FO:BANKNIFTY23FEB2340800CE [LOCAL],2023-02-21 09:15:00+05:30,2a31ef66e1ab4c27bf254483f9541e18,BUY,15,297.35,INTRADAY,MARKET,2023-02-21 15:15:00+05:30,955acd7b1d0744a3a5f8a7e490e69edd,SELL,15,167.0,INTRADAY,MARKET,-1955.25,-32241.75,-43.84,-64.48,17758.25,-66.19
109,NSE_FO:BANKNIFTY23FEB2341000CE [LOCAL],2023-02-21 09:15:00+05:30,7fd057c55aa54cc4829600853b629806,BUY,15,200.25,INTRADAY,MARKET,2023-02-21 15:15:00+05:30,e14c9dd998f34bc1afc1a55fd9bcd5ec,SELL,15,99.1,INTRADAY,MARKET,-1517.25,-33759.0,-50.51,-67.52,16241.0,-69.08
110,NSE_FO:BANKNIFTY23FEB2341000CE [LOCAL],2023-02-21 09:15:00+05:30,bc26ef245261441d939b7f5da2d53670,SELL,15,200.25,INTRADAY,MARKET,2023-02-21 15:15:00+05:30,708d51f80fe0416cbfd848958f1f99ff,BUY,15,99.1,INTRADAY,MARKET,1517.25,-32241.75,50.51,-64.48,17758.25,-66.19
111,NSE_FO:BANKNIFTY23FEB2340500CE [LOCAL],2023-02-22 09:15:00+05:30,d79704d4d6e04f9cae7da30d3871399a,BUY,15,282.8,INTRADAY,MARKET,2023-02-22 15:15:00+05:30,5325d3826fcc47e480ad9430dee52386,SELL,15,36.9,INTRADAY,MARKET,-3688.5,-35930.25,-86.95,-71.86,14069.75,-73.22
112,NSE_FO:BANKNIFTY23FEB2340700CE [LOCAL],2023-02-22 09:15:00+05:30,acd6e4854f9c4853be48b3f08a143375,BUY,15,135.05,INTRADAY,MARKET,2023-02-22 15:15:00+05:30,2e5a2a7f168648b387488a68963f6ca0,SELL,15,20.25,INTRADAY,MARKET,-1722.0,-37652.25,-85.01,-75.3,12347.75,-76.49
113,NSE_FO:BANKNIFTY23FEB2340700CE [LOCAL],2023-02-22 09:15:00+05:30,bec2e7c6ecf1413882e729a12dc63a57,SELL,15,135.05,INTRADAY,MARKET,2023-02-22 15:15:00+05:30,4c6da86e753544b290ba456b3a4cd932,BUY,15,20.25,INTRADAY,MARKET,1722.0,-35930.25,85.01,-71.86,14069.75,-73.22
114,NSE_FO:BANKNIFTY23FEB2340000CE [LOCAL],2023-02-23 09:15:00+05:30,e0d9f78fe0734c5581dc9a3be6193545,BUY,15,199.7,INTRADAY,MARKET,2023-02-23 15:15:00+05:30,fa9f4e93461a4f619ab07130abd8c322,SELL,15,1.1,INTRADAY,MARKET,-2979.0,-38909.25,-99.45,-77.82,11090.75,-78.89
115,NSE_FO:BANKNIFTY23FEB2340200CE [LOCAL],2023-02-23 09:15:00+05:30,e74933d115774ea0a8e6eeec742c94bf,BUY,15,84.15,INTRADAY,MARKET,2023-02-23 15:15:00+05:30,ecb062cae4f744ce8b1a90d777cbc74d,SELL,15,0.45,INTRADAY,MARKET,-1255.5,-40164.75,-99.47,-80.33,9835.25,-81.28
116,NSE_FO:BANKNIFTY23FEB2340200CE [LOCAL],2023-02-23 09:15:00+05:30,cf0ce59a80b64bb0915dc3658c76cec2,SELL,15,84.15,INTRADAY,MARKET,2023-02-23 15:15:00+05:30,e78b147f518b4634be2a92f36ad53c2e,BUY,15,0.45,INTRADAY,MARKET,1255.5,-38909.25,99.47,-77.82,11090.75,-78.89
117,NSE_FO:BANKNIFTY02MAR2340300CE [LOCAL],2023-02-24 09:15:00+05:30,675b596987834210be587c14cf0556d3,BUY,15,316.85,INTRADAY,MARKET,2023-02-24 15:15:00+05:30,9a802c0f136d49a88e6673b25ca8d95e,SELL,15,178.0,INTRADAY,MARKET,-2082.75,-40992.0,-43.82,-81.98,9008.0,-82.85
118,NSE_FO:BANKNIFTY02MAR2340500CE [LOCAL],2023-02-24 09:15:00+05:30,b607226c2f944d09a4df5c55bf15d2c8,BUY,15,181.0,INTRADAY,MARKET,2023-02-24 15:15:00+05:30,af73c3b9a8144e49836f257b3f5e2949,SELL,15,117.95,INTRADAY,MARKET,-945.75,-41937.75,-34.83,-83.88,8062.25,-84.65
119,NSE_FO:BANKNIFTY02MAR2340500CE [LOCAL],2023-02-24 09:15:00+05:30,115828ebf6df4a7cb5f5ed73e76e43ac,SELL,15,181.0,INTRADAY,MARKET,2023-02-24 15:15:00+05:30,003b447659024fe599706524adead8a0,BUY,15,117.95,INTRADAY,MARKET,945.75,-40992.0,34.83,-81.98,9008.0,-82.85
120,NSE_FO:BANKNIFTY02MAR2339800CE [LOCAL],2023-02-27 09:15:00+05:30,3939e484570a4e11925c2bef4fa7c111,BUY,15,375.7,INTRADAY,MARKET,2023-02-27 15:15:00+05:30,e867cd3e556342539f2540bed853dab6,SELL,15,632.45,INTRADAY,MARKET,3851.25,-37140.75,68.34,-74.28,12859.25,-75.52
121,NSE_FO:BANKNIFTY02MAR2340000CE [LOCAL],2023-02-27 09:15:00+05:30,f1c80d57e02c4deebe611db7749e41dd,BUY,15,280.0,INTRADAY,MARKET,2023-02-27 15:15:00+05:30,51a6a1f1e290471cb768502219aaf70c,SELL,15,472.55,INTRADAY,MARKET,2888.25,-34252.5,68.77,-68.51,15747.5,-70.02
122,NSE_FO:BANKNIFTY02MAR2340000CE [LOCAL],2023-02-27 09:15:00+05:30,36e28471cfdd422dbc48f7e0461efd20,SELL,15,280.0,INTRADAY,MARKET,2023-02-27 15:15:00+05:30,c51fc90fb76148b597032e838eb0ac82,BUY,15,472.55,INTRADAY,MARKET,-2888.25,-37140.75,-68.77,-74.28,12859.25,-75.52
123,NSE_FO:BANKNIFTY02MAR2340300CE [LOCAL],2023-02-28 09:15:00+05:30,71188f0c6a5441cc8e8cbc1604cd663c,BUY,15,277.25,INTRADAY,MARKET,2023-02-28 15:15:00+05:30,ae197e4f64a44a469df90a63066c9c9a,SELL,15,277.25,INTRADAY,MARKET,0.0,-37140.75,0.0,-74.28,12859.25,-75.52
124,NSE_FO:BANKNIFTY02MAR2340500CE [LOCAL],2023-02-28 09:15:00+05:30,52b8cdd8eae54d528ea3ac94859b4d19,BUY,15,179.3,INTRADAY,MARKET,2023-02-28 15:15:00+05:30,63ad1e57ed66492095936aa3052f22e8,SELL,15,179.3,INTRADAY,MARKET,0.0,-37140.75,0.0,-74.28,12859.25,-75.52
125,NSE_FO:BANKNIFTY02MAR2340500CE [LOCAL],2023-02-28 09:15:00+05:30,ec499e44ff934fe286c9823e34b526c9,SELL,15,179.3,INTRADAY,MARKET,2023-02-28 15:15:00+05:30,363862fab2b743439e6c43f2d118f30c,BUY,15,179.3,INTRADAY,MARKET,-0.0,-37140.75,-0.0,-74.28,12859.25,-75.52
