,INST,EN_TIME,EN_ID,EN_TT,EN_Q,EN_PRICE,EN_CODE,EN_VAR,EX_TIME,EX_ID,EX_TT,EX_Q,EX_PRICE,EX_CODE,EX_VAR,P&L,ROI,P&L %,ROI %,Equity Curve,Drawdown %
0,NSE_FO:BANKNIFTY05JAN2343000CE [LOCAL],2023-01-01 09:20:00+05:30,43280ec762cc4d32be852b57f8b580ca,BUY,15,362.05,INTRADAY,MARKET,2023-01-01 15:15:00+05:30,a9f3c0215bfb4d2b9055385d3946d2c0,SELL,15,362.05,INTRADAY,MARKET,0.0,0.0,0.0,0.0,50000.0,0.0
1,NSE_FO:BANKNIFTY05JAN2343200CE [LOCAL],2023-01-01 09:20:00+05:30,7e2697427bff460b92ff406b6aaf2f40,BUY,15,265.2,INTRADAY,MARKET,2023-01-01 15:15:00+05:30,114a339fed3a4d2ab3dabeb1bf5bd29a,SELL,15,265.2,INTRADAY,MARKET,0.0,0.0,0.0,0.0,50000.0,0.0
2,NSE_FO:BANKNIFTY05JAN2343400CE [LOCAL],2023-01-01 09:20:00+05:30,72cc7a71738144dd8ec7d695715b2d9a,SELL,15,194.75,INTRADAY,MARKET,2023-01-01 15:15:00+05:30,e351244a0e15411d875dd2c6bcc0cc49,BUY,15,194.75,INTRADAY,MARKET,-0.0,-0.0,-0.0,-0.0,50000.0,0.0
3,NSE_FO:BANKNIFTY05JAN2343000CE [LOCAL],2023-01-02 09:15:00+05:30,0c464c5451e241749977a8be09bee0f3,BUY,15,360.05,INTRADAY,MARKET,2023-01-02 15:15:00+05:30,4fbf6489ce6747709bbdf239fa89e09a,SELL,15,416.0,INTRADAY,MARKET,839.25,839.25,15.54,1.68,50839.25,0.0
4,NSE_FO:BANKNIFTY05JAN2343200CE [LOCAL],2023-01-02 09:15:00+05:30,5f3555f1df9e46a1b189dfb76a9d8d48,BUY,15,259.45,INTRADAY,MARKET,2023-01-02 15:15:00+05:30,3ea62ce8526c479da7082acbbab61071,SELL,15,299.0,INTRADAY,MARKET,593.25,1432.5,15.24,2.86,51432.5,0.0
5,NSE_FO:BANKNIFTY05JAN2343400CE [LOCAL],2023-01-02 09:15:00+05:30,2512a8056ea7421f944c5a9736753d82,SELL,15,187.5,INTRADAY,MARKET,2023-01-02 15:15:00+05:30,aef529a5a4a24456903d62e896cecfe1,BUY,15,206.2,INTRADAY,MARKET,-280.5,1152.0,-9.97,2.3,51152.0,-0.55
6,NSE_FO:BANKNIFTY05JAN2343200CE [LOCAL],2023-01-03 09:15:00+05:30,94f689f5152f41e581e6f2c48814be69,BUY,15,310.55,INTRADAY,MARKET,2023-01-03 15:15:00+05:30,f96c63451f084d2a9f051333db47524f,SELL,15,384.1,INTRADAY,MARKET,1103.25,2255.25,23.68,4.51,52255.25,0.0
7,NSE_FO:BANKNIFTY05JAN2343400CE [LOCAL],2023-01-03 09:15:00+05:30,0c1c1ee90285474d90d84cbcc973bb40,BUY,15,216.5,INTRADAY,MARKET,2023-01-03 15:15:00+05:30,a5a59b640d844219bc02625e436a2317,SELL,15,255.6,INTRADAY,MARKET,586.5,2841.75,18.06,5.68,52841.75,0.0
8,NSE_FO:BANKNIFTY05JAN2343600CE [LOCAL],2023-01-03 09:15:00+05:30,c9a5435fdc6d4d298eee2bed20012347,SELL,15,134.0,INTRADAY,MARKET,2023-01-03 15:15:00+05:30,e873288cff68416db7de104e0f667404,BUY,15,156.05,INTRADAY,MARKET,-330.75,2511.0,-16.46,5.02,52511.0,-0.63
9,NSE_FO:BANKNIFTY05JAN2343400CE [LOCAL],2023-01-04 09:15:00+05:30,940b4ba7fbe247a3ba1fdd65eb4771da,BUY,15,255.0,INTRADAY,MARKET,2023-01-04 15:15:00+05:30,93d116e56b384272a18f52a27ce60758,SELL,15,60.35,INTRADAY,MARKET,-2919.75,-408.75,-76.33,-0.82,49591.25,-6.15
10,NSE_FO:BANKNIFTY05JAN2343600CE [LOCAL],2023-01-04 09:15:00+05:30,1434fa065978478e816858f8123c692b,BUY,15,138.0,INTRADAY,MARKET,2023-01-04 15:15:00+05:30,6a5fdfa0f33b4298a72dbe7b9ffecfed,SELL,15,31.9,INTRADAY,MARKET,-1591.5,-2000.25,-76.88,-4.0,47999.75,-9.16
11,NSE_FO:BANKNIFTY05JAN2343800CE [LOCAL],2023-01-04 09:15:00+05:30,a78cc05e510646379a769fb640857d7f,SELL,15,85.0,INTRADAY,MARKET,2023-01-04 15:15:00+05:30,2511a0221b9f4a399a224359ff5e6075,BUY,15,16.85,INTRADAY,MARKET,1022.25,-978.0,80.18,-1.96,49022.0,-7.23
12,NSE_FO:BANKNIFTY05JAN2343100CE [LOCAL],2023-01-05 09:15:00+05:30,9a4ff90551ef49cb92f69c6b5762e213,BUY,15,178.4,INTRADAY,MARKET,2023-01-05 15:15:00+05:30,db21cfb1e7324c77bf0a85ccd79dc6f0,SELL,15,0.35,INTRADAY,MARKET,-2670.75,-3648.75,-99.8,-7.3,46351.25,-12.28
13,NSE_FO:BANKNIFTY05JAN2343300CE [LOCAL],2023-01-05 09:15:00+05:30,bddba2dee78c479892b00e29de9066a0,BUY,15,85.0,INTRADAY,MARKET,2023-01-05 15:15:00+05:30,cfe953f7fd8d4a50aa38c20865742c6c,SELL,15,0.3,INTRADAY,MARKET,-1270.5,-4919.25,-99.65,-9.84,45080.75,-14.69
14,NSE_FO:BANKNIFTY05JAN2343500CE [LOCAL],2023-01-05 09:15:00+05:30,9989905b85b047cdb76a986a029141b8,SELL,15,39.95,INTRADAY,MARKET,2023-01-05 15:15:00+05:30,dc1fdaee8f30426ca5de2127c876ee62,BUY,15,0.3,INTRADAY,MARKET,594.75,-4324.5,99.25,-8.65,45675.5,-13.56
15,NSE_FO:BANKNIFTY12JAN2342600CE [LOCAL],2023-01-06 09:15:00+05:30,7137f922abd446d888aa3a32b4900e85,BUY,15,393.7,INTRADAY,MARKET,2023-01-06 15:15:00+05:30,f0357ad6442b4285b1467b90a7d20ea9,SELL,15,188.9,INTRADAY,MARKET,-3072.0,-7396.5,-52.02,-14.79,42603.5,-19.38
16,NSE_FO:BANKNIFTY12JAN2342800CE [LOCAL],2023-01-06 09:15:00+05:30,fc08e91c3445420d959b6536ad124f40,BUY,15,288.0,INTRADAY,MARKET,2023-01-06 15:15:00+05:30,924c88a1f9c74894962ebf9535b39baa,SELL,15,130.25,INTRADAY,MARKET,-2366.25,-9762.75,-54.77,-19.53,40237.25,-23.85
17,NSE_FO:BANKNIFTY12JAN2343000CE [LOCAL],2023-01-06 09:15:00+05:30,efee8b4e96204f2ca3472144b4d58200,SELL,15,200.95,INTRADAY,MARKET,2023-01-06 15:15:00+05:30,73246702befd49e9bfabd6b6b12d145c,BUY,15,87.75,INTRADAY,MARKET,1698.0,-8064.75,56.33,-16.13,41935.25,-20.64
18,NSE_FO:BANKNIFTY12JAN2342400CE [LOCAL],2023-01-09 09:15:00+05:30,7fea0da104154da495b1730478c671d2,BUY,15,295.15,INTRADAY,MARKET,2023-01-09 15:15:00+05:30,cd1a632e417b4920bb1de73ea23e5747,SELL,15,397.5,INTRADAY,MARKET,1535.25,-6529.5,34.68,-13.06,43470.5,-17.73
19,NSE_FO:BANKNIFTY12JAN2342600CE [LOCAL],2023-01-09 09:15:00+05:30,f89cc5b64c804ace8b1dac624dcc795f,BUY,15,210.0,INTRADAY,MARKET,2023-01-09 15:15:00+05:30,971dbde7d8874ced99c01f734fbc8c4d,SELL,15,278.35,INTRADAY,MARKET,1025.25,-5504.25,32.55,-11.01,44495.75,-15.79
20,NSE_FO:BANKNIFTY12JAN2342800CE [LOCAL],2023-01-09 09:15:00+05:30,79b122a760bb4095b58de6ca69b6691f,SELL,15,170.1,INTRADAY,MARKET,2023-01-09 15:15:00+05:30,92868dfe518f496fa7ae77358160fd98,BUY,15,184.75,INTRADAY,MARKET,-219.75,-5724.0,-8.61,-11.45,44276.0,-16.21
21,NSE_FO:BANKNIFTY12JAN2342600CE [LOCAL],2023-01-10 09:15:00+05:30,3f77f9acf88e491283aacca66b5f3832,BUY,15,272.2,INTRADAY,MARKET,2023-01-10 15:15:00+05:30,414a161f528544a78bc64826472202df,SELL,15,82.25,INTRADAY,MARKET,-2849.25,-8573.25,-69.78,-17.15,41426.75,-21.6
22,NSE_FO:BANKNIFTY12JAN2342800CE [LOCAL],2023-01-10 09:15:00+05:30,1f80b8c7a59a46f1a0fe93af2f257754,BUY,15,170.0,INTRADAY,MARKET,2023-01-10 15:15:00+05:30,1e9ad7a438834f80b5b14fa7204f3fcf,SELL,15,51.9,INTRADAY,MARKET,-1771.5,-10344.75,-69.47,-20.69,39655.25,-24.95
23,NSE_FO:BANKNIFTY12JAN2343000CE [LOCAL],2023-01-10 09:15:00+05:30,14958ddbf019476c85af61016d1e1b56,SELL,15,96.3,INTRADAY,MARKET,2023-01-10 15:15:00+05:30,f5ca3c26a7f048b2a4fdc6bd79a76dc2,BUY,15,33.05,INTRADAY,MARKET,948.75,-9396.0,65.68,-18.79,40604.0,-23.16
24,NSE_FO:BANKNIFTY12JAN2342100CE [LOCAL],2023-01-11 09:15:00+05:30,27a90b495f6548b8b381f1748ae5fb53,BUY,15,251.0,INTRADAY,MARKET,2023-01-11 15:15:00+05:30,3d577bc1cb0f44fea6674af09ac176cf,SELL,15,274.1,INTRADAY,MARKET,346.5,-9049.5,9.2,-18.1,40950.5,-22.5
25,NSE_FO:BANKNIFTY12JAN2342300CE [LOCAL],2023-01-11 09:15:00+05:30,a0b35e018e1f4cad8c5775476fc71862,BUY,15,154.95,INTRADAY,MARKET,2023-01-11 15:15:00+05:30,27f7972390534270b67db8c0eb110f28,SELL,15,154.2,INTRADAY,MARKET,-11.25,-9060.75,-0.48,-18.12,40939.25,-22.52
26,NSE_FO:BANKNIFTY12JAN2342500CE [LOCAL],2023-01-11 09:15:00+05:30,cca91f440afa4999b0a9f18f8212d644,SELL,15,95.0,INTRADAY,MARKET,2023-01-11 15:15:00+05:30,b0892bdb28bf415b8df82173e219762d,BUY,15,76.25,INTRADAY,MARKET,281.25,-8779.5,19.74,-17.56,41220.5,-21.99
27,NSE_FO:BANKNIFTY12JAN2342200CE [LOCAL],2023-01-12 09:15:00+05:30,de555d679da7437194195adadef056f7,BUY,15,204.1,INTRADAY,MARKET,2023-01-12 15:15:00+05:30,d439401e31e04ef891cf924c0f6a05a5,SELL,15,0.45,INTRADAY,MARKET,-3054.75,-11834.25,-99.78,-23.67,38165.75,-27.77
28,NSE_FO:BANKNIFTY12JAN2342400CE [LOCAL],2023-01-12 09:15:00+05:30,96440b91c5664976bf1b0df7b3c4230b,BUY,15,90.0,INTRADAY,MARKET,2023-01-12 15:15:00+05:30,1526829fff5f460abc6cbea92e787b35,SELL,15,0.2,INTRADAY,MARKET,-1347.0,-13181.25,-99.78,-26.36,36818.75,-30.32
29,NSE_FO:BANKNIFTY12JAN2342600CE [LOCAL],2023-01-12 09:15:00+05:30,cde4c8c15e45466491a28ae432902a9e,SELL,15,45.0,INTRADAY,MARKET,2023-01-12 15:15:00+05:30,cdfb27234f1241bc9cf14246140dd0da,BUY,15,0.2,INTRADAY,MARKET,672.0,-12509.25,99.56,-25.02,37490.75,-29.05
30,NSE_FO:BANKNIFTY19JAN2342200CE [LOCAL],2023-01-13 09:15:00+05:30,0c571930d29f47d097ed94fdcb55205c,BUY,15,410.55,INTRADAY,MARKET,2023-01-13 15:15:00+05:30,2d1d4ccb90c74a368a4dbac85011489e,SELL,15,442.5,INTRADAY,MARKET,479.25,-12030.0,7.78,-24.06,37970.0,-28.14
31,NSE_FO:BANKNIFTY19JAN2342400CE [LOCAL],2023-01-13 09:15:00+05:30,4ce6d3418ea046229735ee37e70a7d3b,BUY,15,299.0,INTRADAY,MARKET,2023-01-13 15:15:00+05:30,5c00c92c74564023997b9f3e15d1530a,SELL,15,323.6,INTRADAY,MARKET,369.0,-11661.0,8.23,-23.32,38339.0,-27.45
32,NSE_FO:BANKNIFTY19JAN2342600CE [LOCAL],2023-01-13 09:15:00+05:30,77a085675601429f8e79cb79b5e89ae2,SELL,15,189.15,INTRADAY,MARKET,2023-01-13 15:15:00+05:30,af8a89885ea74cd2a648797059ae4558,BUY,15,226.3,INTRADAY,MARKET,-557.25,-12218.25,-19.64,-24.44,37781.75,-28.5
33,NSE_FO:BANKNIFTY19JAN2342600CE [LOCAL],2023-01-16 09:15:00+05:30,ae61795cc565408890cb100f39e7964c,BUY,15,255.05,INTRADAY,MARKET,2023-01-16 15:15:00+05:30,2811164ad2c14f9c8b7b2b7c5162b892,SELL,15,126.35,INTRADAY,MARKET,-1930.5,-14148.75,-50.46,-28.3,35851.25,-32.15
34,NSE_FO:BANKNIFTY19JAN2342800CE [LOCAL],2023-01-16 09:15:00+05:30,339fb16f9ed34030a002391bc0a3df44,BUY,15,182.05,INTRADAY,MARKET,2023-01-16 15:15:00+05:30,dc7f394f2b054b72bc4c01336efd5edf,SELL,15,78.85,INTRADAY,MARKET,-1548.0,-15696.75,-56.69,-31.39,34303.25,-35.08
35,NSE_FO:BANKNIFTY19JAN2343000CE [LOCAL],2023-01-16 09:15:00+05:30,c7502325057146e58fc4bad7786c3764,SELL,15,110.0,INTRADAY,MARKET,2023-01-16 15:15:00+05:30,929086dbe355409eb27126815e424c47,BUY,15,47.8,INTRADAY,MARKET,933.0,-14763.75,56.55,-29.53,35236.25,-33.32
36,NSE_FO:BANKNIFTY19JAN2342200CE [LOCAL],2023-01-17 09:15:00+05:30,bc2449b53ce1417e928ba72b90fdccbd,BUY,15,319.95,INTRADAY,MARKET,2023-01-17 15:15:00+05:30,d9e46c09b4f144edb210ab2f37b2cc3f,SELL,15,261.7,INTRADAY,MARKET,-873.75,-15637.5,-18.21,-31.28,34362.5,-34.97
37,NSE_FO:BANKNIFTY19JAN2342400CE [LOCAL],2023-01-17 09:15:00+05:30,3b2ba524ab4e4e669eec9ef5ad37faeb,BUY,15,195.5,INTRADAY,MARKET,2023-01-17 15:15:00+05:30,91f6d8f1a2a4413eb65861deb32cc3a3,SELL,15,166.0,INTRADAY,MARKET,-442.5,-16080.0,-15.09,-32.16,33920.0,-35.81
38,NSE_FO:BANKNIFTY19JAN2342600CE [LOCAL],2023-01-17 09:15:00+05:30,c444fbd705a3438bac6198a31e571bff,SELL,15,140.05,INTRADAY,MARKET,2023-01-17 15:15:00+05:30,279baed950344d3eaa9c7d3b049014d6,BUY,15,99.95,INTRADAY,MARKET,601.5,-15478.5,28.63,-30.96,34521.5,-34.67
39,NSE_FO:BANKNIFTY19JAN2342300CE [LOCAL],2023-01-18 09:15:00+05:30,85f58db81aad410c9a821279971bd159,BUY,15,220.0,INTRADAY,MARKET,2023-01-18 15:15:00+05:30,52203041755d4c1eabe16d7e6cb6e429,SELL,15,233.5,INTRADAY,MARKET,202.5,-15276.0,6.14,-30.55,34724.0,-34.29
40,NSE_FO:BANKNIFTY19JAN2342500CE [LOCAL],2023-01-18 09:15:00+05:30,9401c4fb21774d05bfcd64d4051a4a39,BUY,15,114.7,INTRADAY,MARKET,2023-01-18 15:15:00+05:30,e0d09597340042cd9f1aa013dc52d26b,SELL,15,121.65,INTRADAY,MARKET,104.25,-15171.75,6.06,-30.34,34828.25,-34.09
41,NSE_FO:BANKNIFTY19JAN2342700CE [LOCAL],2023-01-18 09:15:00+05:30,b204a96ae0764fb38e57e592fcdb8305,SELL,15,78.0,INTRADAY,MARKET,2023-01-18 15:15:00+05:30,ed43e21288004cfb8edf42cdbff7d16d,BUY,15,52.7,INTRADAY,MARKET,379.5,-14792.25,32.44,-29.58,35207.75,-33.37
42,NSE_FO:BANKNIFTY19JAN2342400CE [LOCAL],2023-01-19 09:15:00+05:30,b3edf5515f224ec6a861c957591004d1,BUY,15,171.35,INTRADAY,MARKET,2023-01-19 15:15:00+05:30,2e61712455e1451cadb3345dfd913daf,SELL,15,0.2,INTRADAY,MARKET,-2567.25,-17359.5,-99.88,-34.72,32640.5,-38.23
43,NSE_FO:BANKNIFTY19JAN2342600CE [LOCAL],2023-01-19 09:15:00+05:30,c16a2d42bc9d49178c59b2c72d38501c,BUY,15,60.0,INTRADAY,MARKET,2023-01-19 15:15:00+05:30,0587d44862124a549a92d5631c3b6079,SELL,15,0.15,INTRADAY,MARKET,-897.75,-18257.25,-99.75,-36.51,31742.75,-39.93
44,NSE_FO:BANKNIFTY19JAN2342800CE [LOCAL],2023-01-19 09:15:00+05:30,78b84725a3e9472d82a1fea802098281,SELL,15,22.0,INTRADAY,MARKET,2023-01-19 15:15:00+05:30,79d0bd6fe00441af8eaa38d2c3403014,BUY,15,0.1,INTRADAY,MARKET,328.5,-17928.75,99.55,-35.86,32071.25,-39.31
45,NSE_FO:BANKNIFTY25JAN2342500CE [LOCAL],2023-01-20 09:15:00+05:30,89a6f87c9b01473591a8dbc05034d71a,BUY,15,255.0,INTRADAY,MARKET,2023-01-20 15:15:00+05:30,d9dc11a2955f4e308f28c4f010da1a00,SELL,15,290.0,INTRADAY,MARKET,525.0,-17403.75,13.73,-34.81,32596.25,-38.31
46,NSE_FO:BANKNIFTY25JAN2342700CE [LOCAL],2023-01-20 09:15:00+05:30,e7872d5e2b47483593ffab0ba9bedf9a,BUY,15,159.65,INTRADAY,MARKET,2023-01-20 15:15:00+05:30,1462f79b4a4447b4a6f20335a290d724,SELL,15,191.5,INTRADAY,MARKET,477.75,-16926.0,19.95,-33.85,33074.0,-37.41
47,NSE_FO:BANKNIFTY25JAN2342900CE [LOCAL],2023-01-20 09:15:00+05:30,7470eb0feb4c47cbb31d3b2f378bc5b0,SELL,15,109.0,INTRADAY,MARKET,2023-01-20 15:15:00+05:30,fb150186c6d04888ae22fdef9ffcf2d9,BUY,15,116.25,INTRADAY,MARKET,-108.75,-17034.75,-6.65,-34.07,32965.25,-37.62
48,NSE_FO:BANKNIFTY25JAN2342900CE [LOCAL],2023-01-23 09:15:00+05:30,2bd4f882272b4b94960914f86970c311,BUY,15,165.0,INTRADAY,MARKET,2023-01-23 15:15:00+05:30,7df52ee3b01349659fae81dffb5c3f45,SELL,15,178.95,INTRADAY,MARKET,209.25,-16825.5,8.45,-33.65,33174.5,-37.22
49,NSE_FO:BANKNIFTY25JAN2343100CE [LOCAL],2023-01-23 09:15:00+05:30,8c575701db29407c8f4624a69febdb5d,BUY,15,111.0,INTRADAY,MARKET,2023-01-23 15:15:00+05:30,1d1e4ba6f91d434c98ea5d26c946efc4,SELL,15,95.45,INTRADAY,MARKET,-233.25,-17058.75,-14.01,-34.12,32941.25,-37.66
50,NSE_FO:BANKNIFTY25JAN2343300CE [LOCAL],2023-01-23 09:15:00+05:30,96e5e1c606d64406b3f1d25bdc41394e,SELL,15,64.8,INTRADAY,MARKET,2023-01-23 15:15:00+05:30,ffbb1f9ba00d475db2495bd2578317e7,BUY,15,44.15,INTRADAY,MARKET,309.75,-16749.0,31.87,-33.5,33251.0,-37.07
51,NSE_FO:BANKNIFTY25JAN2343000CE [LOCAL],2023-01-24 09:15:00+05:30,39199f928ac9465a844d813e712f4f2b,BUY,15,145.0,INTRADAY,MARKET,2023-01-24 15:15:00+05:30,e6e51ce9d3db4cdba3690a83725da803,SELL,15,52.5,INTRADAY,MARKET,-1387.5,-18136.5,-63.79,-36.27,31863.5,-39.7
52,NSE_FO:BANKNIFTY25JAN2343200CE [LOCAL],2023-01-24 09:15:00+05:30,be3061134c264625922e252e432fa406,BUY,15,81.7,INTRADAY,MARKET,2023-01-24 15:15:00+05:30,7bb434515029409fb0b5496398a98573,SELL,15,17.15,INTRADAY,MARKET,-968.25,-19104.75,-79.01,-38.21,30895.25,-41.53
53,NSE_FO:BANKNIFTY25JAN2343400CE [LOCAL],2023-01-24 09:15:00+05:30,79f81c7a46b5490087f0f51db258063c,SELL,15,35.0,INTRADAY,MARKET,2023-01-24 15:15:00+05:30,639f6ce7317f45f382f6a42e92ce91a4,BUY,15,6.25,INTRADAY,MARKET,431.25,-18673.5,82.14,-37.35,31326.5,-40.72
54,NSE_FO:BANKNIFTY25JAN2342700CE [LOCAL],2023-01-25 09:15:00+05:30,39b4670b29024091ac5a2d41e4d2787e,BUY,15,158.0,INTRADAY,MARKET,2023-01-25 15:15:00+05:30,21fbcfcf9cc34a6aba397e8bb58668ac,SELL,15,0.25,INTRADAY,MARKET,-2366.25,-21039.75,-99.84,-42.08,28960.25,-45.19
55,NSE_FO:BANKNIFTY25JAN2342900CE [LOCAL],2023-01-25 09:15:00+05:30,3c61a2399b1e4cb2baf9c0fc48493173,BUY,15,60.0,INTRADAY,MARKET,2023-01-25 15:15:00+05:30,f9c5d191fae143ba8d9d4be1e7c09cf3,SELL,15,0.25,INTRADAY,MARKET,-896.25,-21936.0,-99.58,-43.87,28064.0,-46.89
56,NSE_FO:BANKNIFTY25JAN2343100CE [LOCAL],2023-01-25 09:15:00+05:30,57710904c036483bb748660db9cf18c6,SELL,15,19.9,INTRADAY,MARKET,2023-01-25 15:15:00+05:30,92596811b4d44fb39e8800b1b44ce28c,BUY,15,0.2,INTRADAY,MARKET,295.5,-21640.5,98.99,-43.28,28359.5,-46.33
57,NSE_FO:BANKNIFTY02FEB2341400CE [LOCAL],2023-01-27 09:15:00+05:30,124c30fb81cd46ce8fa537c9d80ee55f,BUY,15,624.05,INTRADAY,MARKET,2023-01-27 15:15:00+05:30,fbd378f707cc40e48ad38d838b64197e,SELL,15,224.1,INTRADAY,MARKET,-5999.25,-27639.75,-64.09,-55.28,22360.25,-57.68
58,NSE_FO:BANKNIFTY02FEB2341600CE [LOCAL],2023-01-27 09:15:00+05:30,0a6655611e01445eab49e7a128918d49,BUY,15,499.0,INTRADAY,MARKET,2023-01-27 15:15:00+05:30,d859422adbbf41c7acc0534c387dab26,SELL,15,181.85,INTRADAY,MARKET,-4757.25,-32397.0,-63.56,-64.79,17603.0,-66.69
59,NSE_FO:BANKNIFTY02FEB2341800CE [LOCAL],2023-01-27 09:15:00+05:30,ebc260fbdd5a447ea0c75419fd40d15e,SELL,15,409.1,INTRADAY,MARKET,2023-01-27 15:15:00+05:30,0bf137cffe0e44cfb59b96a62b9c3225,BUY,15,145.75,INTRADAY,MARKET,3950.25,-28446.75,64.37,-56.89,21553.25,-59.21
60,NSE_FO:BANKNIFTY02FEB2339900CE [LOCAL],2023-01-30 09:15:00+05:30,60872510d50144ddafdac587a0132da5,BUY,15,737.7,INTRADAY,MARKET,2023-01-30 15:15:00+05:30,ef5eaa88f79f40e49bbe352ab9cf652f,SELL,15,962.65,INTRADAY,MARKET,3374.25,-25072.5,30.49,-50.14,24927.5,-52.83
61,NSE_FO:BANKNIFTY02FEB2340100CE [LOCAL],2023-01-30 09:15:00+05:30,d5db809624a64380904a8664feeb5b44,BUY,15,425.0,INTRADAY,MARKET,2023-01-30 15:15:00+05:30,a84c79e752b145c08f3a2713435c0fb6,SELL,15,822.35,INTRADAY,MARKET,5960.25,-19112.25,93.49,-38.22,30887.75,-41.55
62,NSE_FO:BANKNIFTY02FEB2340300CE [LOCAL],2023-01-30 09:15:00+05:30,5b721f16cab74931bbfe0ee0cbdfcae7,SELL,15,450.05,INTRADAY,MARKET,2023-01-30 15:15:00+05:30,474ecf80cbbd4c02a812a595049bd662,BUY,15,693.7,INTRADAY,MARKET,-3654.75,-22767.0,-54.14,-45.53,27233.0,-48.46
63,NSE_FO:BANKNIFTY02FEB2340600CE [LOCAL],2023-01-31 09:15:00+05:30,6f899d0b47ed47d7aa7adf67b218bed1,BUY,15,519.4,INTRADAY,MARKET,2023-01-31 15:15:00+05:30,92793d804dbe4024a3b707626e644ef2,SELL,15,624.55,INTRADAY,MARKET,1577.25,-21189.75,20.24,-42.38,28810.25,-45.48
64,NSE_FO:BANKNIFTY02FEB2340800CE [LOCAL],2023-01-31 09:15:00+05:30,2ab1e7573ba74a2db9e67b8a83fb6d02,BUY,15,440.25,INTRADAY,MARKET,2023-01-31 15:15:00+05:30,50552fa7040540b59a86c26fd8dadd53,SELL,15,509.75,INTRADAY,MARKET,1042.5,-20147.25,15.79,-40.29,29852.75,-43.51
65,NSE_FO:BANKNIFTY02FEB2341000CE [LOCAL],2023-01-31 09:15:00+05:30,b31591d4137c4d4c91334a5f63bef61d,SELL,15,345.1,INTRADAY,MARKET,2023-01-31 15:15:00+05:30,882b2ef22dbe442190d4aaa9d0f78fca,BUY,15,409.0,INTRADAY,MARKET,-958.5,-21105.75,-18.52,-42.21,28894.25,-45.32
66,NSE_FO:BANKNIFTY02FEB2341100CE [LOCAL],2023-02-01 09:15:00+05:30,2ddf2575d0d24b35bb1e5fd4dc55bae8,BUY,15,517.15,INTRADAY,MARKET,2023-02-01 15:15:00+05:30,f31acb55dd534591ae1a077d474b8733,SELL,15,127.2,INTRADAY,MARKET,-5849.25,-26955.0,-75.4,-53.91,23045.0,-56.39
67,NSE_FO:BANKNIFTY02FEB2341300CE [LOCAL],2023-02-01 09:15:00+05:30,4ee8f56cb1e14ec093f5b3029a0fce46,BUY,15,424.75,INTRADAY,MARKET,2023-02-01 15:15:00+05:30,62730a422cbc47d2be834c6291454b6a,SELL,15,86.6,INTRADAY,MARKET,-5072.25,-32027.25,-79.61,-64.05,17972.75,-65.99
68,NSE_FO:BANKNIFTY02FEB2341500CE [LOCAL],2023-02-01 09:15:00+05:30,0cd8b903409b4011ac1d0513dbee8f5d,SELL,15,349.95,INTRADAY,MARKET,2023-02-01 15:15:00+05:30,7711eced92ed4fbf921fe3dac6978f13,BUY,15,58.9,INTRADAY,MARKET,4365.75,-27661.5,83.17,-55.32,22338.5,-57.73
69,NSE_FO:BANKNIFTY02FEB2339900CE [LOCAL],2023-02-02 09:15:00+05:30,3f3c07a7e4da4fea93c541d35ffb6daa,BUY,15,324.8,INTRADAY,MARKET,2023-02-02 15:15:00+05:30,e88dcb4a3c8042d79aa140472d7a06fd,SELL,15,738.7,INTRADAY,MARKET,6208.5,-21453.0,127.43,-42.91,28547.0,-45.98
70,NSE_FO:BANKNIFTY02FEB2340100CE [LOCAL],2023-02-02 09:15:00+05:30,6bcb2d1e22b4430e9374055cba8ee40a,BUY,15,199.95,INTRADAY,MARKET,2023-02-02 15:15:00+05:30,7c168794d9de45db92c070790c8d7b33,SELL,15,538.35,INTRADAY,MARKET,5076.0,-16377.0,169.24,-32.75,33623.0,-36.37
71,NSE_FO:BANKNIFTY02FEB2340300CE [LOCAL],2023-02-02 09:15:00+05:30,baf78a09a59346668792cfa28dd35e27,SELL,15,200.0,INTRADAY,MARKET,2023-02-02 15:15:00+05:30,92dae45155d34531b897530a06966a42,BUY,15,339.1,INTRADAY,MARKET,-2086.5,-18463.5,-69.55,-36.93,31536.5,-40.32
72,NSE_FO:BANKNIFTY09FEB2341000CE [LOCAL],2023-02-03 09:15:00+05:30,494de2ad9d2e482094fb97324e76f17d,BUY,15,500.3,INTRADAY,MARKET,2023-02-03 15:15:00+05:30,b6d195b10d684db39b39e5885880f098,SELL,15,731.0,INTRADAY,MARKET,3460.5,-15003.0,46.11,-30.01,34997.0,-33.77
73,NSE_FO:BANKNIFTY09FEB2341200CE [LOCAL],2023-02-03 09:15:00+05:30,d0c8d3809406462ea10e931258413577,BUY,15,479.9,INTRADAY,MARKET,2023-02-03 15:15:00+05:30,7402f9ced58c47d0923da75e8e60a6d9,SELL,15,588.0,INTRADAY,MARKET,1621.5,-13381.5,22.53,-26.76,36618.5,-30.7
74,NSE_FO:BANKNIFTY09FEB2341400CE [LOCAL],2023-02-03 09:15:00+05:30,7baaea1a0eb64902be4003beb134058a,SELL,15,309.5,INTRADAY,MARKET,2023-02-03 15:15:00+05:30,cfad9c4ae1624288b3471a7f403ec327,BUY,15,457.75,INTRADAY,MARKET,-2223.75,-15605.25,-47.9,-31.21,34394.75,-34.91
75,NSE_FO:BANKNIFTY09FEB2341500CE [LOCAL],2023-02-06 09:15:00+05:30,1d7bb7ae701c4a0bbd73dba7afd67329,BUY,15,410.05,INTRADAY,MARKET,2023-02-06 15:15:00+05:30,02b2f376014e4a15aa92fe748cd5b0c9,SELL,15,299.2,INTRADAY,MARKET,-1662.75,-17268.0,-27.03,-34.54,32732.0,-38.06
76,NSE_FO:BANKNIFTY09FEB2341700CE [LOCAL],2023-02-06 09:15:00+05:30,523e7a58a2f14f0a9d8b63c9cd0da527,BUY,15,308.4,INTRADAY,MARKET,2023-02-06 15:15:00+05:30,bc6f3596ac344549a7cec7995813d21d,SELL,15,213.35,INTRADAY,MARKET,-1425.75,-18693.75,-30.82,-37.39,31306.25,-40.75
77,NSE_FO:BANKNIFTY09FEB2341900CE [LOCAL],2023-02-06 09:15:00+05:30,64698cbc082446cd8421d6ca9aa26eb8,SELL,15,250.65,INTRADAY,MARKET,2023-02-06 15:15:00+05:30,b34915b44bc9435983e104b75a8bb40b,BUY,15,144.75,INTRADAY,MARKET,1588.5,-17105.25,42.25,-34.21,32894.75,-37.75
78,NSE_FO:BANKNIFTY09FEB2341500CE [LOCAL],2023-02-07 09:15:00+05:30,f5c8df1754f049a1814c9f0bb4f1b4c2,BUY,15,343.4,INTRADAY,MARKET,2023-02-07 15:15:00+05:30,d396bbda55f8498a96e6ddbefdb158a2,SELL,15,291.95,INTRADAY,MARKET,-771.75,-17877.0,-14.98,-35.75,32123.0,-39.21
79,NSE_FO:BANKNIFTY09FEB2341700CE [LOCAL],2023-02-07 09:15:00+05:30,79f07ca681b14b2faa2e77ab29dd6b8a,BUY,15,171.25,INTRADAY,MARKET,2023-02-07 15:15:00+05:30,3fdcc447b6b7439592157674ddab7b4c,SELL,15,197.8,INTRADAY,MARKET,398.25,-17478.75,15.5,-34.96,32521.25,-38.46
80,NSE_FO:BANKNIFTY09FEB2341900CE [LOCAL],2023-02-07 09:15:00+05:30,b454788df5be4847938c71961c7206c3,SELL,15,181.3,INTRADAY,MARKET,2023-02-07 15:15:00+05:30,600abd858d414bbe91a8f675cad6a518,BUY,15,125.2,INTRADAY,MARKET,841.5,-16637.25,30.94,-33.27,33362.75,-36.86
81,NSE_FO:BANKNIFTY09FEB2341500CE [LOCAL],2023-02-08 09:15:00+05:30,2b5aecb270334b9282b2b2069528f8d1,BUY,15,299.0,INTRADAY,MARKET,2023-02-08 15:15:00+05:30,424ef40a1c2f44c38d2e6eb9d6303fd0,SELL,15,235.55,INTRADAY,MARKET,-951.75,-17589.0,-21.22,-35.18,32411.0,-38.66
82,NSE_FO:BANKNIFTY09FEB2341700CE [LOCAL],2023-02-08 09:15:00+05:30,8ea76fcc7d5b478ea79cc61cf5191f1b,BUY,15,150.55,INTRADAY,MARKET,2023-02-08 15:15:00+05:30,f3e5e25992814b53bb0954b997930fd0,SELL,15,134.65,INTRADAY,MARKET,-238.5,-17827.5,-10.56,-35.66,32172.5,-39.12
83,NSE_FO:BANKNIFTY09FEB2341900CE [LOCAL],2023-02-08 09:15:00+05:30,afba7752369c43459e2ba5b90a4374af,SELL,15,131.75,INTRADAY,MARKET,2023-02-08 15:15:00+05:30,eae7dccf413c4eb6b8ee562cfc9868a6,BUY,15,66.9,INTRADAY,MARKET,972.75,-16854.75,49.22,-33.71,33145.25,-37.27
84,NSE_FO:BANKNIFTY09FEB2341600CE [LOCAL],2023-02-09 09:15:00+05:30,15fa3ac804fa4728a1817cd5601311c0,BUY,15,198.0,INTRADAY,MARKET,2023-02-09 15:15:00+05:30,856216f275c94f448504767d144d3d34,SELL,15,0.55,INTRADAY,MARKET,-2961.75,-19816.5,-99.72,-39.63,30183.5,-42.88
85,NSE_FO:BANKNIFTY09FEB2341800CE [LOCAL],2023-02-09 09:15:00+05:30,1fa62de036644e8d928cc3a61b8042c8,BUY,15,78.95,INTRADAY,MARKET,2023-02-09 15:15:00+05:30,d3b528cdb80c427194e68d2cc0bcb029,SELL,15,0.2,INTRADAY,MARKET,-1181.25,-20997.75,-99.75,-42.0,29002.25,-45.11
86,NSE_FO:BANKNIFTY09FEB2342000CE [LOCAL],2023-02-09 09:15:00+05:30,4d6176af699041b1994a43555478b9b4,SELL,15,35.2,INTRADAY,MARKET,2023-02-09 15:15:00+05:30,f1c7feed73684b1aad94a11eb6147d0d,BUY,15,0.15,INTRADAY,MARKET,525.75,-20472.0,99.57,-40.94,29528.0,-44.12
87,NSE_FO:BANKNIFTY16FEB2341500CE [LOCAL],2023-02-10 09:15:00+05:30,b6e4efcc7eca4d848d1fba49f3a570ba,BUY,15,380.0,INTRADAY,MARKET,2023-02-10 15:15:00+05:30,680147fb6b6f4cac8247819ca8ed6107,SELL,15,348.25,INTRADAY,MARKET,-476.25,-20948.25,-8.36,-41.9,29051.75,-45.02
88,NSE_FO:BANKNIFTY16FEB2341700CE [LOCAL],2023-02-10 09:15:00+05:30,b12b3110bd6d4355838ec8059518afb0,BUY,15,299.0,INTRADAY,MARKET,2023-02-10 15:15:00+05:30,d8b49c97148b4999914a00d2e80cc38a,SELL,15,244.8,INTRADAY,MARKET,-813.0,-21761.25,-18.13,-43.52,28238.75,-46.56
89,NSE_FO:BANKNIFTY16FEB2341900CE [LOCAL],2023-02-10 09:15:00+05:30,a777736945ee45ed90c92176a41fc90a,SELL,15,199.0,INTRADAY,MARKET,2023-02-10 15:15:00+05:30,320ec835623446aaac184f27c93b12e7,BUY,15,162.95,INTRADAY,MARKET,540.75,-21220.5,18.12,-42.44,28779.5,-45.54
90,NSE_FO:BANKNIFTY16FEB2341600CE [LOCAL],2023-02-13 09:15:00+05:30,eaf5abfe55fb439aad1b25b2a2f5a6ea,BUY,15,269.3,INTRADAY,MARKET,2023-02-13 15:15:00+05:30,7be4005f443b4355ab9001f696100d2c,SELL,15,158.3,INTRADAY,MARKET,-1665.0,-22885.5,-41.22,-45.77,27114.5,-48.69
91,NSE_FO:BANKNIFTY16FEB2341800CE [LOCAL],2023-02-13 09:15:00+05:30,576ecbf615c345d3a31cff4e0dd29a3c,BUY,15,199.95,INTRADAY,MARKET,2023-02-13 15:15:00+05:30,84b1d81708944c8da1a0f9d83ed82dbd,SELL,15,98.1,INTRADAY,MARKET,-1527.75,-24413.25,-50.94,-48.83,25586.75,-51.58
92,NSE_FO:BANKNIFTY16FEB2342000CE [LOCAL],2023-02-13 09:15:00+05:30,d398c9cd90d74882bdcc1dab54d9c022,SELL,15,144.95,INTRADAY,MARKET,2023-02-13 15:15:00+05:30,95863caf801444a4936604d3afeacfc3,BUY,15,57.85,INTRADAY,MARKET,1306.5,-23106.75,60.09,-46.21,26893.25,-49.11
93,NSE_FO:BANKNIFTY16FEB2341400CE [LOCAL],2023-02-14 09:15:00+05:30,dc0ff353fecc4f129821b8e048115048,BUY,15,256.35,INTRADAY,MARKET,2023-02-14 15:15:00+05:30,daba72346b4b4f0ebb76e619fab58b92,SELL,15,369.95,INTRADAY,MARKET,1704.0,-21402.75,44.31,-42.81,28597.25,-45.88
94,NSE_FO:BANKNIFTY16FEB2341600CE [LOCAL],2023-02-14 09:15:00+05:30,4e25deb939814cba8477484b25048ead,BUY,15,156.55,INTRADAY,MARKET,2023-02-14 15:15:00+05:30,08cfd678cbac48618db35dbf4ce9e4b7,SELL,15,243.35,INTRADAY,MARKET,1302.0,-20100.75,55.45,-40.2,29899.25,-43.42
95,NSE_FO:BANKNIFTY16FEB2341800CE [LOCAL],2023-02-14 09:15:00+05:30,63e55f4e670f4aebaddd39b1fd97c4a1,SELL,15,119.95,INTRADAY,MARKET,2023-02-14 15:15:00+05:30,f1f4f437c08a4598b91175758863e4e3,BUY,15,145.0,INTRADAY,MARKET,-375.75,-20476.5,-20.88,-40.95,29523.5,-44.13
96,NSE_FO:BANKNIFTY16FEB2341700CE [LOCAL],2023-02-15 09:15:00+05:30,788daff1ca554dd7a45221e2e6c7a187,BUY,15,205.25,INTRADAY,MARKET,2023-02-15 15:15:00+05:30,ba78728daa1f4867a3dbef08fc98baa2,SELL,15,156.5,INTRADAY,MARKET,-731.25,-21207.75,-23.75,-42.42,28792.25,-45.51
97,NSE_FO:BANKNIFTY16FEB2341900CE [LOCAL],2023-02-15 09:15:00+05:30,798f3621ea10495dae73d889fa057101,BUY,15,100.05,INTRADAY,MARKET,2023-02-15 15:15:00+05:30,b2d8ff2d4c094fbc8f1f4bceafc3bafa,SELL,15,68.75,INTRADAY,MARKET,-469.5,-21677.25,-31.28,-43.35,28322.75,-46.4
98,NSE_FO:BANKNIFTY16FEB2342100CE [LOCAL],2023-02-15 09:15:00+05:30,a9935c81f01f417bb26fb043ce516480,SELL,15,47.05,INTRADAY,MARKET,2023-02-15 15:15:00+05:30,827dcb16f90d43ca88f2e0934110bc05,BUY,15,24.35,INTRADAY,MARKET,340.5,-21336.75,48.25,-42.67,28663.25,-45.76
99,NSE_FO:BANKNIFTY16FEB2341900CE [LOCAL],2023-02-16 09:15:00+05:30,7af3d82d696641508e156a7e9d91bdd0,BUY,15,92.55,INTRADAY,MARKET,2023-02-16 15:15:00+05:30,67377127d21648fbb165c29fe47421c3,SELL,15,0.35,INTRADAY,MARKET,-1383.0,-22719.75,-99.62,-45.44,27280.25,-48.37
100,NSE_FO:BANKNIFTY16FEB2342100CE [LOCAL],2023-02-16 09:15:00+05:30,b53459d5fe494298bdb2051bdcd5f891,BUY,15,45.0,INTRADAY,MARKET,2023-02-16 15:15:00+05:30,52819b2b41c24942afd18ef0be8004ec,SELL,15,0.3,INTRADAY,MARKET,-670.5,-23390.25,-99.33,-46.78,26609.75,-49.64
101,NSE_FO:BANKNIFTY16FEB2342300CE [LOCAL],2023-02-16 09:15:00+05:30,eed4711c15d94910b455d034de6a0b7a,SELL,15,19.95,INTRADAY,MARKET,2023-02-16 15:15:00+05:30,01ea763a416c4710bf9748501e20ad3b,BUY,15,0.15,INTRADAY,MARKET,297.0,-23093.25,99.25,-46.19,26906.75,-49.08
102,NSE_FO:BANKNIFTY23FEB2341500CE [LOCAL],2023-02-17 09:15:00+05:30,31f18806ab1c4a818253f1a27752824a,BUY,15,358.0,INTRADAY,MARKET,2023-02-17 15:15:00+05:30,229f42555448457491c1f8c70f5e407a,SELL,15,195.55,INTRADAY,MARKET,-2436.75,-25530.0,-45.38,-51.06,24470.0,-53.69
103,NSE_FO:BANKNIFTY23FEB2341700CE [LOCAL],2023-02-17 09:15:00+05:30,46fe571813744c82ac15be8bdf5615df,BUY,15,300.0,INTRADAY,MARKET,2023-02-17 15:15:00+05:30,eb55a18152004146babf29be7638dbab,SELL,15,133.7,INTRADAY,MARKET,-2494.5,-28024.5,-55.43,-56.05,21975.5,-58.41
104,NSE_FO:BANKNIFTY23FEB2341900CE [LOCAL],2023-02-17 09:15:00+05:30,61de197cb5234ece8dbd114cdf5ccb70,SELL,15,209.65,INTRADAY,MARKET,2023-02-17 15:15:00+05:30,f39bd3d166df4c128b98278b60a88495,BUY,15,89.7,INTRADAY,MARKET,1799.25,-26225.25,57.21,-52.45,23774.75,-55.01
105,NSE_FO:BANKNIFTY23FEB2341200CE [LOCAL],2023-02-20 09:15:00+05:30,404fb942dd744d14acd376236fa304c4,BUY,15,343.05,INTRADAY,MARKET,2023-02-20 15:15:00+05:30,78e3487e43d643d39924e13868a48e16,SELL,15,125.0,INTRADAY,MARKET,-3270.75,-29496.0,-63.56,-58.99,20504.0,-61.2
106,NSE_FO:BANKNIFTY23FEB2341400CE [LOCAL],2023-02-20 09:15:00+05:30,cd7a3f9e80ae4446987011164c57a803,BUY,15,222.15,INTRADAY,MARKET,2023-02-20 15:15:00+05:30,82fd7fbc20904c96a50cfd8d4004659a,SELL,15,85.55,INTRADAY,MARKET,-2049.0,-31545.0,-61.49,-63.09,18455.0,-65.07
107,NSE_FO:BANKNIFTY23FEB2341600CE [LOCAL],2023-02-20 09:15:00+05:30,51bbcd083477421ab5f0691418a3420b,SELL,15,157.95,INTRADAY,MARKET,2023-02-20 15:15:00+05:30,726bd61b229d42fa9f8967fc04ee41be,BUY,15,57.95,INTRADAY,MARKET,1500.0,-30045.0,63.31,-60.09,19955.0,-62.24
108,NSE_FO:BANKNIFTY23FEB2340800CE [LOCAL],2023-02-21 09:15:00+05:30,3d6348c61f7e42e393bad1c92fd3bab3,BUY,15,297.35,INTRADAY,MARKET,2023-02-21 15:15:00+05:30,24b667d2e9ed49f88907b8a300f7cf98,SELL,15,167.0,INTRADAY,MARKET,-1955.25,-32000.25,-43.84,-64.0,17999.75,-65.94
109,NSE_FO:BANKNIFTY23FEB2341000CE [LOCAL],2023-02-21 09:15:00+05:30,74065422e0ad4b8d8baf9755ae072ad9,BUY,15,200.25,INTRADAY,MARKET,2023-02-21 15:15:00+05:30,eed6d4f47bc643758041cb7ffc9d92a4,SELL,15,99.1,INTRADAY,MARKET,-1517.25,-33517.5,-50.51,-67.04,16482.5,-68.81
110,NSE_FO:BANKNIFTY23FEB2341200CE [LOCAL],2023-02-21 09:15:00+05:30,100f2123b64a49bbba94805c81590304,SELL,15,125.05,INTRADAY,MARKET,2023-02-21 15:15:00+05:30,194da754542443feba45f8cca791b4ad,BUY,15,60.5,INTRADAY,MARKET,968.25,-32549.25,51.62,-65.1,17450.75,-66.98
111,NSE_FO:BANKNIFTY23FEB2340500CE [LOCAL],2023-02-22 09:15:00+05:30,e784dec4bc1249c2a777ed79b557df58,BUY,15,282.8,INTRADAY,MARKET,2023-02-22 15:15:00+05:30,35be411e1ead47eea2346cea308dfa95,SELL,15,36.9,INTRADAY,MARKET,-3688.5,-36237.75,-86.95,-72.48,13762.25,-73.96
112,NSE_FO:BANKNIFTY23FEB2340700CE [LOCAL],2023-02-22 09:15:00+05:30,14f9b4ab36a048e6a5e7ce1265da6518,BUY,15,135.05,INTRADAY,MARKET,2023-02-22 15:15:00+05:30,76c896f7483b496199a117f3bf91827c,SELL,15,20.25,INTRADAY,MARKET,-1722.0,-37959.75,-85.01,-75.92,12040.25,-77.21
113,NSE_FO:BANKNIFTY23FEB2340900CE [LOCAL],2023-02-22 09:15:00+05:30,871a54d7ef754114a02f4994432f038d,SELL,15,85.15,INTRADAY,MARKET,2023-02-22 15:15:00+05:30,ef3f42d93a874d62a119e33e80b85c54,BUY,15,13.7,INTRADAY,MARKET,1071.75,-36888.0,83.91,-73.78,13112.0,-75.19
114,NSE_FO:BANKNIFTY23FEB2340000CE [LOCAL],2023-02-23 09:15:00+05:30,5fd3121bcbbd434fac1b03d34f389bbb,BUY,15,199.7,INTRADAY,MARKET,2023-02-23 15:15:00+05:30,41bf4e9972c44de4b06e8c0b6096d1c4,SELL,15,1.1,INTRADAY,MARKET,-2979.0,-39867.0,-99.45,-79.73,10133.0,-80.82
115,NSE_FO:BANKNIFTY23FEB2340200CE [LOCAL],2023-02-23 09:15:00+05:30,46d1b8fba69948f389486e6975c5a89a,BUY,15,84.15,INTRADAY,MARKET,2023-02-23 15:15:00+05:30,be45e14f63424ff8843bf29d7f7b5987,SELL,15,0.45,INTRADAY,MARKET,-1255.5,-41122.5,-99.47,-82.24,8877.5,-83.2
116,NSE_FO:BANKNIFTY23FEB2340400CE [LOCAL],2023-02-23 09:15:00+05:30,e2d7c34c63364f668e14a362d40e49e0,SELL,15,34.8,INTRADAY,MARKET,2023-02-23 15:15:00+05:30,bb74a44be825416c9c991203af5851c4,BUY,15,0.3,INTRADAY,MARKET,517.5,-40605.0,99.14,-81.21,9395.0,-82.22
117,NSE_FO:BANKNIFTY02MAR2340300CE [LOCAL],2023-02-24 09:15:00+05:30,1001fc3c60534e0d90585f35056421dd,BUY,15,316.85,INTRADAY,MARKET,2023-02-24 15:15:00+05:30,45473d4c2322434fab1f5e2d1a1c426c,SELL,15,178.0,INTRADAY,MARKET,-2082.75,-42687.75,-43.82,-85.38,7312.25,-86.16
118,NSE_FO:BANKNIFTY02MAR2340500CE [LOCAL],2023-02-24 09:15:00+05:30,fdbeb7dc747f4145af179ae14ccbff61,BUY,15,181.0,INTRADAY,MARKET,2023-02-24 15:15:00+05:30,a32141fd7f5b4dbeb1e9484ff6add641,SELL,15,117.95,INTRADAY,MARKET,-945.75,-43633.5,-34.83,-87.27,6366.5,-87.95
119,NSE_FO:BANKNIFTY02MAR2340700CE [LOCAL],2023-02-24 09:15:00+05:30,9ad1dccbf4e0428283908c089e919883,SELL,15,168.75,INTRADAY,MARKET,2023-02-24 15:15:00+05:30,f8858c80e2d243189de6ca51f948e5ee,BUY,15,75.45,INTRADAY,MARKET,1399.5,-42234.0,55.29,-84.47,7766.0,-85.3
120,NSE_FO:BANKNIFTY02MAR2339800CE [LOCAL],2023-02-27 09:15:00+05:30,d6ae5b2263fa44308ec46613d43abd56,BUY,15,375.7,INTRADAY,MARKET,2023-02-27 15:15:00+05:30,d2d71c39346146f1bb49baf5be61a314,SELL,15,632.45,INTRADAY,MARKET,3851.25,-38382.75,68.34,-76.77,11617.25,-78.02
121,NSE_FO:BANKNIFTY02MAR2340000CE [LOCAL],2023-02-27 09:15:00+05:30,a4a5d057eb424d8b95329844aeb2c974,BUY,15,280.0,INTRADAY,MARKET,2023-02-27 15:15:00+05:30,54adefa3507f4fa6a794111e1a646630,SELL,15,472.55,INTRADAY,MARKET,2888.25,-35494.5,68.77,-70.99,14505.5,-72.55
122,NSE_FO:BANKNIFTY02MAR2340200CE [LOCAL],2023-02-27 09:15:00+05:30,732d111fb6794617963587dd565379f9,SELL,15,162.55,INTRADAY,MARKET,2023-02-27 15:15:00+05:30,73e1f67177164182a21840fb59e2540f,BUY,15,336.1,INTRADAY,MARKET,-2603.25,-38097.75,-106.77,-76.2,11902.25,-77.48
123,NSE_FO:BANKNIFTY02MAR2340300CE [LOCAL],2023-02-28 09:15:00+05:30,219d48add9604ddfacd2e5bf0cc5e922,BUY,15,277.25,INTRADAY,MARKET,2023-02-28 15:15:00+05:30,8aaefda5963f42dabc5b29a592715368,SELL,15,277.25,INTRADAY,MARKET,0.0,-38097.75,0.0,-76.2,11902.25,-77.48
124,NSE_FO:BANKNIFTY02MAR2340500CE [LOCAL],2023-02-28 09:15:00+05:30,64750db9d3dd4c6eb44c568d4e0ccb50,BUY,15,179.3,INTRADAY,MARKET,2023-02-28 15:15:00+05:30,5dd2e68815134f39b523a094a13431c2,SELL,15,179.3,INTRADAY,MARKET,0.0,-38097.75,0.0,-76.2,11902.25,-77.48
125,NSE_FO:BANKNIFTY02MAR2340700CE [LOCAL],2023-02-28 09:15:00+05:30,130e4abdceb5482d96b4d7d7be5f49b7,SELL,15,108.6,INTRADAY,MARKET,2023-02-28 15:15:00+05:30,58db045a991043d493d4c949f4f17aeb,BUY,15,108.6,INTRADAY,MARKET,-0.0,-38097.75,-0.0,-76.2,11902.25,-77.48
