,INST,EN_TIME,EN_ID,EN_TT,EN_Q,EN_PRICE,EN_CODE,EN_VAR,EX_TIME,EX_ID,EX_TT,EX_Q,EX_PRICE,EX_CODE,EX_VAR,P&L,ROI,P&L %,ROI %,Equity Curve,Drawdown %
0,NSE_EQ:ADANIPORTS,2023-05-02 10:15:00+05:30,ebc86c9312f044fba14debd7a1c994d7,SELL,1,675.7,INTRADAY,MARKET,2023-05-02 15:10:00+05:30,ee8c032796194e5f96695ac063bd078e,BUY,1,683.75,INTRADAY,MARKET,-8.05,-8.05,-1.19,-0.02,49991.95,-0.02
1,NSE_EQ:ADANIPORTS,2023-05-03 11:15:00+05:30,945eb830d5d14edca151595b6004901a,SELL,1,677.6,INTRADAY,MARKET,2023-05-03 15:10:00+05:30,856f87cdca454f10a5a6fa61e4006557,BUY,1,669.3,INTRADAY,MARKET,8.3,0.25,1.22,0.0,50000.25,0.0
2,NSE_EQ:ADANIPORTS,2023-05-08 11:15:00+05:30,713c57974940434ea509ab2cc5d0798d,BUY,1,688.4,INTRADAY,MARKET,2023-05-08 15:10:00+05:30,59090918d0e94d87beba979c17647875,SELL,1,685.35,INTRADAY,MARKET,-3.05,-2.8,-0.44,-0.01,49997.2,-0.01
3,NSE_EQ:ADANIPORTS,2023-05-10 11:15:00+05:30,a1b988e4b0b1482c88a3397d388aa1c8,BUY,1,690.3,INTRADAY,MARKET,2023-05-10 13:15:00+05:30,e380689aac99452a95899f3363c419fd,SELL,1,689.7,INTRADAY,MARKET,-0.6,-3.4,-0.09,-0.01,49996.6,-0.01
4,NSE_EQ:ADANIPORTS,2023-05-10 13:15:00+05:30,8afcf4d943784ac2a2264270d2eb40f9,SELL,1,689.7,INTRADAY,MARKET,2023-05-10 15:10:00+05:30,d0cfc149322e4d8b836681f498830962,BUY,1,690.3,INTRADAY,MARKET,-0.6,-4.0,-0.09,-0.01,49996.0,-0.01
5,NSE_EQ:ADANIPORTS,2023-05-11 09:15:00+05:30,36df34fcd73d45a7b0264ec9f8732965,SELL,1,694.0,INTRADAY,MARKET,2023-05-11 15:10:00+05:30,7334211534d7440d9aa222210f6f39de,BUY,1,708.0,INTRADAY,MARKET,-14.0,-18.0,-2.02,-0.04,49982.0,-0.04
6,NSE_EQ:ADANIPORTS,2023-05-12 13:15:00+05:30,bafa9f837ce94b37aeaa32958ac83390,BUY,1,700.5,INTRADAY,MARKET,2023-05-12 15:10:00+05:30,b8a0b829c03c46a2926fe01a36220667,SELL,1,700.5,INTRADAY,MARKET,0.0,-18.0,0.0,-0.04,49982.0,-0.04
7,NSE_EQ:ADANIPORTS,2023-05-15 12:15:00+05:30,916d7ef1dfa24cba894e6a97c9cfe67e,BUY,1,696.2,INTRADAY,MARKET,2023-05-15 15:10:00+05:30,8ef691c298a942f2a817eb8ee43a9292,SELL,1,695.15,INTRADAY,MARKET,-1.05,-19.05,-0.15,-0.04,49980.95,-0.04
8,NSE_EQ:ADANIPORTS,2023-05-16 09:15:00+05:30,5f8be570800b49e1aa95794f18f0c439,SELL,1,694.05,INTRADAY,MARKET,2023-05-16 13:15:00+05:30,99c50439c786467d875da388e4a532ef,BUY,1,694.45,INTRADAY,MARKET,-0.4,-19.45,-0.06,-0.04,49980.549999999996,-0.04
9,NSE_EQ:ADANIPORTS,2023-05-16 13:15:00+05:30,0f80f9628fce41fd82e5faea7c24628e,BUY,1,694.45,INTRADAY,MARKET,2023-05-16 15:10:00+05:30,bbe6bad79ed7463c9041ef87ff0e762c,SELL,1,693.4,INTRADAY,MARKET,-1.05,-20.5,-0.15,-0.04,49979.49999999999,-0.04
10,NSE_EQ:ADANIPORTS,2023-05-17 14:15:00+05:30,3be884beb917492a97d9e1f2b236fa46,SELL,1,684.9,INTRADAY,MARKET,2023-05-17 15:10:00+05:30,9d67853d99474a35b8b40cfb7e08a5f7,BUY,1,684.9,INTRADAY,MARKET,-0.0,-20.5,-0.0,-0.04,49979.49999999999,-0.04
11,NSE_EQ:ADANIPORTS,2023-05-19 11:15:00+05:30,6f8c3ffd5e404660877439a4a26fff8e,BUY,1,667.0,INTRADAY,MARKET,2023-05-19 15:10:00+05:30,b88981db92c64558b2d87c46ece1e2ec,SELL,1,679.75,INTRADAY,MARKET,12.75,-7.75,1.91,-0.02,49992.24999999999,-0.02
12,NSE_EQ:ADANIPORTS,2023-05-23 11:15:00+05:30,a5da6a36a0f6436eb76070e6414979a7,SELL,1,747.9,INTRADAY,MARKET,2023-05-23 15:10:00+05:30,4fbd128632764f8991cbb6d28407a68d,BUY,1,748.9,INTRADAY,MARKET,-1.0,-8.75,-0.13,-0.02,49991.24999999999,-0.02
13,NSE_EQ:ADANIPORTS,2023-05-25 11:15:00+05:30,a76a20127df64d13b5d64378aef9b384,BUY,1,717.05,INTRADAY,MARKET,2023-05-25 15:10:00+05:30,c0bc3669b25049f689769d2e743b3283,SELL,1,721.7,INTRADAY,MARKET,4.65,-4.1,0.65,-0.01,49995.899999999994,-0.01
14,NSE_EQ:ADANIPORTS,2023-05-30 11:15:00+05:30,bb49c82546cb4205a0e33c23963085e3,SELL,1,730.8,INTRADAY,MARKET,2023-05-30 12:15:00+05:30,7409fa5054d24f7797f9d3ae2851a13a,BUY,1,735.1,INTRADAY,MARKET,-4.3,-8.4,-0.59,-0.02,49991.59999999999,-0.02
15,NSE_EQ:ADANIPORTS,2023-05-30 12:15:00+05:30,7b8d19b762414179a8811b723f9b81aa,BUY,1,735.1,INTRADAY,MARKET,2023-05-30 15:10:00+05:30,7e4b2d7eb3e3442eaa3fe5775a53536b,SELL,1,736.85,INTRADAY,MARKET,1.75,-6.65,0.24,-0.01,49993.34999999999,-0.01
16,NSE_EQ:ADANIPORTS,2023-05-31 09:15:00+05:30,fdc683a5f13f4fe79a4dd4206cf8398a,SELL,1,736.0,INTRADAY,MARKET,2023-05-31 11:15:00+05:30,7e80fcd5805c48cfbe14a895daf7e744,BUY,1,740.75,INTRADAY,MARKET,-4.75,-11.4,-0.65,-0.02,49988.59999999999,-0.02
17,NSE_EQ:ADANIPORTS,2023-05-31 11:15:00+05:30,ac2ca9992ae547fc8ace81ef1f56b035,BUY,1,740.75,INTRADAY,MARKET,2023-05-31 13:15:00+05:30,95d839509d134198aeee724274e0f18e,SELL,1,730.7,INTRADAY,MARKET,-10.05,-21.45,-1.36,-0.04,49978.54999999999,-0.04
18,NSE_EQ:ADANIPORTS,2023-05-31 13:15:00+05:30,eab8cce5729140258e39442900a3e5e9,SELL,1,730.7,INTRADAY,MARKET,2023-05-31 15:10:00+05:30,36375034c224447e806f59b253be6a1a,BUY,1,735.2,INTRADAY,MARKET,-4.5,-25.95,-0.62,-0.05,49974.04999999999,-0.05
19,NSE_EQ:ADANIPORTS,2023-06-01 11:15:00+05:30,a466a824397f470687472ec2320ea0b7,SELL,1,735.25,INTRADAY,MARKET,2023-06-01 15:10:00+05:30,84f6533d3dc34e22b7b1865c51762faa,BUY,1,734.15,INTRADAY,MARKET,1.1,-24.85,0.15,-0.05,49975.14999999999,-0.05
20,NSE_EQ:ADANIPORTS,2023-06-02 10:15:00+05:30,812a684f92dc43948c3ec9d69f7c2082,BUY,1,735.4,INTRADAY,MARKET,2023-06-02 15:10:00+05:30,3936a5f9e2e04445a989ad9aa025786a,SELL,1,738.0,INTRADAY,MARKET,2.6,-22.25,0.35,-0.04,49977.749999999985,-0.04
21,NSE_EQ:ADANIPORTS,2023-06-07 11:15:00+05:30,353d61ebac0844c593f178c4f1e61299,SELL,1,746.55,INTRADAY,MARKET,2023-06-07 14:15:00+05:30,7be753a8c1154c0eb39d9cb523e583b5,BUY,1,745.6,INTRADAY,MARKET,0.95,-21.3,0.13,-0.04,49978.69999999998,-0.04
22,NSE_EQ:ADANIPORTS,2023-06-07 14:15:00+05:30,26554d98d65145c191153c87f06886ec,BUY,1,745.6,INTRADAY,MARKET,2023-06-07 15:10:00+05:30,5074560f27244f42a4e64861583588ca,SELL,1,745.6,INTRADAY,MARKET,0.0,-21.3,0.0,-0.04,49978.69999999998,-0.04
23,NSE_EQ:ADANIPORTS,2023-06-08 10:15:00+05:30,26b4a1bb59304e3fbab1490aacace4f2,BUY,1,746.1,INTRADAY,MARKET,2023-06-08 11:15:00+05:30,ce5701be67c441aeb20c11905a6411e9,SELL,1,745.5,INTRADAY,MARKET,-0.6,-21.9,-0.08,-0.04,49978.099999999984,-0.04
24,NSE_EQ:ADANIPORTS,2023-06-08 11:15:00+05:30,45c509fd60c54be0b54fb3c093a26265,SELL,1,745.5,INTRADAY,MARKET,2023-06-08 13:15:00+05:30,4f6e4ed90ad646a6a187e74f44e250aa,BUY,1,738.6,INTRADAY,MARKET,6.9,-15.0,0.93,-0.03,49984.999999999985,-0.03
25,NSE_EQ:ADANIPORTS,2023-06-08 13:15:00+05:30,8bae24cc0108472086c3e96bf0674e65,BUY,1,738.6,INTRADAY,MARKET,2023-06-08 15:10:00+05:30,7b61407a0e5a48ea85663f2d20771eda,SELL,1,741.7,INTRADAY,MARKET,3.1,-11.9,0.42,-0.02,49988.099999999984,-0.02
26,NSE_EQ:ADANIPORTS,2023-06-09 11:15:00+05:30,f5c85f1d69f84e4c841bbadc519d6cd0,SELL,1,736.8,INTRADAY,MARKET,2023-06-09 15:10:00+05:30,554acc0b212d4179b2a891a1ef134fa2,BUY,1,735.25,INTRADAY,MARKET,1.55,-10.35,0.21,-0.02,49989.64999999999,-0.02
27,NSE_EQ:ADANIPORTS,2023-06-13 11:15:00+05:30,3d20f29ad6fb47678bfc0442bb15f7c1,BUY,1,741.0,INTRADAY,MARKET,2023-06-13 15:10:00+05:30,16cf1926f6954572910a6bb5a12d4f01,SELL,1,738.65,INTRADAY,MARKET,-2.35,-12.7,-0.32,-0.03,49987.29999999999,-0.03
28,NSE_EQ:ADANIPORTS,2023-06-14 11:15:00+05:30,5463daa02e8e4e1f831deb6b90eba4bb,SELL,1,739.7,INTRADAY,MARKET,2023-06-14 15:10:00+05:30,b6f82abc1b5f417db2e00af7b83bf1d7,BUY,1,739.25,INTRADAY,MARKET,0.45,-12.25,0.06,-0.02,49987.749999999985,-0.02
29,NSE_EQ:ADANIPORTS,2023-06-15 11:15:00+05:30,c697970de0b94eb3922ff0b0b8cf40bf,SELL,1,742.7,INTRADAY,MARKET,2023-06-15 15:10:00+05:30,67a486eeb61144f9961ad2c8ff5ef9ec,BUY,1,742.05,INTRADAY,MARKET,0.65,-11.6,0.09,-0.02,49988.39999999999,-0.02
30,NSE_EQ:ADANIPORTS,2023-06-16 10:15:00+05:30,6e060a9c6dad43a385a4052afe6eac84,BUY,1,742.55,INTRADAY,MARKET,2023-06-16 15:10:00+05:30,ca72b6ec8ffc4a71a5c19ae3f7bbc328,SELL,1,746.15,INTRADAY,MARKET,3.6,-8.0,0.48,-0.02,49991.999999999985,-0.02
31,NSE_EQ:ADANIPORTS,2023-06-19 09:15:00+05:30,7418c939bcb2455bac0d10d2de512807,SELL,1,749.9,INTRADAY,MARKET,2023-06-19 15:10:00+05:30,3c33e2120cf2490f9d735e92a9aeae5c,BUY,1,734.95,INTRADAY,MARKET,14.95,6.95,1.99,0.01,50006.94999999998,0.0
32,NSE_EQ:ADANIPORTS,2023-06-20 09:15:00+05:30,7ac5f2f30a944cbd99b8686791598c8a,BUY,1,738.0,INTRADAY,MARKET,2023-06-20 15:10:00+05:30,40ca21f912bc44cf848eca1dfe7091b9,SELL,1,734.7,INTRADAY,MARKET,-3.3,3.65,-0.45,0.01,50003.64999999998,-0.01
33,NSE_EQ:ADANIPORTS,2023-06-21 10:15:00+05:30,72fd4fae0f6a41b1a76610fc7b483130,SELL,1,737.9,INTRADAY,MARKET,2023-06-21 15:10:00+05:30,9ad8ec35fe4742a8ae728979b3f4d386,BUY,1,744.75,INTRADAY,MARKET,-6.85,-3.2,-0.93,-0.01,49996.79999999998,-0.02
34,NSE_EQ:ADANIPORTS,2023-06-23 09:15:00+05:30,c0073c95066f464cac6627576d867ff1,BUY,1,741.0,INTRADAY,MARKET,2023-06-23 15:10:00+05:30,18b9c09cf797439c9b70a64e44f13b36,SELL,1,714.5,INTRADAY,MARKET,-26.5,-29.7,-3.58,-0.06,49970.29999999998,-0.07
35,NSE_EQ:ADANIPORTS,2023-06-26 11:15:00+05:30,a800e8548b80408ea33e311657028f79,BUY,1,719.4,INTRADAY,MARKET,2023-06-26 13:15:00+05:30,9e35228bd2954830bdf7f3e0ed569bb8,SELL,1,721.45,INTRADAY,MARKET,2.05,-27.65,0.28,-0.06,49972.349999999984,-0.07
36,NSE_EQ:ADANIPORTS,2023-06-26 13:15:00+05:30,00d3c45264cc45e0b1eb84b2dd16da18,SELL,1,721.45,INTRADAY,MARKET,2023-06-26 15:10:00+05:30,8763c24853fa474c8b022055d900e334,BUY,1,722.8,INTRADAY,MARKET,-1.35,-29.0,-0.19,-0.06,49970.999999999985,-0.07
37,NSE_EQ:ADANIPORTS,2023-06-27 09:15:00+05:30,5426dd2406d24a748b71100b31329efa,SELL,1,724.35,INTRADAY,MARKET,2023-06-27 14:15:00+05:30,b01e6aaede4448c38facb75f859c4e30,BUY,1,720.3,INTRADAY,MARKET,4.05,-24.95,0.56,-0.05,49975.04999999999,-0.06
38,NSE_EQ:ADANIPORTS,2023-06-27 14:15:00+05:30,55ef8d97391b4e4bb43d5b81172ce743,BUY,1,720.3,INTRADAY,MARKET,2023-06-27 15:10:00+05:30,46f0c89e32aa4211a134b8dfe54d340a,SELL,1,720.3,INTRADAY,MARKET,0.0,-24.95,0.0,-0.05,49975.04999999999,-0.06
39,NSE_EQ:ADANIPORTS,2023-06-30 10:15:00+05:30,7f89ef0f83e5408f8647f19b7053a48f,SELL,1,744.3,INTRADAY,MARKET,2023-06-30 15:10:00+05:30,1d15e0cc71aa43008f2100bb556b9f85,BUY,1,741.0,INTRADAY,MARKET,3.3,-21.65,0.44,-0.04,49978.34999999999,-0.06
40,NSE_EQ:ADANIPORTS,2023-07-03 11:15:00+05:30,fed1a21b9e744fe4bbc7c0e8efa6cd96,SELL,1,736.25,INTRADAY,MARKET,2023-07-03 14:15:00+05:30,cbb14d9228784e9e9d2df51fd3fcd2d0,BUY,1,736.25,INTRADAY,MARKET,-0.0,-21.65,-0.0,-0.04,49978.34999999999,-0.06
41,NSE_EQ:ADANIPORTS,2023-07-03 14:15:00+05:30,873af3fcb7db4014b48ec05aefd8e0f3,BUY,1,736.25,INTRADAY,MARKET,2023-07-03 15:10:00+05:30,f056c457489241818ef173a12bce3586,SELL,1,736.25,INTRADAY,MARKET,0.0,-21.65,0.0,-0.04,49978.34999999999,-0.06
42,NSE_EQ:ADANIPORTS,2023-07-05 11:15:00+05:30,4e0e90e0b00f4373b7dd9a614749f80a,SELL,1,735.8,INTRADAY,MARKET,2023-07-05 15:10:00+05:30,6bb2389cb3f146b0aada3e38f0800efb,BUY,1,741.35,INTRADAY,MARKET,-5.55,-27.2,-0.75,-0.05,49972.79999999999,-0.07
43,NSE_EQ:ADANIPORTS,2023-07-06 14:15:00+05:30,49a802d7a103449fbf6a73650d0997c5,SELL,1,742.65,INTRADAY,MARKET,2023-07-06 15:10:00+05:30,d5527ed87be24b8eb7ff8b4de2a86d26,BUY,1,742.65,INTRADAY,MARKET,-0.0,-27.2,-0.0,-0.05,49972.79999999999,-0.07
44,NSE_EQ:ADANIPORTS,2023-07-10 11:15:00+05:30,7665f918f36f4e899f62449466187587,BUY,1,717.0,INTRADAY,MARKET,2023-07-10 15:10:00+05:30,38552eeadec54fd9a64c3b5037fb4fbf,SELL,1,722.75,INTRADAY,MARKET,5.75,-21.45,0.8,-0.04,49978.54999999999,-0.06
45,NSE_EQ:ADANIPORTS,2023-07-12 13:15:00+05:30,6c72004559a5422b847ec8d395574258,BUY,1,726.4,INTRADAY,MARKET,2023-07-12 15:10:00+05:30,30aaf9564d5d46229c4880af34112789,SELL,1,725.75,INTRADAY,MARKET,-0.65,-22.1,-0.09,-0.04,49977.89999999999,-0.06
46,NSE_EQ:ADANIPORTS,2023-07-13 09:15:00+05:30,831d7d0274174749a0ea3c591efd8b74,SELL,1,724.95,INTRADAY,MARKET,2023-07-13 15:10:00+05:30,6fc088453fd24834b06b84de65e8aed0,BUY,1,717.25,INTRADAY,MARKET,7.7,-14.4,1.06,-0.03,49985.599999999984,-0.04
47,NSE_EQ:ADANIPORTS,2023-07-14 13:15:00+05:30,ee9a253d8a214edc821bc144c2dfd7ab,SELL,1,721.85,INTRADAY,MARKET,2023-07-14 15:10:00+05:30,4482ca67a5dd4815afe1cb96680fcae8,BUY,1,722.1,INTRADAY,MARKET,-0.25,-14.65,-0.03,-0.03,49985.349999999984,-0.04
48,NSE_EQ:ADANIPORTS,2023-07-17 11:15:00+05:30,b147cd786d454357920556f44d0d9487,SELL,1,733.6,INTRADAY,MARKET,2023-07-17 15:10:00+05:30,943cf096390047b0921bc847244f0f8a,BUY,1,734.4,INTRADAY,MARKET,-0.8,-15.45,-0.11,-0.03,49984.54999999998,-0.04
49,NSE_EQ:ADANIPORTS,2023-07-18 10:15:00+05:30,2da66fc491cd43fc888379fe8759791b,BUY,1,735.0,INTRADAY,MARKET,2023-07-18 12:15:00+05:30,dd4ca5cc26d34aa9b603bef06ab3ffdf,SELL,1,730.55,INTRADAY,MARKET,-4.45,-19.9,-0.61,-0.04,49980.099999999984,-0.05
50,NSE_EQ:ADANIPORTS,2023-07-18 12:15:00+05:30,3a30f37b7e8a4b6b9067c10b9f1b6667,SELL,1,730.55,INTRADAY,MARKET,2023-07-18 15:10:00+05:30,b657acc128cb43c6a0a67e93202fb225,BUY,1,730.6,INTRADAY,MARKET,-0.05,-19.95,-0.01,-0.04,49980.04999999998,-0.05
51,NSE_EQ:ADANIPORTS,2023-07-19 11:15:00+05:30,8ccb707623634fc09e0b8d4a38d70320,SELL,1,730.8,INTRADAY,MARKET,2023-07-19 15:10:00+05:30,da34fbc1ef7d470dab9b0cd9f726fa8b,BUY,1,731.1,INTRADAY,MARKET,-0.3,-20.25,-0.04,-0.04,49979.74999999998,-0.05
52,NSE_EQ:ADANIPORTS,2023-07-20 11:15:00+05:30,c1d58210fef64123804420be7430c9b9,BUY,1,729.15,INTRADAY,MARKET,2023-07-20 13:15:00+05:30,781ed69df7c34fa0b165ed5e940acad3,SELL,1,733.0,INTRADAY,MARKET,3.85,-16.4,0.53,-0.03,49983.59999999998,-0.05
53,NSE_EQ:ADANIPORTS,2023-07-20 13:15:00+05:30,5f6a349e4c9d4acda19e89b9c49ee24a,SELL,1,733.0,INTRADAY,MARKET,2023-07-20 15:10:00+05:30,5fa0fcb138a240eaba82a5baefa18dc6,BUY,1,732.6,INTRADAY,MARKET,0.4,-16.0,0.05,-0.03,49983.99999999998,-0.05
54,NSE_EQ:ADANIPORTS,2023-07-21 11:15:00+05:30,2f33ecf4f71b48089b0c3984bb3cf36e,SELL,1,731.3,INTRADAY,MARKET,2023-07-21 13:15:00+05:30,0c2a15dee2574dfcb5abb0354081d2ec,BUY,1,731.4,INTRADAY,MARKET,-0.1,-16.1,-0.01,-0.03,49983.89999999998,-0.05
55,NSE_EQ:ADANIPORTS,2023-07-21 13:15:00+05:30,15442833763a4c2bac1e5ad691f96524,BUY,1,731.4,INTRADAY,MARKET,2023-07-21 15:10:00+05:30,d9a2f0ba4693446eba6c71cd1b8d9644,SELL,1,729.85,INTRADAY,MARKET,-1.55,-17.65,-0.21,-0.04,49982.34999999998,-0.05
56,NSE_EQ:ADANIPORTS,2023-07-24 09:15:00+05:30,b5d4fe4f784a43a89b07c25af68b32a8,BUY,1,730.0,INTRADAY,MARKET,2023-07-24 15:10:00+05:30,e9610b200ef24bbeaab29667841aedb9,SELL,1,738.3,INTRADAY,MARKET,8.3,-9.35,1.14,-0.02,49990.64999999998,-0.03
57,NSE_EQ:ADANIPORTS,2023-07-25 12:15:00+05:30,062dd1653ff746d2b156c6a354c195f4,SELL,1,736.6,INTRADAY,MARKET,2023-07-25 15:10:00+05:30,9507edfe83bd490891a111bb9b62996c,BUY,1,734.95,INTRADAY,MARKET,1.65,-7.7,0.22,-0.02,49992.29999999998,-0.03
58,NSE_EQ:ADANIPORTS,2023-07-26 09:15:00+05:30,2ac927604bea43758fb9fc6355de6296,SELL,1,752.95,INTRADAY,MARKET,2023-07-26 15:10:00+05:30,33985ddb2e544272ac6a2fef0a55f8f5,BUY,1,752.15,INTRADAY,MARKET,0.8,-6.9,0.11,-0.01,49993.099999999984,-0.03
59,NSE_EQ:ADANIPORTS,2023-07-27 13:15:00+05:30,05946afc03e442f5837460ab632eb9d7,SELL,1,749.95,INTRADAY,MARKET,2023-07-27 15:10:00+05:30,2cda4a2a8d51453c93c102a7b02f64b0,BUY,1,747.7,INTRADAY,MARKET,2.25,-4.65,0.3,-0.01,49995.349999999984,-0.02
60,NSE_EQ:ADANIPORTS,2023-07-28 11:15:00+05:30,d6557c19a8274ab5a71507838c735bf3,SELL,1,752.4,INTRADAY,MARKET,2023-07-28 15:10:00+05:30,5749619e72094fafb0b86e3dcfc411be,BUY,1,754.85,INTRADAY,MARKET,-2.45,-7.1,-0.33,-0.01,49992.89999999999,-0.03
61,NSE_EQ:ADANIPORTS,2023-07-31 09:15:00+05:30,b469616f7a284894863841c569bd5e18,SELL,1,758.65,INTRADAY,MARKET,2023-07-31 15:10:00+05:30,cb55a86351ec45e796454ae7c2ad5145,BUY,1,775.45,INTRADAY,MARKET,-16.8,-23.9,-2.21,-0.05,49976.099999999984,-0.06
62,NSE_EQ:ADANIPORTS,2023-08-01 10:15:00+05:30,9e6589b0472c4ccdae3d18957772fd27,SELL,1,772.0,INTRADAY,MARKET,2023-08-01 15:10:00+05:30,f9f1d74b3db24383b1ef3cb0096610ed,BUY,1,767.75,INTRADAY,MARKET,4.25,-19.65,0.55,-0.04,49980.349999999984,-0.05
63,NSE_EQ:ADANIPORTS,2023-08-02 10:15:00+05:30,1be4ab55047047f8942bf5e89d2afce9,BUY,1,767.25,INTRADAY,MARKET,2023-08-02 11:15:00+05:30,466b06a5f47347cab6114267244dbc35,SELL,1,762.8,INTRADAY,MARKET,-4.45,-24.1,-0.58,-0.05,49975.89999999999,-0.06
64,NSE_EQ:ADANIPORTS,2023-08-02 11:15:00+05:30,1df31726562a489ca7ccfb4bf2e5b1ea,SELL,1,762.8,INTRADAY,MARKET,2023-08-02 15:10:00+05:30,183b342faa3642ed9f50d4c984b07790,BUY,1,752.4,INTRADAY,MARKET,10.4,-13.7,1.36,-0.03,49986.29999999999,-0.04
65,NSE_EQ:ADANIPORTS,2023-08-04 14:15:00+05:30,1c12019cb89240f692822f87996223ae,BUY,1,774.5,INTRADAY,MARKET,2023-08-04 15:10:00+05:30,be23b3ffc37d49cda46394e1416c0686,SELL,1,774.5,INTRADAY,MARKET,0.0,-13.7,0.0,-0.03,49986.29999999999,-0.04
66,NSE_EQ:ADANIPORTS,2023-08-07 09:15:00+05:30,f21603027fc44dbcb6b872e33403b0da,BUY,1,777.05,INTRADAY,MARKET,2023-08-07 13:15:00+05:30,f55fad48cae54cce9803775d512e7518,SELL,1,776.0,INTRADAY,MARKET,-1.05,-14.75,-0.14,-0.03,49985.249999999985,-0.04
67,NSE_EQ:ADANIPORTS,2023-08-07 13:15:00+05:30,c57bcf05f588499abef5a60086dc9688,SELL,1,776.0,INTRADAY,MARKET,2023-08-07 15:10:00+05:30,5f21b0b1997e4678a443a59410821b95,BUY,1,785.65,INTRADAY,MARKET,-9.65,-24.4,-1.24,-0.05,49975.599999999984,-0.06
68,NSE_EQ:ADANIPORTS,2023-08-08 09:15:00+05:30,91c2b8542f8d41a5a0d3894bd32244ea,SELL,1,793.75,INTRADAY,MARKET,2023-08-08 15:10:00+05:30,d0f86f473c114d3e9f6dfb2e77127624,BUY,1,776.5,INTRADAY,MARKET,17.25,-7.15,2.17,-0.01,49992.849999999984,-0.03
69,NSE_EQ:ADANIPORTS,2023-08-09 09:15:00+05:30,2fb29923b9f444b3915c1e03f5097f43,SELL,1,792.7,INTRADAY,MARKET,2023-08-09 15:10:00+05:30,4195f79e313d48899f5d45cdab341a58,BUY,1,789.75,INTRADAY,MARKET,2.95,-4.2,0.37,-0.01,49995.79999999998,-0.02
70,NSE_EQ:ADANIPORTS,2023-08-10 14:15:00+05:30,ce4d63f21a0d45b2b5e382fd39591ac4,SELL,1,805.1,INTRADAY,MARKET,2023-08-10 15:10:00+05:30,f451e6ca446745f297808cc6192947de,BUY,1,805.1,INTRADAY,MARKET,-0.0,-4.2,-0.0,-0.01,49995.79999999998,-0.02
71,NSE_EQ:ADANIPORTS,2023-08-11 11:15:00+05:30,eddf30bbd68e4b59a017c1338c66cbf5,BUY,1,805.6,INTRADAY,MARKET,2023-08-11 14:15:00+05:30,1feb0529c5b447e198c425f631d33bc4,SELL,1,803.9,INTRADAY,MARKET,-1.7,-5.9,-0.21,-0.01,49994.099999999984,-0.03
72,NSE_EQ:ADANIPORTS,2023-08-11 14:15:00+05:30,87c8ac09061a44ba96edac64e92cb171,SELL,1,803.9,INTRADAY,MARKET,2023-08-11 15:10:00+05:30,04f163b699134941a72304469ae5c271,BUY,1,803.9,INTRADAY,MARKET,-0.0,-5.9,-0.0,-0.01,49994.099999999984,-0.03
73,NSE_EQ:ADANIPORTS,2023-08-14 09:15:00+05:30,14e36447778641dda14d153b9e236c44,SELL,1,781.0,INTRADAY,MARKET,2023-08-14 11:15:00+05:30,37f140507ff34068ac648cdd60a6876c,BUY,1,779.0,INTRADAY,MARKET,2.0,-3.9,0.26,-0.01,49996.099999999984,-0.02
74,NSE_EQ:ADANIPORTS,2023-08-14 11:15:00+05:30,22d39834658e476c81dc03d2d7f167b9,BUY,1,779.0,INTRADAY,MARKET,2023-08-14 15:10:00+05:30,3fc46a413d67402685e5514e84578b46,SELL,1,788.95,INTRADAY,MARKET,9.95,6.05,1.28,0.01,50006.04999999998,-0.0
75,NSE_EQ:ADANIPORTS,2023-08-16 09:15:00+05:30,b544a424c26e4413837134fffc4b7b56,SELL,1,786.0,INTRADAY,MARKET,2023-08-16 15:10:00+05:30,70761446e1fb4c209f80eda9e292bffb,BUY,1,776.55,INTRADAY,MARKET,9.45,15.5,1.2,0.03,50015.49999999998,0.0
76,NSE_EQ:ADANIPORTS,2023-08-17 09:15:00+05:30,ec7c56a295da4904b5e40913fe3c453d,SELL,1,778.0,INTRADAY,MARKET,2023-08-17 15:10:00+05:30,817434b59fc7491bba323b22d35abbe9,BUY,1,805.65,INTRADAY,MARKET,-27.65,-12.15,-3.55,-0.02,49987.84999999998,-0.06
77,NSE_EQ:ADANIPORTS,2023-08-18 13:15:00+05:30,61b7ce87903440dd85dad6e2e61404af,SELL,1,831.2,INTRADAY,MARKET,2023-08-18 15:10:00+05:30,25f44d221fc94ebc9270c8c41efc94b1,BUY,1,834.85,INTRADAY,MARKET,-3.65,-15.8,-0.44,-0.03,49984.199999999975,-0.06
78,NSE_EQ:ADANIPORTS,2023-08-21 11:15:00+05:30,c99dd9672c8c4c1eac019e1e19240e4f,SELL,1,852.75,INTRADAY,MARKET,2023-08-21 15:10:00+05:30,bb20009e21d04c0cbab71411c57cd832,BUY,1,858.0,INTRADAY,MARKET,-5.25,-21.05,-0.62,-0.04,49978.949999999975,-0.07
79,NSE_EQ:ADANIPORTS,2023-08-22 09:15:00+05:30,1ed3ffa650cb4bcab7758514271748b6,SELL,1,863.9,INTRADAY,MARKET,2023-08-22 12:15:00+05:30,d46a64acce43434bbb6a2f2187f9df68,BUY,1,860.6,INTRADAY,MARKET,3.3,-17.75,0.38,-0.04,49982.24999999998,-0.07
80,NSE_EQ:ADANIPORTS,2023-08-22 12:15:00+05:30,b276b97a973c4d648b83860a8d7cd8ea,BUY,1,860.6,INTRADAY,MARKET,2023-08-22 14:15:00+05:30,836d37579bf7431594754b13ce66bb39,SELL,1,859.45,INTRADAY,MARKET,-1.15,-18.9,-0.13,-0.04,49981.09999999998,-0.07
81,NSE_EQ:ADANIPORTS,2023-08-22 14:15:00+05:30,f4bba01e027d4ab5b6bff623039a5c43,SELL,1,859.45,INTRADAY,MARKET,2023-08-22 15:10:00+05:30,e2ab3114c6d746f3beae9516c46d2da1,BUY,1,859.45,INTRADAY,MARKET,-0.0,-18.9,-0.0,-0.04,49981.09999999998,-0.07
82,NSE_EQ:ADANIPORTS,2023-08-23 09:15:00+05:30,5263baebf7a14eacbd8f2e5fab55c71f,BUY,1,858.55,INTRADAY,MARKET,2023-08-23 15:10:00+05:30,4bc6bf232be1458aa3338c23cfe96496,SELL,1,837.0,INTRADAY,MARKET,-21.55,-40.45,-2.51,-0.08,49959.549999999974,-0.11
83,NSE_EQ:ADANIPORTS,2023-08-24 09:15:00+05:30,7c736b009cfb4344b8d47d5e660f62c5,BUY,1,834.0,INTRADAY,MARKET,2023-08-24 15:10:00+05:30,95ec2a9aec2d4058b1a943c60062963c,SELL,1,829.0,INTRADAY,MARKET,-5.0,-45.45,-0.6,-0.09,49954.549999999974,-0.12
84,NSE_EQ:ADANIPORTS,2023-08-28 11:15:00+05:30,22f8bb73ebe64fb98ad1e160bfe8320d,SELL,1,801.95,INTRADAY,MARKET,2023-08-28 12:15:00+05:30,cbc197b3f3a94e1cb10069752695ab99,BUY,1,802.4,INTRADAY,MARKET,-0.45,-45.9,-0.06,-0.09,49954.09999999998,-0.12
85,NSE_EQ:ADANIPORTS,2023-08-28 12:15:00+05:30,359d96b1ee6c4844ac685f853b00cfae,BUY,1,802.4,INTRADAY,MARKET,2023-08-28 15:10:00+05:30,2438008d54264adea9f81e5662eb142f,SELL,1,807.0,INTRADAY,MARKET,4.6,-41.3,0.57,-0.08,49958.699999999975,-0.11
86,NSE_EQ:ADANIPORTS,2023-08-29 11:15:00+05:30,55189b0ce8c049cd9a19bcb3610cead6,BUY,1,813.05,INTRADAY,MARKET,2023-08-29 15:10:00+05:30,4050c4d723a54fcfb097f11df9bc3578,SELL,1,824.0,INTRADAY,MARKET,10.95,-30.35,1.35,-0.06,49969.64999999997,-0.09
87,NSE_EQ:ADANIPORTS,2023-08-30 09:15:00+05:30,f0648b5d112f46ec9070170a6b33e761,SELL,1,828.0,INTRADAY,MARKET,2023-08-30 15:10:00+05:30,4e53035c2ff34158966dbd43b72a7a11,BUY,1,826.0,INTRADAY,MARKET,2.0,-28.35,0.24,-0.06,49971.64999999997,-0.09
88,NSE_EQ:ADANIPORTS,2023-09-01 11:15:00+05:30,91b7cc01c71248deb800444231052ba8,BUY,1,794.35,INTRADAY,MARKET,2023-09-01 15:10:00+05:30,711772829e844f01b9d477d7e898ccbd,SELL,1,803.8,INTRADAY,MARKET,9.45,-18.9,1.19,-0.04,49981.09999999997,-0.07
89,NSE_EQ:ADANIPORTS,2023-09-04 11:15:00+05:30,34f493987a7e4f308005e59c1d331e76,SELL,1,798.3,INTRADAY,MARKET,2023-09-04 13:15:00+05:30,6ee29e22879940e1b4a8b21385639607,BUY,1,801.75,INTRADAY,MARKET,-3.45,-22.35,-0.43,-0.04,49977.64999999997,-0.08
90,NSE_EQ:ADANIPORTS,2023-09-04 13:15:00+05:30,b759004edccc402fb2d87734e41c8d16,BUY,1,801.75,INTRADAY,MARKET,2023-09-04 15:10:00+05:30,44aa740c9a3f4077b309a7f72cdea8e0,SELL,1,797.35,INTRADAY,MARKET,-4.4,-26.75,-0.55,-0.05,49973.24999999997,-0.08
91,NSE_EQ:ADANIPORTS,2023-09-05 13:15:00+05:30,37b4216d77e34e8baf2a02c4f63a4e2f,SELL,1,802.45,INTRADAY,MARKET,2023-09-05 15:10:00+05:30,824495cc479b47bca1f3702012c2a65e,BUY,1,805.35,INTRADAY,MARKET,-2.9,-29.65,-0.36,-0.06,49970.34999999997,-0.09
92,NSE_EQ:ADANIPORTS,2023-09-06 11:15:00+05:30,9b28949b83654c188baf0e4a7e0f65a9,BUY,1,806.4,INTRADAY,MARKET,2023-09-06 12:15:00+05:30,71dc565a429e47f2840f0feff91c6d1b,SELL,1,804.7,INTRADAY,MARKET,-1.7,-31.35,-0.21,-0.06,49968.64999999997,-0.09
93,NSE_EQ:ADANIPORTS,2023-09-06 12:15:00+05:30,e4bbb49253af4c4686a8ce37295b179c,SELL,1,804.7,INTRADAY,MARKET,2023-09-06 14:15:00+05:30,fb8875ee3f554965940ca99f81fc64ed,BUY,1,804.6,INTRADAY,MARKET,0.1,-31.25,0.01,-0.06,49968.74999999997,-0.09
94,NSE_EQ:ADANIPORTS,2023-09-06 14:15:00+05:30,0b11ba1c04a5464b8431d5074f3823f4,BUY,1,804.6,INTRADAY,MARKET,2023-09-06 15:10:00+05:30,98b3fc23d6094c898fd9a9d6d6c1d7da,SELL,1,804.6,INTRADAY,MARKET,0.0,-31.25,0.0,-0.06,49968.74999999997,-0.09
95,NSE_EQ:ADANIPORTS,2023-09-07 09:15:00+05:30,453b65f572b94e6fb96bbd6839dfc95f,SELL,1,809.7,INTRADAY,MARKET,2023-09-07 15:10:00+05:30,03232d0a62af4fea8f2fd07c7b399020,BUY,1,807.95,INTRADAY,MARKET,1.75,-29.5,0.22,-0.06,49970.49999999997,-0.09
96,NSE_EQ:ADANIPORTS,2023-09-11 09:15:00+05:30,d131eb78ac0c472381709bd26045124b,SELL,1,840.0,INTRADAY,MARKET,2023-09-11 15:10:00+05:30,d9db25b724214787be69c10b11090d24,BUY,1,878.85,INTRADAY,MARKET,-38.85,-68.35,-4.62,-0.14,49931.64999999997,-0.17
97,NSE_EQ:ADANIPORTS,2023-09-12 11:15:00+05:30,9081e512d8f94e549de816ea0e0c03a6,BUY,1,868.1,INTRADAY,MARKET,2023-09-12 15:10:00+05:30,254d656642d843688ae1d14fa3e6503b,SELL,1,859.6,INTRADAY,MARKET,-8.5,-76.85,-0.98,-0.15,49923.14999999997,-0.18
98,NSE_EQ:ADANIPORTS,2023-09-14 14:15:00+05:30,3913b2b674b8429cacfa2bcbbf052fdb,BUY,1,849.25,INTRADAY,MARKET,2023-09-14 15:10:00+05:30,65d808ccd244452d81a60291a3b2723d,SELL,1,849.25,INTRADAY,MARKET,0.0,-76.85,0.0,-0.15,49923.14999999997,-0.18
99,NSE_EQ:ADANIPORTS,2023-09-15 09:15:00+05:30,ea70a7395a424a17862778c4afa90a71,SELL,1,846.0,INTRADAY,MARKET,2023-09-15 15:10:00+05:30,a997a9ecc809404c89f4dec82c0f7298,BUY,1,845.25,INTRADAY,MARKET,0.75,-76.1,0.09,-0.15,49923.89999999997,-0.18
100,NSE_EQ:ADANIPORTS,2023-09-18 11:15:00+05:30,b760c2043da24c91844f6b53d4fb2711,SELL,1,843.7,INTRADAY,MARKET,2023-09-18 15:10:00+05:30,2658d7f2dcbb45828ffea51fdb7ba7e4,BUY,1,836.0,INTRADAY,MARKET,7.7,-68.4,0.91,-0.14,49931.59999999997,-0.17
101,NSE_EQ:ADANIPORTS,2023-09-22 12:15:00+05:30,3a259deb58a04ba0b8720e2673da2726,SELL,1,833.6,INTRADAY,MARKET,2023-09-22 15:10:00+05:30,9f256119e43842eaa83ed9fab81e381b,BUY,1,832.25,INTRADAY,MARKET,1.35,-67.05,0.16,-0.13,49932.94999999997,-0.17
102,NSE_EQ:ADANIPORTS,2023-09-26 09:15:00+05:30,ab255ffe328d4e7da7124aedadf3e204,SELL,1,826.1,INTRADAY,MARKET,2023-09-26 14:15:00+05:30,be686121097c4f7e8936fe2611643df4,BUY,1,822.15,INTRADAY,MARKET,3.95,-63.1,0.48,-0.13,49936.899999999965,-0.16
103,NSE_EQ:ADANIPORTS,2023-09-26 14:15:00+05:30,212d00335d7b44a18c138741a7260fbe,BUY,1,822.15,INTRADAY,MARKET,2023-09-26 15:10:00+05:30,9dfd3d9e943b4b999653683e841380a4,SELL,1,822.15,INTRADAY,MARKET,0.0,-63.1,0.0,-0.13,49936.899999999965,-0.16
104,NSE_EQ:ADANIPORTS,2023-09-28 12:15:00+05:30,c00497e34f7d40e3a7fab07471d11e93,SELL,1,836.2,INTRADAY,MARKET,2023-09-28 15:10:00+05:30,c2a84e12ee1843728a5fe8af4172d599,BUY,1,828.1,INTRADAY,MARKET,8.1,-55.0,0.97,-0.11,49944.99999999996,-0.14
105,NSE_EQ:ADANIPORTS,2023-09-29 09:15:00+05:30,fc3a340bb4044585a397f534135cb4f8,BUY,1,826.5,INTRADAY,MARKET,2023-09-29 15:10:00+05:30,121d8d60c8dd464fa6a3a5845844731a,SELL,1,827.8,INTRADAY,MARKET,1.3,-53.7,0.16,-0.11,49946.29999999997,-0.14
106,NSE_EQ:ADANIPORTS,2023-10-03 09:15:00+05:30,b91317d900f746c0bd1f24f8070f1bf7,BUY,1,826.0,INTRADAY,MARKET,2023-10-03 11:15:00+05:30,e166b54c52a4453e81aa24aecd5e3275,SELL,1,830.55,INTRADAY,MARKET,4.55,-49.15,0.55,-0.1,49950.84999999997,-0.13
107,NSE_EQ:ADANIPORTS,2023-10-03 11:15:00+05:30,6f10c137ffca4259bf92986a16576c33,SELL,1,830.55,INTRADAY,MARKET,2023-10-03 15:10:00+05:30,7917a3c0170a4eff90732ffad9d1fa89,BUY,1,831.2,INTRADAY,MARKET,-0.65,-49.8,-0.08,-0.1,49950.19999999997,-0.13
108,NSE_EQ:ADANIPORTS,2023-10-04 11:15:00+05:30,fa959d757cca449f9395dc12e1145b96,BUY,1,837.4,INTRADAY,MARKET,2023-10-04 12:15:00+05:30,e0e6817b85744b1bb6ddc3000d260360,SELL,1,830.0,INTRADAY,MARKET,-7.4,-57.2,-0.88,-0.11,49942.79999999997,-0.15
109,NSE_EQ:ADANIPORTS,2023-10-04 12:15:00+05:30,7295cb447eed42b28cbd26bc4218d382,SELL,1,830.0,INTRADAY,MARKET,2023-10-04 14:15:00+05:30,0349d4b24336437a87f0e9ab0000f76b,BUY,1,825.95,INTRADAY,MARKET,4.05,-53.15,0.49,-0.11,49946.84999999997,-0.14
110,NSE_EQ:ADANIPORTS,2023-10-04 14:15:00+05:30,509930eb81154424bb742b6a6fb0c1c0,BUY,1,825.95,INTRADAY,MARKET,2023-10-04 15:10:00+05:30,ae87c2b1b50345f8a05b4200c5eb2f64,SELL,1,825.95,INTRADAY,MARKET,0.0,-53.15,0.0,-0.11,49946.84999999997,-0.14
111,NSE_EQ:ADANIPORTS,2023-10-05 11:15:00+05:30,67389d740d3847ad870e33e8bf02cc79,SELL,1,826.05,INTRADAY,MARKET,2023-10-05 14:15:00+05:30,4f46d093ea174fd386e1150dec48dacf,BUY,1,825.9,INTRADAY,MARKET,0.15,-53.0,0.02,-0.11,49946.99999999997,-0.14
112,NSE_EQ:ADANIPORTS,2023-10-05 14:15:00+05:30,1d187e5e1fc44218b65cbe2bcb02ad6b,BUY,1,825.9,INTRADAY,MARKET,2023-10-05 15:10:00+05:30,66e6161ab895475b8c5893f36d44dd1c,SELL,1,825.9,INTRADAY,MARKET,0.0,-53.0,0.0,-0.11,49946.99999999997,-0.14
113,NSE_EQ:ADANIPORTS,2023-10-06 11:15:00+05:30,f61d3616d9e44c28a735f3a766d87b6f,SELL,1,831.35,INTRADAY,MARKET,2023-10-06 15:10:00+05:30,17ec400c5db7412bbdd19610340b7305,BUY,1,833.1,INTRADAY,MARKET,-1.75,-54.75,-0.21,-0.11,49945.24999999997,-0.14
114,NSE_EQ:ADANIPORTS,2023-10-13 12:15:00+05:30,57d1fdf8469a4f61969adb5f2ee0c522,BUY,1,810.85,INTRADAY,MARKET,2023-10-13 15:10:00+05:30,59b88f5468854608bebe5a2b68641c44,SELL,1,818.2,INTRADAY,MARKET,7.35,-47.4,0.91,-0.09,49952.59999999997,-0.13
115,NSE_EQ:ADANIPORTS,2023-10-16 09:15:00+05:30,6924f8c503944078acc15c9321e85ade,SELL,1,818.5,INTRADAY,MARKET,2023-10-16 11:15:00+05:30,cd922f1208544329a822f1aa6acde917,BUY,1,810.7,INTRADAY,MARKET,7.8,-39.6,0.95,-0.08,49960.39999999997,-0.11
116,NSE_EQ:ADANIPORTS,2023-10-16 11:15:00+05:30,02b35bc77392415bbf4bb28c6c8db0d8,BUY,1,810.7,INTRADAY,MARKET,2023-10-16 15:10:00+05:30,73e38560cfd246f5acb6bf1c814754e7,SELL,1,805.6,INTRADAY,MARKET,-5.1,-44.7,-0.63,-0.09,49955.299999999974,-0.12
117,NSE_EQ:ADANIPORTS,2023-10-17 12:15:00+05:30,c12abf44f79e420aa9dc2b473b876d6e,SELL,1,809.8,INTRADAY,MARKET,2023-10-17 15:10:00+05:30,f03eff06af624e1d9b9f46b8950efc8c,BUY,1,804.4,INTRADAY,MARKET,5.4,-39.3,0.67,-0.08,49960.699999999975,-0.11
118,NSE_EQ:ADANIPORTS,2023-10-19 12:15:00+05:30,7fc767dd11014a559b023b3e89387cec,BUY,1,794.05,INTRADAY,MARKET,2023-10-19 15:10:00+05:30,5083ac8947ec427c958518b875760124,SELL,1,794.8,INTRADAY,MARKET,0.75,-38.55,0.09,-0.08,49961.449999999975,-0.11
119,NSE_EQ:ADANIPORTS,2023-10-20 09:15:00+05:30,cb616bb7276741a8a8917b187b9d21a8,SELL,1,791.8,INTRADAY,MARKET,2023-10-20 15:10:00+05:30,70e79229a300478986f48ff254faf513,BUY,1,792.0,INTRADAY,MARKET,-0.2,-38.75,-0.03,-0.08,49961.24999999998,-0.11
120,NSE_EQ:ADANIPORTS,2023-10-25 11:15:00+05:30,354ed43230e14349a9499607b1ae4411,SELL,1,775.0,INTRADAY,MARKET,2023-10-25 14:15:00+05:30,e2690737915140cdbbc5eec3e36318b7,BUY,1,771.4,INTRADAY,MARKET,3.6,-35.15,0.46,-0.07,49964.84999999998,-0.1
121,NSE_EQ:ADANIPORTS,2023-10-25 14:15:00+05:30,867d0fe7598840c3b9104269674a2728,BUY,1,771.4,INTRADAY,MARKET,2023-10-25 15:10:00+05:30,3c42447dba1840f2b4ded89ee24f0f43,SELL,1,771.4,INTRADAY,MARKET,0.0,-35.15,0.0,-0.07,49964.84999999998,-0.1
122,NSE_EQ:ADANIPORTS,2023-10-30 11:15:00+05:30,083f47fd72104403beca0be1079efa0d,SELL,1,788.4,INTRADAY,MARKET,2023-10-30 15:10:00+05:30,4bc86cbd0dd34a18a85df436a4538d3a,BUY,1,782.7,INTRADAY,MARKET,5.7,-29.45,0.72,-0.06,49970.549999999974,-0.09
123,NSE_EQ:ADANIPORTS,2023-10-31 11:15:00+05:30,226c7a65d3da4028b2ca8e04b17e24c0,SELL,1,786.3,INTRADAY,MARKET,2023-10-31 15:10:00+05:30,cbd2de6e68b4433b84c351153f55d1f9,BUY,1,787.45,INTRADAY,MARKET,-1.15,-30.6,-0.15,-0.06,49969.39999999997,-0.09
