,INST,EN_TIME,EN_ID,EN_TT,EN_Q,EN_PRICE,EN_CODE,EN_VAR,EX_TIME,EX_ID,EX_TT,EX_Q,EX_PRICE,EX_CODE,EX_VAR,P&L,ROI,P&L %,ROI %,Equity Curve,Drawdown %
0,NSE_FO:NIFTY05JAN2318200CE [LOCAL],2023-01-01 09:20:00+05:30,df742a3a6b2c4ce380b543b957da536d,SELL,50,80.0,INTRADAY,MARKET,2023-01-01 15:15:00+05:30,bbe362a0db494e40bbd4ace461ed6ce7,BUY,50,80.0,INTRADAY,MARKET,-0.0,-0.0,-0.0,-0.0,50000.0,0.0
1,NSE_FO:NIFTY05JAN2318200PE [LOCAL],2023-01-01 09:20:00+05:30,f92e9a7700df48728dcce16682b8c61b,SELL,50,129.05,INTRADAY,MARKET,2023-01-01 15:15:00+05:30,4bd53800246547b5823afe415ff9f897,BUY,50,129.05,INTRADAY,MARKET,-0.0,-0.0,-0.0,-0.0,50000.0,0.0
2,NSE_FO:NIFTY05JAN2318250CE [LOCAL],2023-01-02 09:15:00+05:30,b5fee3e5e1aa45358a423b555404e9b0,SELL,50,60.55,INTRADAY,MARKET,2023-01-02 15:15:00+05:30,ca5f42fbdd0d4cb2bbee0e33c0d42347,BUY,50,71.9,INTRADAY,MARKET,-567.5,-567.5,-18.74,-1.14,49432.5,-1.13
3,NSE_FO:NIFTY05JAN2318250PE [LOCAL],2023-01-02 09:15:00+05:30,5c12ab5ecbff4a18b4dfd0349bcb2bec,SELL,50,160.0,INTRADAY,MARKET,2023-01-02 15:15:00+05:30,cfecca0b72904157844f743aa5feee77,BUY,50,115.2,INTRADAY,MARKET,2240.0,1672.5,28.0,3.35,51672.5,0.0
4,NSE_FO:NIFTY05JAN2318250CE [LOCAL],2023-01-03 09:15:00+05:30,d934fe2b3494425a9324482f0f6d617d,SELL,50,64.0,INTRADAY,MARKET,2023-01-03 15:15:00+05:30,e1a7ab102974492eb09323f68d4367ff,BUY,50,78.25,INTRADAY,MARKET,-712.5,960.0,-22.27,1.92,50960.0,-1.38
5,NSE_FO:NIFTY05JAN2318250PE [LOCAL],2023-01-03 09:15:00+05:30,11e321712d02474194db505920fcb15d,SELL,50,115.0,INTRADAY,MARKET,2023-01-03 15:15:00+05:30,0c3557de6b764365a3623d7d187bc390,BUY,50,65.8,INTRADAY,MARKET,2460.0,3420.0,42.78,6.84,53420.0,0.0
6,NSE_FO:NIFTY05JAN2318350CE [LOCAL],2023-01-04 09:15:00+05:30,a0a5750619b84666a9fa8e9deb88562d,SELL,50,30.0,INTRADAY,MARKET,2023-01-04 15:15:00+05:30,344dcc1f3a2648b89f1c484d89864d23,BUY,50,4.55,INTRADAY,MARKET,1272.5,4692.5,84.83,9.38,54692.5,0.0
7,NSE_FO:NIFTY05JAN2318350PE [LOCAL],2023-01-04 09:15:00+05:30,9ccca35cf3f3497181dca77e17aceae3,SELL,50,139.95,INTRADAY,MARKET,2023-01-04 15:15:00+05:30,3291ea4354614359b35f266fb30d58cd,BUY,50,294.45,INTRADAY,MARKET,-7725.0,-3032.5,-110.4,-6.07,46967.5,-14.12
8,NSE_FO:NIFTY05JAN2318200CE [LOCAL],2023-01-05 09:15:00+05:30,23a6d75fe4eb4882ac187f01511ea435,SELL,50,16.65,INTRADAY,MARKET,2023-01-05 15:15:00+05:30,0469c9fbff9146e7b52f6a110cdf77d6,BUY,50,0.1,INTRADAY,MARKET,827.5,-2205.0,99.4,-4.41,47795.0,-12.61
9,NSE_FO:NIFTY05JAN2318200PE [LOCAL],2023-01-05 09:15:00+05:30,8ab0c74f90854c11903c0724622f7716,SELL,50,142.0,INTRADAY,MARKET,2023-01-05 15:15:00+05:30,ec962bab00874bf9b73642faa519645e,BUY,50,211.9,INTRADAY,MARKET,-3495.0,-5700.0,-49.23,-11.4,44300.0,-19.0
10,NSE_FO:NIFTY12JAN2318100CE [LOCAL],2023-01-06 09:15:00+05:30,d21c66f67b224c35a652db361e88c8d1,SELL,50,86.45,INTRADAY,MARKET,2023-01-06 15:15:00+05:30,75d9a7a2227b45d0b5067357142f892e,BUY,50,37.15,INTRADAY,MARKET,2465.0,-3235.0,57.03,-6.47,46765.0,-14.49
11,NSE_FO:NIFTY12JAN2318100PE [LOCAL],2023-01-06 09:15:00+05:30,444678ead5bf4c1aadf17369d4869286,SELL,50,163.3,INTRADAY,MARKET,2023-01-06 15:15:00+05:30,481155580e934229ac7cd0876feaf7a0,BUY,50,241.95,INTRADAY,MARKET,-3932.5,-7167.5,-48.16,-14.34,42832.5,-21.68
12,NSE_FO:NIFTY12JAN2318050CE [LOCAL],2023-01-09 09:15:00+05:30,1d65a14c2aaf4047a45db133c1dbab5b,SELL,50,62.2,INTRADAY,MARKET,2023-01-09 15:15:00+05:30,ce904821b057428f8f04e1561e1a3545,BUY,50,115.85,INTRADAY,MARKET,-2682.5,-9850.0,-86.25,-19.7,40150.0,-26.59
13,NSE_FO:NIFTY12JAN2318050PE [LOCAL],2023-01-09 09:15:00+05:30,ba1f2cfbc0f4440d851ed53b34ba3ad0,SELL,50,158.95,INTRADAY,MARKET,2023-01-09 15:15:00+05:30,051ece1e33df4434861c30a099a9ceb2,BUY,50,53.9,INTRADAY,MARKET,5252.5,-4597.5,66.09,-9.2,45402.5,-16.99
14,NSE_FO:NIFTY12JAN2318200CE [LOCAL],2023-01-10 09:15:00+05:30,4c2bb82585cf4074b82f124ad32f925c,SELL,50,41.65,INTRADAY,MARKET,2023-01-10 15:15:00+05:30,72cb471f95034d94bf935a3ac95daa27,BUY,50,12.85,INTRADAY,MARKET,1440.0,-3157.5,69.15,-6.32,46842.5,-14.35
15,NSE_FO:NIFTY12JAN2318200PE [LOCAL],2023-01-10 09:15:00+05:30,151bc91667d94a088416d2b4a983c8ae,SELL,50,159.0,INTRADAY,MARKET,2023-01-10 15:15:00+05:30,36b960982c3043ff937ab4f9f4b1bfb7,BUY,50,279.25,INTRADAY,MARKET,-6012.5,-9170.0,-75.63,-18.34,40830.0,-25.35
16,NSE_FO:NIFTY12JAN2318000CE [LOCAL],2023-01-11 09:15:00+05:30,3a979f9b50bc48cd91afc5ccc6727a65,SELL,50,51.0,INTRADAY,MARKET,2023-01-11 15:15:00+05:30,7becbb154d874265a2e57dda605e02a6,BUY,50,24.45,INTRADAY,MARKET,1327.5,-7842.5,52.06,-15.68,42157.5,-22.92
17,NSE_FO:NIFTY12JAN2318000PE [LOCAL],2023-01-11 09:15:00+05:30,02a0270ed8764abd8d40d683eb1e4098,SELL,50,115.0,INTRADAY,MARKET,2023-01-11 15:15:00+05:30,7518d7cc81a04a5e82a6708ea0bcf278,BUY,50,126.55,INTRADAY,MARKET,-577.5,-8420.0,-10.04,-16.84,41580.0,-23.97
18,NSE_FO:NIFTY12JAN2318000CE [LOCAL],2023-01-12 09:15:00+05:30,b28f3de64c7948f1af6ab1de17009676,SELL,50,22.5,INTRADAY,MARKET,2023-01-12 15:15:00+05:30,7928b6e48cb24e9189d281c8085dda42,BUY,50,0.1,INTRADAY,MARKET,1120.0,-7300.0,99.56,-14.6,42700.0,-21.93
19,NSE_FO:NIFTY12JAN2318000PE [LOCAL],2023-01-12 09:15:00+05:30,431612dde9b34805a26efb8fb1340cf0,SELL,50,120.0,INTRADAY,MARKET,2023-01-12 15:15:00+05:30,16906ff311394426b410b9920f7e6cc5,BUY,50,142.0,INTRADAY,MARKET,-1100.0,-8400.0,-18.33,-16.8,41600.0,-23.94
20,NSE_FO:NIFTY19JAN2317950CE [LOCAL],2023-01-13 09:15:00+05:30,40383ee4a8d6422b9334c461b3a32058,SELL,50,105.0,INTRADAY,MARKET,2023-01-13 15:15:00+05:30,982e3f25eeb04edcbf708d42073ce559,BUY,50,123.4,INTRADAY,MARKET,-920.0,-9320.0,-17.52,-18.64,40680.0,-25.62
21,NSE_FO:NIFTY19JAN2317950PE [LOCAL],2023-01-13 09:15:00+05:30,4b2509b5ac97498eb7db7ceecd706581,SELL,50,181.65,INTRADAY,MARKET,2023-01-13 15:15:00+05:30,970dffa466614fd683f32e23eda9be7e,BUY,50,93.3,INTRADAY,MARKET,4417.5,-4902.5,48.64,-9.8,45097.5,-17.54
22,NSE_FO:NIFTY19JAN2318150CE [LOCAL],2023-01-16 09:15:00+05:30,5e6b04186bbb43ac90cd8119de5a7d56,SELL,50,51.2,INTRADAY,MARKET,2023-01-16 15:15:00+05:30,ad442d3e486e451fa4d593945f9fdc18,BUY,50,19.35,INTRADAY,MARKET,1592.5,-3310.0,62.21,-6.62,46690.0,-14.63
23,NSE_FO:NIFTY19JAN2318150PE [LOCAL],2023-01-16 09:15:00+05:30,a91059cb4d3a448eb5c27b0e4529d8e4,SELL,50,204.95,INTRADAY,MARKET,2023-01-16 15:15:00+05:30,d38c34b3a7d14d4e96aeafe45b36d795,BUY,50,258.8,INTRADAY,MARKET,-2692.5,-6002.5,-26.27,-12.0,43997.5,-19.55
24,NSE_FO:NIFTY19JAN2318000CE [LOCAL],2023-01-17 09:15:00+05:30,58adb1f830ed449a8b6327dce8fd14be,SELL,50,59.0,INTRADAY,MARKET,2023-01-17 15:15:00+05:30,4041b056f4164452bc62dff1bac52c5a,BUY,50,108.35,INTRADAY,MARKET,-2467.5,-8470.0,-83.64,-16.94,41530.0,-24.07
25,NSE_FO:NIFTY19JAN2318000PE [LOCAL],2023-01-17 09:15:00+05:30,d5f4b0c424464bdd92863fed37e813c5,SELL,50,131.1,INTRADAY,MARKET,2023-01-17 15:15:00+05:30,b60895b9ec98476497e7eff91374eb38,BUY,50,46.2,INTRADAY,MARKET,4245.0,-4225.0,64.76,-8.45,45775.0,-16.3
26,NSE_FO:NIFTY19JAN2318150CE [LOCAL],2023-01-18 09:15:00+05:30,a33da78bc8f741349fc1c924a093ae8e,SELL,50,34.1,INTRADAY,MARKET,2023-01-18 15:15:00+05:30,af84b3fbaa614adba20cd4ca61575803,BUY,50,50.8,INTRADAY,MARKET,-835.0,-5060.0,-48.97,-10.12,44940.0,-17.83
27,NSE_FO:NIFTY19JAN2318150PE [LOCAL],2023-01-18 09:15:00+05:30,fe87ab69a4df47dc9bfb7e2a9e39ad8c,SELL,50,124.3,INTRADAY,MARKET,2023-01-18 15:15:00+05:30,ce846ee7f7c04ea1a5b8bc61a873ca0a,BUY,50,47.4,INTRADAY,MARKET,3845.0,-1215.0,61.87,-2.43,48785.0,-10.8
28,NSE_FO:NIFTY19JAN2318200CE [LOCAL],2023-01-19 09:15:00+05:30,e60b068de3d84aaaab3823c1992d11a6,SELL,50,20.0,INTRADAY,MARKET,2023-01-19 15:15:00+05:30,4d25e7549ab74ebfa771d5be2247bb50,BUY,50,0.1,INTRADAY,MARKET,995.0,-220.0,99.5,-0.44,49780.0,-8.98
29,NSE_FO:NIFTY19JAN2318200PE [LOCAL],2023-01-19 09:15:00+05:30,098aa296a733480490502bfa00396952,SELL,50,85.0,INTRADAY,MARKET,2023-01-19 15:15:00+05:30,df244a216ede4c00ae78d5196d7c3126,BUY,50,92.85,INTRADAY,MARKET,-392.5,-612.5,-9.24,-1.23,49387.5,-9.7
30,NSE_FO:NIFTY25JAN2318200CE [LOCAL],2023-01-20 09:15:00+05:30,31fe10d81e8d497b9e0fd6182a7dd32b,SELL,50,69.15,INTRADAY,MARKET,2023-01-20 15:15:00+05:30,0fa469a679ed4a5e9d2459c0acd6450c,BUY,50,35.75,INTRADAY,MARKET,1670.0,1057.5,48.3,2.11,51057.5,-6.65
31,NSE_FO:NIFTY25JAN2318200PE [LOCAL],2023-01-20 09:15:00+05:30,612f310e74444e03b818d26134670f51,SELL,50,150.0,INTRADAY,MARKET,2023-01-20 15:15:00+05:30,e6c04cc2018946738e9a12ea5ae96500,BUY,50,179.85,INTRADAY,MARKET,-1492.5,-435.0,-19.9,-0.87,49565.0,-9.38
32,NSE_FO:NIFTY25JAN2318200CE [LOCAL],2023-01-23 09:15:00+05:30,daeae785454a4f0b847aa90b51eaa58e,SELL,50,46.8,INTRADAY,MARKET,2023-01-23 15:15:00+05:30,7b4d1d3555e64b49b13c0a99985538dd,BUY,50,39.65,INTRADAY,MARKET,357.5,-77.5,15.28,-0.16,49922.5,-8.72
33,NSE_FO:NIFTY25JAN2318200PE [LOCAL],2023-01-23 09:15:00+05:30,e7c753735b6f4a078baf3e9f021d50a9,SELL,50,125.25,INTRADAY,MARKET,2023-01-23 15:15:00+05:30,b5ca23e355a949999ad80d7c3580750e,BUY,50,88.5,INTRADAY,MARKET,1837.5,1760.0,29.34,3.52,51760.0,-5.36
34,NSE_FO:NIFTY25JAN2318300CE [LOCAL],2023-01-24 09:15:00+05:30,28bf1f6169584bd2a84f1a2998d276d1,SELL,50,16.95,INTRADAY,MARKET,2023-01-24 15:15:00+05:30,b5b98f684d4f4d1494430466d2d04fc4,BUY,50,3.6,INTRADAY,MARKET,667.5,2427.5,78.76,4.86,52427.5,-4.14
35,NSE_FO:NIFTY25JAN2318300PE [LOCAL],2023-01-24 09:15:00+05:30,c35a8dceeb8247c78c644a4d2de74b3f,SELL,50,146.05,INTRADAY,MARKET,2023-01-24 15:15:00+05:30,5a2eeedb82d447dcaf18e411426bad44,BUY,50,171.55,INTRADAY,MARKET,-1275.0,1152.5,-17.46,2.31,51152.5,-6.47
36,NSE_FO:NIFTY25JAN2318200CE [LOCAL],2023-01-25 09:15:00+05:30,7254e905cf0c45288a101870e0a7dfb9,SELL,50,12.7,INTRADAY,MARKET,2023-01-25 15:15:00+05:30,83857658a2714f05968649e7cf9c4012,BUY,50,0.1,INTRADAY,MARKET,630.0,1782.5,99.21,3.56,51782.5,-5.32
37,NSE_FO:NIFTY25JAN2318200PE [LOCAL],2023-01-25 09:15:00+05:30,7b29362981144ea89ba62609086df84b,SELL,50,106.1,INTRADAY,MARKET,2023-01-25 15:15:00+05:30,708e4920a25a44968d00476130f68f8f,BUY,50,308.3,INTRADAY,MARKET,-10110.0,-8327.5,-190.57,-16.66,41672.5,-23.81
38,NSE_FO:NIFTY02FEB2318000CE [LOCAL],2023-01-27 09:15:00+05:30,00b7e10f331949e985adf822d1c579bb,SELL,50,119.45,INTRADAY,MARKET,2023-01-27 15:15:00+05:30,68e80bd1ae074498a6e70fc3bc04157b,BUY,50,47.6,INTRADAY,MARKET,3592.5,-4735.0,60.15,-9.47,45265.0,-17.24
39,NSE_FO:NIFTY02FEB2318000PE [LOCAL],2023-01-27 09:15:00+05:30,c178a7d8a7fd408a8ac3a478c2800553,SELL,50,190.75,INTRADAY,MARKET,2023-01-27 15:15:00+05:30,8819673c02fb4051a8443112e5ff9d7c,BUY,50,417.95,INTRADAY,MARKET,-11360.0,-16095.0,-119.11,-32.19,33905.0,-38.01
40,NSE_FO:NIFTY02FEB2317650CE [LOCAL],2023-01-30 09:15:00+05:30,0e18417c491d475f882a57b27b2fd6b6,SELL,50,165.0,INTRADAY,MARKET,2023-01-30 15:15:00+05:30,7a90948903ab4282a2147e939dde19fd,BUY,50,169.8,INTRADAY,MARKET,-240.0,-16335.0,-2.91,-32.67,33665.0,-38.45
41,NSE_FO:NIFTY02FEB2317650PE [LOCAL],2023-01-30 09:15:00+05:30,be03ab1c6b8e4523bd549c4b0435e57e,SELL,50,191.0,INTRADAY,MARKET,2023-01-30 15:15:00+05:30,635a69f7d8284ed894f14b73636bd8e5,BUY,50,150.4,INTRADAY,MARKET,2030.0,-14305.0,21.26,-28.61,35695.0,-34.74
42,NSE_FO:NIFTY02FEB2317850CE [LOCAL],2023-01-31 09:15:00+05:30,13f25437fafe43e8a381151e5539dcc5,SELL,50,100.0,INTRADAY,MARKET,2023-01-31 15:15:00+05:30,5beeff1ba7cb4123b2fd9d369f5d2cdd,BUY,50,98.25,INTRADAY,MARKET,87.5,-14217.5,1.75,-28.44,35782.5,-34.58
43,NSE_FO:NIFTY02FEB2317850PE [LOCAL],2023-01-31 09:15:00+05:30,2dcda31e9a7e4969a86dc015eea9143c,SELL,50,220.35,INTRADAY,MARKET,2023-01-31 15:15:00+05:30,eec1111361fa47e880eb275fa6614b9b,BUY,50,205.85,INTRADAY,MARKET,725.0,-13492.5,6.58,-26.98,36507.5,-33.25
44,NSE_FO:NIFTY02FEB2317900CE [LOCAL],2023-02-01 09:15:00+05:30,2b887e89eafd48ff81c82fe3d7ad31e9,SELL,50,100.0,INTRADAY,MARKET,2023-02-01 15:15:00+05:30,1b7406eb16f8457498be6f6006887d19,BUY,50,14.7,INTRADAY,MARKET,4265.0,-9227.5,85.3,-18.45,40772.5,-25.45
45,NSE_FO:NIFTY02FEB2317900PE [LOCAL],2023-02-01 09:15:00+05:30,eb1ae8973a354d69a05b6f58ca6b331d,SELL,50,163.45,INTRADAY,MARKET,2023-02-01 15:15:00+05:30,9fad9a8e52774fc5a262e9b76035e504,BUY,50,280.65,INTRADAY,MARKET,-5860.0,-15087.5,-71.7,-30.18,34912.5,-36.17
46,NSE_FO:NIFTY02FEB2317600CE [LOCAL],2023-02-02 09:15:00+05:30,967fa24b55f24afc97a644fb1c50b2c6,SELL,50,44.5,INTRADAY,MARKET,2023-02-02 15:15:00+05:30,8689ebcf45834b9bbff6b37d5d744da6,BUY,50,7.05,INTRADAY,MARKET,1872.5,-13215.0,84.16,-26.43,36785.0,-32.74
47,NSE_FO:NIFTY02FEB2317600PE [LOCAL],2023-02-02 09:15:00+05:30,e5445f14f4d248378f29852eff1fbfb7,SELL,50,101.0,INTRADAY,MARKET,2023-02-02 15:15:00+05:30,005d3d32160f4f678971c10f9b4cc31e,BUY,50,1.6,INTRADAY,MARKET,4970.0,-8245.0,98.42,-16.49,41755.0,-23.65
48,NSE_FO:NIFTY09FEB2317800CE [LOCAL],2023-02-03 09:15:00+05:30,8b06db0d4df345f29e24be894f315825,SELL,50,101.2,INTRADAY,MARKET,2023-02-03 15:15:00+05:30,d6dcdd9d7b8c4ffc8bcf2644f9fa9086,BUY,50,150.4,INTRADAY,MARKET,-2460.0,-10705.0,-48.62,-21.41,39295.0,-28.15
49,NSE_FO:NIFTY09FEB2317800PE [LOCAL],2023-02-03 09:15:00+05:30,737ca0cf0dc54b94b82c58c2031732b3,SELL,50,203.9,INTRADAY,MARKET,2023-02-03 15:15:00+05:30,534d0804070f46b8826913890118c111,BUY,50,95.0,INTRADAY,MARKET,5445.0,-5260.0,53.41,-10.52,44740.0,-18.2
50,NSE_FO:NIFTY09FEB2317900CE [LOCAL],2023-02-06 09:15:00+05:30,956e4e6402814bbcb29c073bdf38c982,SELL,50,75.0,INTRADAY,MARKET,2023-02-06 15:15:00+05:30,d0d3ebea92a84b74ac6db5b79a0691f9,BUY,50,45.9,INTRADAY,MARKET,1455.0,-3805.0,38.8,-7.61,46195.0,-15.54
51,NSE_FO:NIFTY09FEB2317900PE [LOCAL],2023-02-06 09:15:00+05:30,c4eee7bfe0b6460f9b8a12aac840334d,SELL,50,158.95,INTRADAY,MARKET,2023-02-06 15:15:00+05:30,949b06baf17b4622a895f994c42efeee,BUY,50,179.7,INTRADAY,MARKET,-1037.5,-4842.5,-13.05,-9.68,45157.5,-17.43
52,NSE_FO:NIFTY09FEB2317900CE [LOCAL],2023-02-07 09:15:00+05:30,2307f9bbdb404b5ca00a6e30111decb1,SELL,50,45.0,INTRADAY,MARKET,2023-02-07 15:15:00+05:30,97f1d6963fa547bb992af56f09f305ad,BUY,50,26.6,INTRADAY,MARKET,920.0,-3922.5,40.89,-7.85,46077.5,-15.75
53,NSE_FO:NIFTY09FEB2317900PE [LOCAL],2023-02-07 09:15:00+05:30,d3fd24f2f0a344d493e63df6104bd19d,SELL,50,193.0,INTRADAY,MARKET,2023-02-07 15:15:00+05:30,f1054785b4ca44c9b8ec8fba526bf91f,BUY,50,184.4,INTRADAY,MARKET,430.0,-3492.5,4.46,-6.98,46507.5,-14.97
54,NSE_FO:NIFTY09FEB2317850CE [LOCAL],2023-02-08 09:15:00+05:30,281a33375fdd45cd9c7352f67fc2c948,SELL,50,41.05,INTRADAY,MARKET,2023-02-08 15:15:00+05:30,788bf8651730460893ed3e030ff5de0e,BUY,50,68.6,INTRADAY,MARKET,-1377.5,-4870.0,-67.11,-9.74,45130.0,-17.48
55,NSE_FO:NIFTY09FEB2317850PE [LOCAL],2023-02-08 09:15:00+05:30,ea960b3a3ecc4c0eba762d164177f944,SELL,50,160.0,INTRADAY,MARKET,2023-02-08 15:15:00+05:30,1861f240feb540d686d0d78b6373cb7e,BUY,50,50.3,INTRADAY,MARKET,5485.0,615.0,68.56,1.23,50615.0,-7.46
56,NSE_FO:NIFTY09FEB2318000CE [LOCAL],2023-02-09 09:15:00+05:30,87b457e0f2b2435bb5137eecd9bb5a2f,SELL,50,13.4,INTRADAY,MARKET,2023-02-09 15:15:00+05:30,fdfc52bc93dc436081e322baa04d762e,BUY,50,0.05,INTRADAY,MARKET,667.5,1282.5,99.63,2.56,51282.5,-6.23
57,NSE_FO:NIFTY09FEB2318000PE [LOCAL],2023-02-09 09:15:00+05:30,7be81e7891ef42ac9e0e1bbd465a5b08,SELL,50,137.55,INTRADAY,MARKET,2023-02-09 15:15:00+05:30,45249b38204244cca9514c129127dd74,BUY,50,111.1,INTRADAY,MARKET,1322.5,2605.0,19.23,5.21,52605.0,-3.82
58,NSE_FO:NIFTY16FEB2317950CE [LOCAL],2023-02-10 09:15:00+05:30,e0770b6224054bbd813f72d2957e05f2,SELL,50,90.3,INTRADAY,MARKET,2023-02-10 15:15:00+05:30,d5dd0c4b88cf494fa6d74569b3bd9b04,BUY,50,55.95,INTRADAY,MARKET,1717.5,4322.5,38.04,8.64,54322.5,-0.68
59,NSE_FO:NIFTY16FEB2317950PE [LOCAL],2023-02-10 09:15:00+05:30,1946a2a5ca5a473d9f26a3c39b94ef5b,SELL,50,150.0,INTRADAY,MARKET,2023-02-10 15:15:00+05:30,0222e03a0205419a8752169face65bff,BUY,50,137.25,INTRADAY,MARKET,637.5,4960.0,8.5,9.92,54960.0,0.0
60,NSE_FO:NIFTY16FEB2317950CE [LOCAL],2023-02-13 09:15:00+05:30,d0e3b99c4e6941039da301089cee6ab9,SELL,50,62.6,INTRADAY,MARKET,2023-02-13 15:15:00+05:30,1a9cb8c1218f4bdb97ce3f9d8ce206c7,BUY,50,26.15,INTRADAY,MARKET,1822.5,6782.5,58.23,13.56,56782.5,0.0
61,NSE_FO:NIFTY16FEB2317950PE [LOCAL],2023-02-13 09:15:00+05:30,93080ee033da4208bbf0667829bdd69f,SELL,50,140.0,INTRADAY,MARKET,2023-02-13 15:15:00+05:30,d9a8b062249642c88ddc42be139de585,BUY,50,195.75,INTRADAY,MARKET,-2787.5,3995.0,-39.82,7.99,53995.0,-4.91
62,NSE_FO:NIFTY16FEB2317950CE [LOCAL],2023-02-14 09:15:00+05:30,aa2e0ce5e96941eb926615f1fe4750f2,SELL,50,32.6,INTRADAY,MARKET,2023-02-14 15:15:00+05:30,3780019b516e404683e8fe9de3f123a2,BUY,50,57.7,INTRADAY,MARKET,-1255.0,2740.0,-76.99,5.48,52740.0,-7.12
63,NSE_FO:NIFTY16FEB2317950PE [LOCAL],2023-02-14 09:15:00+05:30,6df4097225e94457bd5da9e23839a92d,SELL,50,164.05,INTRADAY,MARKET,2023-02-14 15:15:00+05:30,458e8cd34cc8472c80bf952c24ad75dc,BUY,50,85.5,INTRADAY,MARKET,3927.5,6667.5,47.88,13.34,56667.5,-0.2
64,NSE_FO:NIFTY16FEB2318000CE [LOCAL],2023-02-15 09:15:00+05:30,00218451febb49718ae0c4d1e87375d8,SELL,50,37.4,INTRADAY,MARKET,2023-02-15 15:15:00+05:30,62784250d6e14387aa0756b9340d78ee,BUY,50,54.65,INTRADAY,MARKET,-862.5,5805.0,-46.12,11.61,55805.0,-1.72
65,NSE_FO:NIFTY16FEB2318000PE [LOCAL],2023-02-15 09:15:00+05:30,840e62c27fad4de1b6faa402f39fc957,SELL,50,123.0,INTRADAY,MARKET,2023-02-15 15:15:00+05:30,f2995c53c1cf48b19a9ffd0dce3a5763,BUY,50,41.0,INTRADAY,MARKET,4100.0,9905.0,66.67,19.81,59905.0,0.0
66,NSE_FO:NIFTY16FEB2318200CE [LOCAL],2023-02-16 09:15:00+05:30,55c9c23ae92c4e82bcaeef1a7d64c71c,SELL,50,4.5,INTRADAY,MARKET,2023-02-16 15:15:00+05:30,46617fabcf8344299efc5ebc5f619cf7,BUY,50,0.05,INTRADAY,MARKET,222.5,10127.5,98.89,20.26,60127.5,0.0
67,NSE_FO:NIFTY16FEB2318200PE [LOCAL],2023-02-16 09:15:00+05:30,48083aeca3d14140ba6e11d556183ad4,SELL,50,150.0,INTRADAY,MARKET,2023-02-16 15:15:00+05:30,c5bff422c7f348438fbe004e695ce46f,BUY,50,158.0,INTRADAY,MARKET,-400.0,9727.5,-5.33,19.45,59727.5,-0.67
68,NSE_FO:NIFTY23FEB2318050CE [LOCAL],2023-02-17 09:15:00+05:30,77ae12318431428fa52a486f92ac28ad,SELL,50,89.9,INTRADAY,MARKET,2023-02-17 15:15:00+05:30,a51c4570f0eb4280bddb79f8ff667a55,BUY,50,55.5,INTRADAY,MARKET,1720.0,11447.5,38.26,22.9,61447.5,0.0
69,NSE_FO:NIFTY23FEB2318050PE [LOCAL],2023-02-17 09:15:00+05:30,e88494941ff24818b88541d48fb04fd6,SELL,50,116.0,INTRADAY,MARKET,2023-02-17 15:15:00+05:30,99a411ad7ab044a6a8afc277d6dacebe,BUY,50,149.1,INTRADAY,MARKET,-1655.0,9792.5,-28.53,19.58,59792.5,-2.69
70,NSE_FO:NIFTY23FEB2318050CE [LOCAL],2023-02-20 09:15:00+05:30,46cf484561324aa6b03bae889d00b8e9,SELL,50,55.05,INTRADAY,MARKET,2023-02-20 15:15:00+05:30,d2d4cfa82c1542d68880c43257e9086e,BUY,50,26.9,INTRADAY,MARKET,1407.5,11200.0,51.14,22.4,61200.0,-0.4
71,NSE_FO:NIFTY23FEB2318050PE [LOCAL],2023-02-20 09:15:00+05:30,e9c82be4597c4b1283ad3223cd9c64ea,SELL,50,149.0,INTRADAY,MARKET,2023-02-20 15:15:00+05:30,09eb2276852945508088bda822c78097,BUY,50,211.5,INTRADAY,MARKET,-3125.0,8075.0,-41.95,16.15,58075.0,-5.49
72,NSE_FO:NIFTY23FEB2318000CE [LOCAL],2023-02-21 09:15:00+05:30,a5e453d10fc44147872d2ea1c1e39deb,SELL,50,36.0,INTRADAY,MARKET,2023-02-21 15:15:00+05:30,ed1fbdca4dec41158cd3744dc108267c,BUY,50,17.3,INTRADAY,MARKET,935.0,9010.0,51.94,18.02,59010.0,-3.97
73,NSE_FO:NIFTY23FEB2318000PE [LOCAL],2023-02-21 09:15:00+05:30,80bfc027188e4c99a06215b0fbec63a3,SELL,50,150.05,INTRADAY,MARKET,2023-02-21 15:15:00+05:30,0f1573b146144d6ca12dc4a71e9e11ca,BUY,50,186.95,INTRADAY,MARKET,-1845.0,7165.0,-24.59,14.33,57165.0,-6.97
74,NSE_FO:NIFTY23FEB2317850CE [LOCAL],2023-02-22 09:15:00+05:30,621c87654c33480da8de902f78abf038,SELL,50,50.0,INTRADAY,MARKET,2023-02-22 15:15:00+05:30,f44eef49b2164424b34e5ac48d861d55,BUY,50,4.7,INTRADAY,MARKET,2265.0,9430.0,90.6,18.86,59430.0,-3.28
75,NSE_FO:NIFTY23FEB2317850PE [LOCAL],2023-02-22 09:15:00+05:30,1ae541c96f8447c1913f80471073b3c1,SELL,50,99.1,INTRADAY,MARKET,2023-02-22 15:15:00+05:30,195b3a761b1c4072b82036d19ef35970,BUY,50,288.75,INTRADAY,MARKET,-9482.5,-52.5,-191.37,-0.1,49947.5,-18.72
76,NSE_FO:NIFTY23FEB2317650CE [LOCAL],2023-02-23 09:15:00+05:30,edc3b1800c3f432c9efb0b107d1a9898,SELL,50,26.0,INTRADAY,MARKET,2023-02-23 15:15:00+05:30,89b04cc3626549439d1b242920acb991,BUY,50,0.15,INTRADAY,MARKET,1292.5,1240.0,99.42,2.48,51240.0,-16.61
77,NSE_FO:NIFTY23FEB2317650PE [LOCAL],2023-02-23 09:15:00+05:30,9d85314dd3b34cddbd888b067deb1016,SELL,50,100.55,INTRADAY,MARKET,2023-02-23 15:15:00+05:30,4ad39e1d33aa45a69e0621e79a3a7494,BUY,50,143.05,INTRADAY,MARKET,-2125.0,-885.0,-42.27,-1.77,49115.0,-20.07
78,NSE_FO:NIFTY02MAR2317700CE [LOCAL],2023-02-24 09:15:00+05:30,e77df02dc76a420d8e9a796e9eb5142b,SELL,50,68.75,INTRADAY,MARKET,2023-02-24 15:15:00+05:30,fee58b7a83b14cf8a83e04d347811114,BUY,50,29.1,INTRADAY,MARKET,1982.5,1097.5,57.67,2.2,51097.5,-16.84
79,NSE_FO:NIFTY02MAR2317700PE [LOCAL],2023-02-24 09:15:00+05:30,8c5167d13df24b92bc9e57a5526e01d8,SELL,50,175.0,INTRADAY,MARKET,2023-02-24 15:15:00+05:30,bec190d282e64412a19ae13960c1f138,BUY,50,233.25,INTRADAY,MARKET,-2912.5,-1815.0,-33.29,-3.63,48185.0,-21.58
80,NSE_FO:NIFTY02MAR2317550CE [LOCAL],2023-02-27 09:15:00+05:30,53a94eedd9ba40cab3975882608813f3,SELL,50,55.0,INTRADAY,MARKET,2023-02-27 15:15:00+05:30,804f26649a37452e85aa08ea6371f340,BUY,50,36.9,INTRADAY,MARKET,905.0,-910.0,32.91,-1.82,49090.0,-20.11
81,NSE_FO:NIFTY02MAR2317550PE [LOCAL],2023-02-27 09:15:00+05:30,0be8f5268a744f169352a8d4870b2928,SELL,50,133.0,INTRADAY,MARKET,2023-02-27 15:15:00+05:30,9de90a65f46c4bceb0745e2292e7d8b7,BUY,50,159.4,INTRADAY,MARKET,-1320.0,-2230.0,-19.85,-4.46,47770.0,-22.26
82,NSE_FO:NIFTY02MAR2317500CE [LOCAL],2023-02-28 09:15:00+05:30,55a779f04f0c455599072c3865f36bf0,SELL,50,54.0,INTRADAY,MARKET,2023-02-28 15:15:00+05:30,c9d1099555544c7e8d770e04ab32466a,BUY,50,54.0,INTRADAY,MARKET,-0.0,-2230.0,-0.0,-4.46,47770.0,-22.26
83,NSE_FO:NIFTY02MAR2317500PE [LOCAL],2023-02-28 09:15:00+05:30,43bbfbcd0cbc4210bd79c5cb082bcca0,SELL,50,123.45,INTRADAY,MARKET,2023-02-28 15:15:00+05:30,572357a6a84e4e8f99d3fbbf6a7685dc,BUY,50,123.45,INTRADAY,MARKET,-0.0,-2230.0,-0.0,-4.46,47770.0,-22.26
