,INST,EN_TIME,EN_ID,EN_TT,EN_Q,EN_PRICE,EN_CODE,EN_VAR,EX_TIME,EX_ID,EX_TT,EX_Q,EX_PRICE,EX_CODE,EX_VAR,P&L,ROI,P&L %,ROI %,Equity Curve,Drawdown %
0,NSE_EQ:TCS,2023-05-03 10:15:00+05:30,80233f81b8944b91954d9d1f90b4d57c,SELL,1,3192.7,INTRADAY,MARKET,2023-05-03 15:10:00+05:30,c821cb68fa1a4e208c61945ee40d4048,BUY,1,3176.8,INTRADAY,MARKET,15.9,15.9,0.5,0.03,50015.9,0.0
1,NSE_EQ:TCS,2023-05-04 11:15:00+05:30,7433d353af404d87bafd2b501e491904,BUY,1,3209.45,INTRADAY,MARKET,2023-05-04 15:10:00+05:30,865f72b66fb74e6cb3c407d172aa9161,SELL,1,3209.9,INTRADAY,MARKET,0.45,16.35,0.01,0.03,50016.35,0.0
2,NSE_EQ:TCS,2023-05-08 09:15:00+05:30,3ea75b7f263b4c17b3a269a7915d116d,SELL,1,3245.0,INTRADAY,MARKET,2023-05-08 10:15:00+05:30,ac1341e140584d75a902b62fd2210c86,BUY,1,3236.75,INTRADAY,MARKET,8.25,24.6,0.25,0.05,50024.6,0.0
3,NSE_EQ:TCS,2023-05-08 10:15:00+05:30,dd2e5a250522466888c376fa435308a1,BUY,1,3236.75,INTRADAY,MARKET,2023-05-08 15:10:00+05:30,39a8b5433107447a8ac127c0d717b88e,SELL,1,3239.35,INTRADAY,MARKET,2.6,27.2,0.08,0.05,50027.2,0.0
4,NSE_EQ:TCS,2023-05-11 13:15:00+05:30,c4d3cbd17559445f88d2ba0d31846823,SELL,1,3291.7,INTRADAY,MARKET,2023-05-11 15:10:00+05:30,aeba69eea7644f9e9c3bc800e22d98c3,BUY,1,3293.45,INTRADAY,MARKET,-1.75,25.45,-0.05,0.05,50025.45,-0.0
5,NSE_EQ:TCS,2023-05-15 09:15:00+05:30,5aeae318a61242bbbcad5d9dd934279a,BUY,1,3284.0,INTRADAY,MARKET,2023-05-15 15:10:00+05:30,3f1fe87736ae433683b41276b193efa4,SELL,1,3281.0,INTRADAY,MARKET,-3.0,22.45,-0.09,0.04,50022.45,-0.01
6,NSE_EQ:TCS,2023-05-17 10:15:00+05:30,9ed6ee4e96f54ea2b38eea533c184844,SELL,1,3238.45,INTRADAY,MARKET,2023-05-17 15:10:00+05:30,613b558339844e7ebe15684b5840f62c,BUY,1,3205.95,INTRADAY,MARKET,32.5,54.95,1.0,0.11,50054.95,0.0
7,NSE_EQ:TCS,2023-05-19 11:15:00+05:30,9f16b66338e2406ab9fe39c7d967ceb1,BUY,1,3223.95,INTRADAY,MARKET,2023-05-19 15:10:00+05:30,75bb4d733c6946f6831a7943818f0626,SELL,1,3224.1,INTRADAY,MARKET,0.15,55.1,0.0,0.11,50055.1,0.0
8,NSE_EQ:TCS,2023-05-24 10:15:00+05:30,ca9dda483b9244eead6903662f28123d,SELL,1,3302.0,INTRADAY,MARKET,2023-05-24 13:15:00+05:30,af0ad890290a40dea83dc02d2f1a7a7e,BUY,1,3300.0,INTRADAY,MARKET,2.0,57.1,0.06,0.11,50057.1,0.0
9,NSE_EQ:TCS,2023-05-24 13:15:00+05:30,b7292ec0ea354eac86b267dc5af81503,BUY,1,3300.0,INTRADAY,MARKET,2023-05-24 15:10:00+05:30,943cb0e253af4fe5bd09546c997b4a6c,SELL,1,3301.0,INTRADAY,MARKET,1.0,58.1,0.03,0.12,50058.1,0.0
10,NSE_EQ:TCS,2023-05-25 11:15:00+05:30,1ecdf565c9274a16a599004015c774ac,SELL,1,3275.1,INTRADAY,MARKET,2023-05-25 15:10:00+05:30,fd3cf80b30e04cb3af9b511b560e0109,BUY,1,3284.25,INTRADAY,MARKET,-9.15,48.95,-0.28,0.1,50048.95,-0.02
11,NSE_EQ:TCS,2023-05-26 10:15:00+05:30,4f5d34dd74c445fab80c0d561d3f3a49,BUY,1,3294.9,INTRADAY,MARKET,2023-05-26 15:10:00+05:30,0f08cd6761784efab27ba687e81b9046,SELL,1,3315.3,INTRADAY,MARKET,20.4,69.35,0.62,0.14,50069.35,0.0
12,NSE_EQ:TCS,2023-05-31 10:15:00+05:30,f7c11920db3646ba9869dd894f574643,BUY,1,3317.25,INTRADAY,MARKET,2023-05-31 12:15:00+05:30,b1725bd494d549fba5ceff00d8d0115a,SELL,1,3300.3,INTRADAY,MARKET,-16.95,52.4,-0.51,0.1,50052.4,-0.03
13,NSE_EQ:TCS,2023-05-31 12:15:00+05:30,0898b05b68ad403dabdf3ddb669292c8,SELL,1,3300.3,INTRADAY,MARKET,2023-05-31 15:10:00+05:30,24ed88ef6c514048ab8e632334e0bd0a,BUY,1,3307.8,INTRADAY,MARKET,-7.5,44.9,-0.23,0.09,50044.9,-0.05
14,NSE_EQ:TCS,2023-06-01 10:15:00+05:30,8a2ba1e78d0442788e6c6f189c60ad52,BUY,1,3333.0,INTRADAY,MARKET,2023-06-01 15:10:00+05:30,ec920cbdb6f843248ca9fb01b1f6b43c,SELL,1,3315.55,INTRADAY,MARKET,-17.45,27.45,-0.52,0.05,50027.450000000004,-0.08
15,NSE_EQ:TCS,2023-06-02 11:15:00+05:30,9702d84c7788447f890c00bc3cbe34f6,SELL,1,3308.3,INTRADAY,MARKET,2023-06-02 15:10:00+05:30,f6bf328b19d44784a5b175b57678f37b,BUY,1,3306.6,INTRADAY,MARKET,1.7,29.15,0.05,0.06,50029.15,-0.08
16,NSE_EQ:TCS,2023-06-05 11:15:00+05:30,d35c9f30e40c4825ba257ed09b96db4e,BUY,1,3315.7,INTRADAY,MARKET,2023-06-05 13:15:00+05:30,c302bc95a39f43dd9d90e070fdad425a,SELL,1,3298.75,INTRADAY,MARKET,-16.95,12.2,-0.51,0.02,50012.200000000004,-0.11
17,NSE_EQ:TCS,2023-06-05 13:15:00+05:30,45bc1a57903143b9a4d8d6676351586a,SELL,1,3298.75,INTRADAY,MARKET,2023-06-05 15:10:00+05:30,77546ec90aaf410083f80fc935fab8d4,BUY,1,3296.0,INTRADAY,MARKET,2.75,14.95,0.08,0.03,50014.950000000004,-0.11
18,NSE_EQ:TCS,2023-06-07 11:15:00+05:30,58bd754a8c7941da96323f0a4fbca512,BUY,1,3251.85,INTRADAY,MARKET,2023-06-07 15:10:00+05:30,474e407ca7f841dfaf1ae4642040242e,SELL,1,3267.0,INTRADAY,MARKET,15.15,30.1,0.47,0.06,50030.100000000006,-0.08
19,NSE_EQ:TCS,2023-06-08 12:15:00+05:30,df529346f46b4ae19aafcac4f747c6f1,SELL,1,3242.8,INTRADAY,MARKET,2023-06-08 15:10:00+05:30,ec1f947eacb540f2a4e6c2551ed538bf,BUY,1,3242.0,INTRADAY,MARKET,0.8,30.9,0.02,0.06,50030.90000000001,-0.08
20,NSE_EQ:TCS,2023-06-12 11:15:00+05:30,7a47e8c1146a403dbbde413ba7c4c04b,BUY,1,3236.55,INTRADAY,MARKET,2023-06-12 15:10:00+05:30,e51ca46318214d6fb5b7e6695ff36c59,SELL,1,3247.1,INTRADAY,MARKET,10.55,41.45,0.33,0.08,50041.45000000001,-0.06
21,NSE_EQ:TCS,2023-06-13 14:15:00+05:30,3abbc415587349f0924769571296e19e,SELL,1,3248.1,INTRADAY,MARKET,2023-06-13 15:10:00+05:30,6bae9cb62e714eefbe19b195ff6b1df3,BUY,1,3248.1,INTRADAY,MARKET,-0.0,41.45,-0.0,0.08,50041.45000000001,-0.06
22,NSE_EQ:TCS,2023-06-14 14:15:00+05:30,2d2c457165284a3a82f5de84f9bb8df4,BUY,1,3253.65,INTRADAY,MARKET,2023-06-14 15:10:00+05:30,1d1c2c8f924947539ae5231e77c4d725,SELL,1,3253.65,INTRADAY,MARKET,0.0,41.45,0.0,0.08,50041.45000000001,-0.06
23,NSE_EQ:TCS,2023-06-15 10:15:00+05:30,e5f5ba9a9e3c4c0380b94435c958aa66,SELL,1,3230.85,INTRADAY,MARKET,2023-06-15 15:10:00+05:30,36f9a43699cd4ce99a746ad342bc920e,BUY,1,3230.05,INTRADAY,MARKET,0.8,42.25,0.02,0.08,50042.250000000015,-0.05
24,NSE_EQ:TCS,2023-06-19 11:15:00+05:30,53a08ec3f8f04d2582fa483040ecc11c,BUY,1,3187.6,INTRADAY,MARKET,2023-06-19 15:10:00+05:30,7023dc45d0e04c0891507ecb9da3323b,SELL,1,3203.35,INTRADAY,MARKET,15.75,58.0,0.49,0.12,50058.000000000015,-0.02
25,NSE_EQ:TCS,2023-06-22 13:15:00+05:30,c22fd7eb69c54bc4acf64f1a1f26d0d5,SELL,1,3246.0,INTRADAY,MARKET,2023-06-22 15:10:00+05:30,c975c0486e234b32b75f227f7260838f,BUY,1,3248.25,INTRADAY,MARKET,-2.25,55.75,-0.07,0.11,50055.750000000015,-0.03
26,NSE_EQ:TCS,2023-06-27 11:15:00+05:30,6caa3f98ebf74190831e12b04238f07c,BUY,1,3192.6,INTRADAY,MARKET,2023-06-27 14:15:00+05:30,06ea2fa7c7a046e498113bb78337ffc8,SELL,1,3185.7,INTRADAY,MARKET,-6.9,48.85,-0.22,0.1,50048.85000000001,-0.04
27,NSE_EQ:TCS,2023-06-27 14:15:00+05:30,6c09e0b522a745d882a83cab2305d13a,SELL,1,3185.7,INTRADAY,MARKET,2023-06-27 15:10:00+05:30,dcf440478ae840ea9f2d254f07dbe5ef,BUY,1,3185.7,INTRADAY,MARKET,-0.0,48.85,-0.0,0.1,50048.85000000001,-0.04
28,NSE_EQ:TCS,2023-06-28 11:15:00+05:30,6c336d5f78114e7fbc1d6bc88d060243,BUY,1,3210.35,INTRADAY,MARKET,2023-06-28 15:10:00+05:30,1efa870d26ae42ca8d69b180bff2a886,SELL,1,3222.8,INTRADAY,MARKET,12.45,61.3,0.39,0.12,50061.30000000001,-0.02
29,NSE_EQ:TCS,2023-07-03 14:15:00+05:30,caa316a9f8414ba0b3c7472cdfced242,SELL,1,3275.1,INTRADAY,MARKET,2023-07-03 15:10:00+05:30,45cf00aa4e8b48ada34ca75cb13d659b,BUY,1,3275.1,INTRADAY,MARKET,-0.0,61.3,-0.0,0.12,50061.30000000001,-0.02
30,NSE_EQ:TCS,2023-07-04 11:15:00+05:30,f437967875ca445a85ea3ae89655b38b,BUY,1,3286.45,INTRADAY,MARKET,2023-07-04 15:10:00+05:30,8c7d860676bc43ebbe5ddf0851421da4,SELL,1,3296.9,INTRADAY,MARKET,10.45,71.75,0.32,0.14,50071.75000000001,0.0
31,NSE_EQ:TCS,2023-07-06 10:15:00+05:30,6d84054433c747cea9f8c416c851f4ed,SELL,1,3318.0,INTRADAY,MARKET,2023-07-06 15:10:00+05:30,2e5e4208e16e47bea7b3e85631422275,BUY,1,3314.3,INTRADAY,MARKET,3.7,75.45,0.11,0.15,50075.450000000004,0.0
32,NSE_EQ:TCS,2023-07-10 10:15:00+05:30,da765350009f4f5f8f44a9f326cea785,SELL,1,3293.7,INTRADAY,MARKET,2023-07-10 15:10:00+05:30,af0c70df85784c5785be5336882a53f2,BUY,1,3288.3,INTRADAY,MARKET,5.4,80.85,0.16,0.16,50080.850000000006,0.0
33,NSE_EQ:TCS,2023-07-13 10:15:00+05:30,03f9a32cf0be4d0592fd73d975669837,BUY,1,3353.5,INTRADAY,MARKET,2023-07-13 15:10:00+05:30,3384ee30151b455db1a1ede0a2c02a6e,SELL,1,3341.0,INTRADAY,MARKET,-12.5,68.35,-0.37,0.14,50068.350000000006,-0.02
34,NSE_EQ:TCS,2023-07-18 14:15:00+05:30,7f20d156cbf9493384758711c418965e,BUY,1,3514.95,INTRADAY,MARKET,2023-07-18 15:10:00+05:30,3a37d095572b476ab08d7deaea3b84ef,SELL,1,3514.95,INTRADAY,MARKET,0.0,68.35,0.0,0.14,50068.350000000006,-0.02
35,NSE_EQ:TCS,2023-07-19 11:15:00+05:30,7a3877eda3014d2aaa969994ed7d1f00,SELL,1,3472.2,INTRADAY,MARKET,2023-07-19 15:10:00+05:30,4c55e9a03bf24b2a84ccad5e6c722b11,BUY,1,3470.1,INTRADAY,MARKET,2.1,70.45,0.06,0.14,50070.450000000004,-0.02
36,NSE_EQ:TCS,2023-07-21 10:15:00+05:30,73066f88b39e4f8082deca015d1c04a8,SELL,1,3424.75,INTRADAY,MARKET,2023-07-21 15:10:00+05:30,547856ce281b444f9c5e00d69b5e7a16,BUY,1,3385.35,INTRADAY,MARKET,39.4,109.85,1.15,0.22,50109.850000000006,0.0
37,NSE_EQ:TCS,2023-07-24 13:15:00+05:30,ef6e345311d7464fb22034b772f64e76,BUY,1,3407.95,INTRADAY,MARKET,2023-07-24 15:10:00+05:30,573bfee740264a46a2219a523a3c45f2,SELL,1,3405.1,INTRADAY,MARKET,-2.85,107.0,-0.08,0.21,50107.00000000001,-0.01
38,NSE_EQ:TCS,2023-07-25 11:15:00+05:30,91bafd6568c34ee585e6dd0871332613,SELL,1,3395.0,INTRADAY,MARKET,2023-07-25 15:10:00+05:30,05010a7de15247089328b6c708142d98,BUY,1,3401.05,INTRADAY,MARKET,-6.05,100.95,-0.18,0.2,50100.950000000004,-0.02
39,NSE_EQ:TCS,2023-07-26 10:15:00+05:30,c1cc3f1f4f314748ad0bef434b739082,BUY,1,3409.4,INTRADAY,MARKET,2023-07-26 14:15:00+05:30,4de4776141a04d628ce0a0e204817d39,SELL,1,3390.1,INTRADAY,MARKET,-19.3,81.65,-0.57,0.16,50081.65,-0.06
40,NSE_EQ:TCS,2023-07-26 14:15:00+05:30,b5dc1b1c35c54a62af79639915af4b32,SELL,1,3390.1,INTRADAY,MARKET,2023-07-26 15:10:00+05:30,6e7a8bff915e4f538aa8a060dce591b4,BUY,1,3390.1,INTRADAY,MARKET,-0.0,81.65,-0.0,0.16,50081.65,-0.06
41,NSE_EQ:TCS,2023-07-27 13:15:00+05:30,77fae68d04c74d8293eb3a0b21908c68,BUY,1,3400.55,INTRADAY,MARKET,2023-07-27 15:10:00+05:30,d8f76159181d4cb5a4984395729d91ca,SELL,1,3396.0,INTRADAY,MARKET,-4.55,77.1,-0.13,0.15,50077.1,-0.07
42,NSE_EQ:TCS,2023-07-28 09:15:00+05:30,21e6e1d9498a4338b919e8e3ad0c65f8,SELL,1,3385.0,INTRADAY,MARKET,2023-07-28 15:10:00+05:30,5b8b8d167e714ba6b92ec46d7e647e62,BUY,1,3347.05,INTRADAY,MARKET,37.95,115.05,1.12,0.23,50115.049999999996,0.0
43,NSE_EQ:TCS,2023-07-31 10:15:00+05:30,d3fa5fa429ae468182c2fa73a6fc1cd3,BUY,1,3393.95,INTRADAY,MARKET,2023-07-31 15:10:00+05:30,6e99d8b067524d62a913546ec91ed609,SELL,1,3415.8,INTRADAY,MARKET,21.85,136.9,0.64,0.27,50136.899999999994,0.0
44,NSE_EQ:TCS,2023-08-02 11:15:00+05:30,fd95a6cedec84308b630954ff0b89bfc,SELL,1,3433.8,INTRADAY,MARKET,2023-08-02 15:10:00+05:30,865535ca873546b9a05141bcf843fc70,BUY,1,3418.15,INTRADAY,MARKET,15.65,152.55,0.46,0.31,50152.549999999996,0.0
45,NSE_EQ:TCS,2023-08-04 10:15:00+05:30,32934a80064341f4b3ffdf70c9b7e381,BUY,1,3453.45,INTRADAY,MARKET,2023-08-04 15:10:00+05:30,2e5f7f3700164364b1f7d689f6f4e21b,SELL,1,3446.0,INTRADAY,MARKET,-7.45,145.1,-0.22,0.29,50145.1,-0.01
46,NSE_EQ:TCS,2023-08-07 11:15:00+05:30,e3e274afa20548dba3cad0405da4f493,SELL,1,3444.15,INTRADAY,MARKET,2023-08-07 12:15:00+05:30,8cb68a680496498ebcfeec8a3b54503b,BUY,1,3449.3,INTRADAY,MARKET,-5.15,139.95,-0.15,0.28,50139.95,-0.03
47,NSE_EQ:TCS,2023-08-07 12:15:00+05:30,511dc3e4e3934a799a48d53fd82f50b7,BUY,1,3449.3,INTRADAY,MARKET,2023-08-07 15:10:00+05:30,fb3d4817ee374055a4e3f1c71e0cb8f9,SELL,1,3479.95,INTRADAY,MARKET,30.65,170.6,0.89,0.34,50170.6,0.0
48,NSE_EQ:TCS,2023-08-08 14:15:00+05:30,7d0815cec3fc430d97aae2625da722b2,SELL,1,3468.95,INTRADAY,MARKET,2023-08-08 15:10:00+05:30,7e4e1908652c41ca8a82928fec1857d8,BUY,1,3468.95,INTRADAY,MARKET,-0.0,170.6,-0.0,0.34,50170.6,0.0
49,NSE_EQ:TCS,2023-08-10 10:15:00+05:30,9b858539b8f84d219884bcc046ddb856,BUY,1,3442.35,INTRADAY,MARKET,2023-08-10 12:15:00+05:30,d15e287cd3b442b6b4d05df8306feb2b,SELL,1,3442.1,INTRADAY,MARKET,-0.25,170.35,-0.01,0.34,50170.35,-0.0
50,NSE_EQ:TCS,2023-08-10 12:15:00+05:30,962061845d9945e09a72b2c76da84449,SELL,1,3442.1,INTRADAY,MARKET,2023-08-10 15:10:00+05:30,d7b6424dc59f42c5913cf1431d5152a0,BUY,1,3446.1,INTRADAY,MARKET,-4.0,166.35,-0.12,0.33,50166.35,-0.01
51,NSE_EQ:TCS,2023-08-11 13:15:00+05:30,dd8814d5c12942c88f149c72945ca888,BUY,1,3461.55,INTRADAY,MARKET,2023-08-11 15:10:00+05:30,82e0fd5624a6441fb1fa1b7045a808e8,SELL,1,3451.05,INTRADAY,MARKET,-10.5,155.85,-0.3,0.31,50155.85,-0.03
52,NSE_EQ:TCS,2023-08-14 10:15:00+05:30,b990fa52c74c420f832b6dce9d90cf82,SELL,1,3422.95,INTRADAY,MARKET,2023-08-14 15:10:00+05:30,4cb0ab3befc247968479c37a924ad3ea,BUY,1,3448.3,INTRADAY,MARKET,-25.35,130.5,-0.74,0.26,50130.5,-0.08
53,NSE_EQ:TCS,2023-08-16 09:15:00+05:30,d4c976e64e254a9caf2575868a661262,BUY,1,3450.0,INTRADAY,MARKET,2023-08-16 15:10:00+05:30,e0adab2a27b14e569726c4caa2cc5708,SELL,1,3459.3,INTRADAY,MARKET,9.3,139.8,0.27,0.28,50139.8,-0.06
54,NSE_EQ:TCS,2023-08-17 10:15:00+05:30,db99067fee8e49b9bf7b1aa5a046a8bc,SELL,1,3431.5,INTRADAY,MARKET,2023-08-17 15:10:00+05:30,4dd0c3c9a5564c1faec21718ee9a13fe,BUY,1,3437.6,INTRADAY,MARKET,-6.1,133.7,-0.18,0.27,50133.700000000004,-0.07
55,NSE_EQ:TCS,2023-08-21 11:15:00+05:30,aa0f5fa6dca7495bb57f41167c587354,BUY,1,3383.4,INTRADAY,MARKET,2023-08-21 15:10:00+05:30,3b4511c3beb9439a96e08a805e520bd0,SELL,1,3402.0,INTRADAY,MARKET,18.6,152.3,0.55,0.3,50152.3,-0.04
56,NSE_EQ:TCS,2023-08-22 13:15:00+05:30,1ac9795207644bc59d25fd020fc2d2cd,SELL,1,3375.0,INTRADAY,MARKET,2023-08-22 15:10:00+05:30,c562c1cd9c05479c8e68bcad4a1ee705,BUY,1,3372.0,INTRADAY,MARKET,3.0,155.3,0.09,0.31,50155.3,-0.03
57,NSE_EQ:TCS,2023-08-23 11:15:00+05:30,2e57a493e6ad44989f55908fc0600d24,BUY,1,3387.0,INTRADAY,MARKET,2023-08-23 15:10:00+05:30,88aa071f2623430d9ae242ba04c37326,SELL,1,3392.05,INTRADAY,MARKET,5.05,160.35,0.15,0.32,50160.350000000006,-0.02
58,NSE_EQ:TCS,2023-08-24 09:15:00+05:30,4db37fc4c59645feaf6cf8b7a46584c5,SELL,1,3408.0,INTRADAY,MARKET,2023-08-24 10:15:00+05:30,449a17f630ac4eaba12e47b8db354bee,BUY,1,3404.0,INTRADAY,MARKET,4.0,164.35,0.12,0.33,50164.350000000006,-0.01
59,NSE_EQ:TCS,2023-08-24 10:15:00+05:30,c6b0c2a75bda4d4c8a7d343684f975ca,BUY,1,3404.0,INTRADAY,MARKET,2023-08-24 12:15:00+05:30,b52e2d53b1e14d21ab04b08e398a505a,SELL,1,3384.95,INTRADAY,MARKET,-19.05,145.3,-0.56,0.29,50145.3,-0.05
60,NSE_EQ:TCS,2023-08-24 12:15:00+05:30,6ec03b3fe472459c84db382641427355,SELL,1,3384.95,INTRADAY,MARKET,2023-08-24 15:10:00+05:30,009d0af896c1401f9f8dc7290f128191,BUY,1,3390.0,INTRADAY,MARKET,-5.05,140.25,-0.15,0.28,50140.25,-0.06
61,NSE_EQ:TCS,2023-08-28 10:15:00+05:30,ae7190d08e42453eb2059938a28f1036,BUY,1,3362.3,INTRADAY,MARKET,2023-08-28 15:10:00+05:30,fb1fd829b16f4d7ea5c92c8cfc283170,SELL,1,3370.3,INTRADAY,MARKET,8.0,148.25,0.24,0.3,50148.25,-0.04
62,NSE_EQ:TCS,2023-08-29 12:15:00+05:30,c2b411abc3de4fc488852c5e43896721,SELL,1,3374.9,INTRADAY,MARKET,2023-08-29 15:10:00+05:30,aff8de72b29c4270824ddf3237ccd23d,BUY,1,3370.0,INTRADAY,MARKET,4.9,153.15,0.15,0.31,50153.15,-0.03
63,NSE_EQ:TCS,2023-08-30 10:15:00+05:30,c89f6a06c0274dcf99ede5bd3df29d78,BUY,1,3399.0,INTRADAY,MARKET,2023-08-30 15:10:00+05:30,3e439ac1175d4a5eacaf21852eaba2aa,SELL,1,3400.65,INTRADAY,MARKET,1.65,154.8,0.05,0.31,50154.8,-0.03
64,NSE_EQ:TCS,2023-08-31 12:15:00+05:30,226e9c87ad234a378a5ff77b4a1693f1,SELL,1,3385.25,INTRADAY,MARKET,2023-08-31 15:10:00+05:30,2d26330431254e63b403ee0a2db670a6,BUY,1,3362.5,INTRADAY,MARKET,22.75,177.55,0.67,0.36,50177.55,0.0
65,NSE_EQ:TCS,2023-09-01 14:15:00+05:30,fdcc9ede3d25486db68ce77105dd8762,BUY,1,3378.0,INTRADAY,MARKET,2023-09-01 15:10:00+05:30,2adb2105aecc4dec88fb791dac7b3ad1,SELL,1,3378.0,INTRADAY,MARKET,0.0,177.55,0.0,0.36,50177.55,0.0
66,NSE_EQ:TCS,2023-09-06 11:15:00+05:30,740ab91b9fcd4c60b870d7b441c45203,SELL,1,3428.15,INTRADAY,MARKET,2023-09-06 15:10:00+05:30,b5daa9bb203449789b9daeb126e5f090,BUY,1,3407.7,INTRADAY,MARKET,20.45,198.0,0.6,0.4,50198.0,0.0
67,NSE_EQ:TCS,2023-09-07 10:15:00+05:30,7e7bef12093b4f17a37cdf1ef429e106,BUY,1,3433.35,INTRADAY,MARKET,2023-09-07 15:10:00+05:30,0cd50ad79f9f4b69bb8e6460a099fd61,SELL,1,3447.0,INTRADAY,MARKET,13.65,211.65,0.4,0.42,50211.65,0.0
68,NSE_EQ:TCS,2023-09-11 10:15:00+05:30,b3b9f2a193de4afc810f1148e48b77f4,BUY,1,3480.2,INTRADAY,MARKET,2023-09-11 15:10:00+05:30,9b7873f60d004bffa3ee692be3c9d217,SELL,1,3462.0,INTRADAY,MARKET,-18.2,193.45,-0.52,0.39,50193.450000000004,-0.04
69,NSE_EQ:TCS,2023-09-13 14:15:00+05:30,536e968baf124129bfb6b52a96ebe311,SELL,1,3566.5,INTRADAY,MARKET,2023-09-13 15:10:00+05:30,e14f4ff1e7f94b47a1a1b683fbc0a6d3,BUY,1,3566.5,INTRADAY,MARKET,-0.0,193.45,-0.0,0.39,50193.450000000004,-0.04
70,NSE_EQ:TCS,2023-09-14 10:15:00+05:30,c84920d9eaf4448e8ef6d6ca0e8ef15c,BUY,1,3566.2,INTRADAY,MARKET,2023-09-14 11:15:00+05:30,995c4503ff25422eb05afc8f76791201,SELL,1,3558.6,INTRADAY,MARKET,-7.6,185.85,-0.21,0.37,50185.850000000006,-0.05
71,NSE_EQ:TCS,2023-09-14 11:15:00+05:30,19038cd7622e442cbc69088615b1b5c8,SELL,1,3558.6,INTRADAY,MARKET,2023-09-14 15:10:00+05:30,698d22c0fe8d461897ab4844a6d95435,BUY,1,3556.15,INTRADAY,MARKET,2.45,188.3,0.07,0.38,50188.3,-0.05
72,NSE_EQ:TCS,2023-09-15 11:15:00+05:30,51a38f5e3df949efb7acdb1d8ec26b91,BUY,1,3578.25,INTRADAY,MARKET,2023-09-15 15:10:00+05:30,866fa33e07e3426d9d929cf51a8d9f34,SELL,1,3589.25,INTRADAY,MARKET,11.0,199.3,0.31,0.4,50199.3,-0.02
73,NSE_EQ:TCS,2023-09-21 10:15:00+05:30,4e47d6ac43d84c1daaf53be11e6fc8e3,SELL,1,3534.05,INTRADAY,MARKET,2023-09-21 15:10:00+05:30,4bc2b245c52f4d3584604458c54af379,BUY,1,3568.1,INTRADAY,MARKET,-34.05,165.25,-0.96,0.33,50165.25,-0.09
74,NSE_EQ:TCS,2023-09-22 11:15:00+05:30,868083fe353e4296957f053c718772b7,BUY,1,3591.95,INTRADAY,MARKET,2023-09-22 15:10:00+05:30,a420c53d3d4c46d99d36ba472cb51a01,SELL,1,3611.25,INTRADAY,MARKET,19.3,184.55,0.54,0.37,50184.55,-0.05
75,NSE_EQ:TCS,2023-09-25 11:15:00+05:30,5744cb6569c1488998fa3b440b2cdabe,SELL,1,3568.0,INTRADAY,MARKET,2023-09-25 15:10:00+05:30,34e1b36a669a4deb85b6cac3b2694905,BUY,1,3575.8,INTRADAY,MARKET,-7.8,176.75,-0.22,0.35,50176.75,-0.07
76,NSE_EQ:TCS,2023-09-28 11:15:00+05:30,fd00c6bc0c3e4ce9a5121a4833ac70d9,SELL,1,3568.25,INTRADAY,MARKET,2023-09-28 15:10:00+05:30,9234592498f54869b698c0f5ebf96905,BUY,1,3550.6,INTRADAY,MARKET,17.65,194.4,0.49,0.39,50194.4,-0.03
77,NSE_EQ:TCS,2023-09-29 13:15:00+05:30,5e7ca956160d4d7eaca84dcd2b475031,BUY,1,3549.45,INTRADAY,MARKET,2023-09-29 15:10:00+05:30,e6d3b3048265482b97d35eb49055627f,SELL,1,3564.15,INTRADAY,MARKET,14.7,209.1,0.41,0.42,50209.1,-0.01
78,NSE_EQ:TCS,2023-10-03 10:15:00+05:30,4722f48be6b64ce3a008e1ab8562761d,SELL,1,3482.5,INTRADAY,MARKET,2023-10-03 15:10:00+05:30,35eec6b574b944a8b64434eecd50df19,BUY,1,3504.7,INTRADAY,MARKET,-22.2,186.9,-0.64,0.37,50186.9,-0.05
79,NSE_EQ:TCS,2023-10-06 11:15:00+05:30,49e240e87d864b2c86f168f7802daad0,SELL,1,3598.3,INTRADAY,MARKET,2023-10-06 13:15:00+05:30,3875caf8480547179c5968c4677f1cce,BUY,1,3600.0,INTRADAY,MARKET,-1.7,185.2,-0.05,0.37,50185.200000000004,-0.05
80,NSE_EQ:TCS,2023-10-06 13:15:00+05:30,afc0ed5e3b8d4b26ba78ea9d3f244dfb,BUY,1,3600.0,INTRADAY,MARKET,2023-10-06 15:10:00+05:30,5b5c7a54e2fb4631b8cc886a391a2bd6,SELL,1,3603.55,INTRADAY,MARKET,3.55,188.75,0.1,0.38,50188.75000000001,-0.05
81,NSE_EQ:TCS,2023-10-10 10:15:00+05:30,a0ece5fff7304261a2d4cb77d8f267cb,SELL,1,3621.85,INTRADAY,MARKET,2023-10-10 15:10:00+05:30,fd8686e5a6ce4e87b875f9c07fb507aa,BUY,1,3625.0,INTRADAY,MARKET,-3.15,185.6,-0.09,0.37,50185.600000000006,-0.05
82,NSE_EQ:TCS,2023-10-11 10:15:00+05:30,76d65a11f7c64396822cdd30bf186471,BUY,1,3635.3,INTRADAY,MARKET,2023-10-11 13:15:00+05:30,c3957d2948244ff5b2a306bbd3de7fb8,SELL,1,3625.0,INTRADAY,MARKET,-10.3,175.3,-0.28,0.35,50175.3,-0.07
83,NSE_EQ:TCS,2023-10-11 13:15:00+05:30,9e358398bbfd4215ab5e50f49c411f11,SELL,1,3625.0,INTRADAY,MARKET,2023-10-11 15:10:00+05:30,562e989c08eb483193c888ef26353a70,BUY,1,3622.05,INTRADAY,MARKET,2.95,178.25,0.08,0.36,50178.25,-0.07
84,NSE_EQ:TCS,2023-10-13 12:15:00+05:30,3c52f8042c6f4429b0d47e90066e2c63,BUY,1,3566.9,INTRADAY,MARKET,2023-10-13 15:10:00+05:30,9503d16e87b64f159a24ff949ca18034,SELL,1,3565.6,INTRADAY,MARKET,-1.3,176.95,-0.04,0.35,50176.95,-0.07
85,NSE_EQ:TCS,2023-10-16 11:15:00+05:30,ec6999a0937448ca9b242a21d9705fd1,SELL,1,3542.0,INTRADAY,MARKET,2023-10-16 15:10:00+05:30,00cb96c8dfa64c12b8172e0269789cfe,BUY,1,3531.3,INTRADAY,MARKET,10.7,187.65,0.3,0.38,50187.649999999994,-0.05
86,NSE_EQ:TCS,2023-10-20 11:15:00+05:30,86b86661450a4041b5f0de9c567219da,BUY,1,3490.95,INTRADAY,MARKET,2023-10-20 15:10:00+05:30,16b88e87a1b84128bb19d77c0b82aae8,SELL,1,3487.7,INTRADAY,MARKET,-3.25,184.4,-0.09,0.37,50184.399999999994,-0.05
87,NSE_EQ:TCS,2023-10-23 11:15:00+05:30,e87154a216994ffa828c88a1baff2188,SELL,1,3458.35,INTRADAY,MARKET,2023-10-23 15:10:00+05:30,46d3bc027662431891a47b626787eccd,BUY,1,3439.45,INTRADAY,MARKET,18.9,203.3,0.55,0.41,50203.299999999996,-0.02
88,NSE_EQ:TCS,2023-10-27 11:15:00+05:30,59e01e31dda94e4f9f263c1874d2ed0c,BUY,1,3346.15,INTRADAY,MARKET,2023-10-27 15:10:00+05:30,15cc8ca255354c7e918d50b6684a6c5d,SELL,1,3357.6,INTRADAY,MARKET,11.45,214.75,0.34,0.43,50214.74999999999,0.0
89,NSE_EQ:TCS,2023-10-31 11:15:00+05:30,9cb9fe6d621c493782ebdb3f28309c9c,SELL,1,3352.0,INTRADAY,MARKET,2023-10-31 15:10:00+05:30,e93fc4d6443a46c7b69ea65b987d437e,BUY,1,3367.75,INTRADAY,MARKET,-15.75,199.0,-0.47,0.4,50198.99999999999,-0.03
