,INST,EN_TIME,EN_ID,EN_TT,EN_Q,EN_PRICE,EN_CODE,EN_VAR,EX_TIME,EX_ID,EX_TT,EX_Q,EX_PRICE,EX_CODE,EX_VAR,P&L,ROI,P&L %,ROI %,Equity Curve,Drawdown %
0,NSE_EQ:SBIN,2023-05-04 10:15:00+05:30,0071f321ac9e43d1a9f9d8b95bdb1ad3,SELL,1,575.25,INTRADAY,MARKET,2023-05-04 15:10:00+05:30,607e3285ddda4c5c889b9641f0f94a7a,BUY,1,577.55,INTRADAY,MARKET,-2.3,-2.3,-0.4,-0.0,49997.7,-0.0
1,NSE_EQ:SBIN,2023-05-08 12:15:00+05:30,b289569b7f6a4dc08e6d23bb2cbaa7f0,SELL,1,581.5,INTRADAY,MARKET,2023-05-08 15:10:00+05:30,2ed6f5a6f31241929ed1605f9a96fd23,BUY,1,584.3,INTRADAY,MARKET,-2.8,-5.1,-0.48,-0.01,49994.899999999994,-0.01
2,NSE_EQ:SBIN,2023-05-09 10:15:00+05:30,8a7f8dd7f9bf454c9cfc300850ab25bb,BUY,1,579.0,INTRADAY,MARKET,2023-05-09 15:10:00+05:30,51ee2a33f16f4ad796d42103cbb2a8b8,SELL,1,575.05,INTRADAY,MARKET,-3.95,-9.05,-0.68,-0.02,49990.95,-0.02
3,NSE_EQ:SBIN,2023-05-12 10:15:00+05:30,01b91906ea7341b09a2923f44a897817,SELL,1,575.0,INTRADAY,MARKET,2023-05-12 15:10:00+05:30,c56e7094271d4f798b869733d91e8b87,BUY,1,579.65,INTRADAY,MARKET,-4.65,-13.7,-0.81,-0.03,49986.299999999996,-0.03
4,NSE_EQ:SBIN,2023-05-17 12:15:00+05:30,42318fe7c141492f970bfd4e3a89b11a,BUY,1,581.65,INTRADAY,MARKET,2023-05-17 15:10:00+05:30,54394dceb86043b1855e5a43eb4561fc,SELL,1,581.6,INTRADAY,MARKET,-0.05,-13.75,-0.01,-0.03,49986.24999999999,-0.03
5,NSE_EQ:SBIN,2023-05-18 14:15:00+05:30,7cbde4795e504ced8f3a929687a33a4e,BUY,1,581.25,INTRADAY,MARKET,2023-05-18 15:10:00+05:30,6f69f355a72148d8ba069052cc3c25f6,SELL,1,581.25,INTRADAY,MARKET,0.0,-13.75,0.0,-0.03,49986.24999999999,-0.03
6,NSE_EQ:SBIN,2023-05-22 11:15:00+05:30,e5f6b42779dc4091ba5ebd4b2e4ce0dc,SELL,1,577.5,INTRADAY,MARKET,2023-05-22 15:10:00+05:30,59f0775ce17942558496f2b72f8ff81f,BUY,1,578.9,INTRADAY,MARKET,-1.4,-15.15,-0.24,-0.03,49984.84999999999,-0.03
7,NSE_EQ:SBIN,2023-05-23 10:15:00+05:30,fe6ad49858964f429d4224907d6b01b1,SELL,1,579.45,INTRADAY,MARKET,2023-05-23 15:10:00+05:30,c4bdb80f4e114d6aba75fedb6fe161cc,BUY,1,583.1,INTRADAY,MARKET,-3.65,-18.8,-0.63,-0.04,49981.19999999999,-0.04
8,NSE_EQ:SBIN,2023-05-25 09:15:00+05:30,1acea84b2185453896c3a9688546b8b0,BUY,1,582.0,INTRADAY,MARKET,2023-05-25 15:10:00+05:30,c3bc14f2b37b49c690c272cc95f9ec2c,SELL,1,580.25,INTRADAY,MARKET,-1.75,-20.55,-0.3,-0.04,49979.44999999999,-0.04
9,NSE_EQ:SBIN,2023-05-26 10:15:00+05:30,8f23900500c34d699c6edcfdfc75bd72,SELL,1,584.8,INTRADAY,MARKET,2023-05-26 15:10:00+05:30,7ad8532046b74a8f88b6612ce478340a,BUY,1,586.2,INTRADAY,MARKET,-1.4,-21.95,-0.24,-0.04,49978.04999999999,-0.04
10,NSE_EQ:SBIN,2023-05-30 12:15:00+05:30,ebff150b0240432395dbb24d7299518e,BUY,1,592.85,INTRADAY,MARKET,2023-05-30 14:15:00+05:30,f41489687f504cdf8ab76189001a29d0,SELL,1,594.8,INTRADAY,MARKET,1.95,-20.0,0.33,-0.04,49979.999999999985,-0.04
11,NSE_EQ:SBIN,2023-05-30 14:15:00+05:30,9f39396dee9a41ef9745e99bcef6744b,SELL,1,594.8,INTRADAY,MARKET,2023-05-30 15:10:00+05:30,91cbfb0e4fe84c49bfec17c77511c115,BUY,1,594.8,INTRADAY,MARKET,-0.0,-20.0,-0.0,-0.04,49979.999999999985,-0.04
12,NSE_EQ:SBIN,2023-06-01 10:15:00+05:30,07c41ecae36b4415a7656f610eb4b390,SELL,1,584.8,INTRADAY,MARKET,2023-06-01 15:10:00+05:30,6308c16c981246f8aa632360224b8d67,BUY,1,584.35,INTRADAY,MARKET,0.45,-19.55,0.08,-0.04,49980.44999999998,-0.04
13,NSE_EQ:SBIN,2023-06-02 10:15:00+05:30,e31540a6284a4bd58e1e3ecb838b8b93,SELL,1,585.45,INTRADAY,MARKET,2023-06-02 15:10:00+05:30,32038cf215804a639690121476d1a6e0,BUY,1,586.7,INTRADAY,MARKET,-1.25,-20.8,-0.21,-0.04,49979.19999999998,-0.04
14,NSE_EQ:SBIN,2023-06-06 09:15:00+05:30,175ba791dd4b4f5c9d706198cfaebe86,BUY,1,588.0,INTRADAY,MARKET,2023-06-06 15:10:00+05:30,f5f87e1da8204c53a9805db2258b27ae,SELL,1,584.5,INTRADAY,MARKET,-3.5,-24.3,-0.6,-0.05,49975.69999999998,-0.05
15,NSE_EQ:SBIN,2023-06-14 10:15:00+05:30,092a7a5effa7404f8c121b167b8f6e74,SELL,1,577.1,INTRADAY,MARKET,2023-06-14 11:15:00+05:30,f758fd1255ac45bfaa517fb84cc96b37,BUY,1,576.15,INTRADAY,MARKET,0.95,-23.35,0.16,-0.05,49976.64999999998,-0.05
16,NSE_EQ:SBIN,2023-06-14 11:15:00+05:30,7355152fee5241ba97e84480a277e210,BUY,1,576.15,INTRADAY,MARKET,2023-06-14 12:15:00+05:30,87b0ff796b15490cba99394203de0221,SELL,1,577.65,INTRADAY,MARKET,1.5,-21.85,0.26,-0.04,49978.14999999998,-0.04
17,NSE_EQ:SBIN,2023-06-14 12:15:00+05:30,84ecb9d8bc704ff2ae72eb8d05470ca4,SELL,1,577.65,INTRADAY,MARKET,2023-06-14 15:10:00+05:30,663309d7c06d4dee9cb9cf5383104184,BUY,1,577.25,INTRADAY,MARKET,0.4,-21.45,0.07,-0.04,49978.54999999998,-0.04
18,NSE_EQ:SBIN,2023-06-19 09:15:00+05:30,5a4b06a455dd4fe2b845bdc290ea582d,BUY,1,571.25,INTRADAY,MARKET,2023-06-19 15:10:00+05:30,96a45919a0c4437dbc50495722dc72c3,SELL,1,567.9,INTRADAY,MARKET,-3.35,-24.8,-0.59,-0.05,49975.19999999998,-0.05
19,NSE_EQ:SBIN,2023-06-20 10:15:00+05:30,640f478fe8414755b8e3f1a17a4a6894,BUY,1,565.45,INTRADAY,MARKET,2023-06-20 15:10:00+05:30,09165e6344dd472db92a44fa7111ca4b,SELL,1,565.25,INTRADAY,MARKET,-0.2,-25.0,-0.04,-0.05,49974.999999999985,-0.05
20,NSE_EQ:SBIN,2023-06-26 12:15:00+05:30,c158b4c267c74647a10e587fecd77c10,SELL,1,557.5,INTRADAY,MARKET,2023-06-26 14:15:00+05:30,5b69c497879043b3badb95b176829001,BUY,1,556.8,INTRADAY,MARKET,0.7,-24.3,0.13,-0.05,49975.69999999998,-0.05
21,NSE_EQ:SBIN,2023-06-26 14:15:00+05:30,fa33432afffe47f397d910126b7adcbb,BUY,1,556.8,INTRADAY,MARKET,2023-06-26 15:10:00+05:30,0df28ff4fc9a40eda0e1c61c9ade8f36,SELL,1,556.8,INTRADAY,MARKET,0.0,-24.3,0.0,-0.05,49975.69999999998,-0.05
22,NSE_EQ:SBIN,2023-06-27 13:15:00+05:30,9a6f6fd40c2344e7bdf4fda6a43cbf96,BUY,1,555.75,INTRADAY,MARKET,2023-06-27 15:10:00+05:30,fa6b93576aef4a3c819bfb1951f825d2,SELL,1,556.5,INTRADAY,MARKET,0.75,-23.55,0.13,-0.05,49976.44999999998,-0.05
23,NSE_EQ:SBIN,2023-07-05 13:15:00+05:30,46cc2deed26f467d9db0b3e3be20a816,BUY,1,589.0,INTRADAY,MARKET,2023-07-05 14:15:00+05:30,be8cff0011264f71b235c6e39955fbe3,SELL,1,590.8,INTRADAY,MARKET,1.8,-21.75,0.31,-0.04,49978.249999999985,-0.04
24,NSE_EQ:SBIN,2023-07-05 14:15:00+05:30,41217748e6c84d1cb44c09361a7abd59,SELL,1,590.8,INTRADAY,MARKET,2023-07-05 15:10:00+05:30,d8a9e857e1bf475282c525becc9f6796,BUY,1,590.8,INTRADAY,MARKET,-0.0,-21.75,-0.0,-0.04,49978.249999999985,-0.04
25,NSE_EQ:SBIN,2023-07-06 13:15:00+05:30,28c797c05cab47c2a558ebb44c3f5eb0,BUY,1,590.55,INTRADAY,MARKET,2023-07-06 14:15:00+05:30,e07dda1feaec411aaf2746baca25ff81,SELL,1,591.3,INTRADAY,MARKET,0.75,-21.0,0.13,-0.04,49978.999999999985,-0.04
26,NSE_EQ:SBIN,2023-07-06 14:15:00+05:30,5c2388af4f23446b8912fbc905b62ecb,SELL,1,591.3,INTRADAY,MARKET,2023-07-06 15:10:00+05:30,0a9735587b8f46218a7315c9938d2f10,BUY,1,591.3,INTRADAY,MARKET,-0.0,-21.0,-0.0,-0.04,49978.999999999985,-0.04
27,NSE_EQ:SBIN,2023-07-07 11:15:00+05:30,3039fcaf6e4140d9a4708d3f6e9b853a,BUY,1,588.9,INTRADAY,MARKET,2023-07-07 15:10:00+05:30,f2243e98b95b4219b356f0569f6a54dd,SELL,1,589.55,INTRADAY,MARKET,0.65,-20.35,0.11,-0.04,49979.64999999999,-0.04
28,NSE_EQ:SBIN,2023-07-11 12:15:00+05:30,504ad63683e944e3a97e05072d52dcb9,SELL,1,593.0,INTRADAY,MARKET,2023-07-11 13:15:00+05:30,23d5d81431604a8698f9923f8e59553b,BUY,1,591.65,INTRADAY,MARKET,1.35,-19.0,0.23,-0.04,49980.999999999985,-0.04
29,NSE_EQ:SBIN,2023-07-11 13:15:00+05:30,82530e7234364e998e65337ade370647,BUY,1,591.65,INTRADAY,MARKET,2023-07-11 15:10:00+05:30,c79eea4ed74c4513afc1144c938d2d91,SELL,1,590.35,INTRADAY,MARKET,-1.3,-20.3,-0.22,-0.04,49979.69999999998,-0.04
30,NSE_EQ:SBIN,2023-07-12 11:15:00+05:30,c7b7d68f9ac74e378d19b3cd8d3822a6,SELL,1,593.7,INTRADAY,MARKET,2023-07-12 15:10:00+05:30,e11d1e2e2f8f4015b2eb2218f2b37e41,BUY,1,592.25,INTRADAY,MARKET,1.45,-18.85,0.24,-0.04,49981.14999999998,-0.04
31,NSE_EQ:SBIN,2023-07-13 10:15:00+05:30,299e33f200b84f85b2f87ff42ed61ba6,SELL,1,596.75,INTRADAY,MARKET,2023-07-13 14:15:00+05:30,980ba4a5e47f441b8318d0bfc1107b50,BUY,1,585.35,INTRADAY,MARKET,11.4,-7.45,1.91,-0.01,49992.54999999998,-0.01
32,NSE_EQ:SBIN,2023-07-13 14:15:00+05:30,ce8e2db5f6984e41855f8d39f32d83fa,BUY,1,585.35,INTRADAY,MARKET,2023-07-13 15:10:00+05:30,7d4878a89677438196679dd39583ad5c,SELL,1,585.35,INTRADAY,MARKET,0.0,-7.45,0.0,-0.01,49992.54999999998,-0.01
33,NSE_EQ:SBIN,2023-07-17 10:15:00+05:30,f78c0faf50484a00aee1d764e5216ece,SELL,1,587.25,INTRADAY,MARKET,2023-07-17 15:10:00+05:30,b46291a942f7462d82a1612bbf6047e1,BUY,1,592.5,INTRADAY,MARKET,-5.25,-12.7,-0.89,-0.03,49987.29999999998,-0.03
34,NSE_EQ:SBIN,2023-07-18 13:15:00+05:30,d302182b13ee442caf336d83f366fe75,BUY,1,594.8,INTRADAY,MARKET,2023-07-18 15:10:00+05:30,ed5456b5589e480ab65cbef4c3507002,SELL,1,594.8,INTRADAY,MARKET,0.0,-12.7,0.0,-0.03,49987.29999999998,-0.03
35,NSE_EQ:SBIN,2023-07-19 10:15:00+05:30,a4cd731be4a942cabff0e0521b8e51d6,SELL,1,596.5,INTRADAY,MARKET,2023-07-19 15:10:00+05:30,48eee3061886468ba070c8286fe303a8,BUY,1,601.1,INTRADAY,MARKET,-4.6,-17.3,-0.77,-0.03,49982.69999999998,-0.03
36,NSE_EQ:SBIN,2023-07-25 10:15:00+05:30,62084c5cf3c74bf5a48e4d463764247d,BUY,1,615.4,INTRADAY,MARKET,2023-07-25 15:10:00+05:30,04f92602d8a44ecb83dd917996b9c2fb,SELL,1,609.2,INTRADAY,MARKET,-6.2,-23.5,-1.01,-0.05,49976.499999999985,-0.05
37,NSE_EQ:SBIN,2023-07-26 10:15:00+05:30,70bf3498a3394dacb04c89f48b7f9b6f,SELL,1,612.0,INTRADAY,MARKET,2023-07-26 15:10:00+05:30,2ed1869d0fe1441abcc5f09b161b8369,BUY,1,615.25,INTRADAY,MARKET,-3.25,-26.75,-0.53,-0.05,49973.249999999985,-0.05
38,NSE_EQ:SBIN,2023-07-28 12:15:00+05:30,dabe4a3d9a4041d3a4d6bfec4051ed9d,BUY,1,616.15,INTRADAY,MARKET,2023-07-28 15:10:00+05:30,7b3ac1634d004a8087334b734c314eec,SELL,1,615.7,INTRADAY,MARKET,-0.45,-27.2,-0.07,-0.05,49972.79999999999,-0.05
39,NSE_EQ:SBIN,2023-07-31 10:15:00+05:30,f046b47049ef43b6999a1d03a2a7eec5,SELL,1,618.8,INTRADAY,MARKET,2023-07-31 15:10:00+05:30,8038c3ae34664e319bb1a5d890ec6886,BUY,1,617.5,INTRADAY,MARKET,1.3,-25.9,0.21,-0.05,49974.09999999999,-0.05
40,NSE_EQ:SBIN,2023-08-01 11:15:00+05:30,7402417c91694b7087066087be0c0b31,BUY,1,616.45,INTRADAY,MARKET,2023-08-01 15:10:00+05:30,ab6a02050acf4313b69d26e5cc9b6515,SELL,1,611.35,INTRADAY,MARKET,-5.1,-31.0,-0.83,-0.06,49968.99999999999,-0.06
41,NSE_EQ:SBIN,2023-08-04 11:15:00+05:30,0c381ccc25d64be4b309e971ac66283d,SELL,1,595.2,INTRADAY,MARKET,2023-08-04 14:15:00+05:30,d57f77ff2857454f89c0c47e89b96a0d,BUY,1,576.5,INTRADAY,MARKET,18.7,-12.3,3.14,-0.02,49987.69999999999,-0.02
42,NSE_EQ:SBIN,2023-08-04 14:15:00+05:30,b62b6e59c910402ea23b3fcf7be5dfb8,BUY,1,576.5,INTRADAY,MARKET,2023-08-04 15:10:00+05:30,3efd3f96f20847c6bfd106786554d0de,SELL,1,576.5,INTRADAY,MARKET,0.0,-12.3,0.0,-0.02,49987.69999999999,-0.02
43,NSE_EQ:SBIN,2023-08-08 10:15:00+05:30,3be608e8985042b089a52d796644ff02,SELL,1,572.85,INTRADAY,MARKET,2023-08-08 11:15:00+05:30,1fe075d1b1e349289475095de8adebb4,BUY,1,570.35,INTRADAY,MARKET,2.5,-9.8,0.44,-0.02,49990.19999999999,-0.02
44,NSE_EQ:SBIN,2023-08-08 11:15:00+05:30,8612fb0702264bd0ac33dcc6a49240f5,BUY,1,570.35,INTRADAY,MARKET,2023-08-08 12:15:00+05:30,240f46eada40484fac83a79d6fddbc17,SELL,1,571.45,INTRADAY,MARKET,1.1,-8.7,0.19,-0.02,49991.29999999999,-0.02
45,NSE_EQ:SBIN,2023-08-08 12:15:00+05:30,2d0af8fa2a424086a2fcee64388d7ff7,SELL,1,571.45,INTRADAY,MARKET,2023-08-08 15:10:00+05:30,cc9a490562b84a63a09520bae55ce2ba,BUY,1,571.75,INTRADAY,MARKET,-0.3,-9.0,-0.05,-0.02,49990.999999999985,-0.02
46,NSE_EQ:SBIN,2023-08-09 10:15:00+05:30,d58225acb3c5436f9ed647f87833a920,BUY,1,569.65,INTRADAY,MARKET,2023-08-09 14:15:00+05:30,654805fcdaa84621acfdbd5129aad644,SELL,1,572.2,INTRADAY,MARKET,2.55,-6.45,0.45,-0.01,49993.54999999999,-0.01
47,NSE_EQ:SBIN,2023-08-09 14:15:00+05:30,ac03863232c14c93b57fdb78e0c362d5,SELL,1,572.2,INTRADAY,MARKET,2023-08-09 15:10:00+05:30,0f544b5c8af44f8ca889a24fe7ba300d,BUY,1,572.2,INTRADAY,MARKET,-0.0,-6.45,-0.0,-0.01,49993.54999999999,-0.01
48,NSE_EQ:SBIN,2023-08-10 12:15:00+05:30,09ff9427cd4a42e58ce2e661126f156c,BUY,1,572.9,INTRADAY,MARKET,2023-08-10 15:10:00+05:30,5c66c122b2834b318b2abf020f21c28d,SELL,1,572.85,INTRADAY,MARKET,-0.05,-6.5,-0.01,-0.01,49993.499999999985,-0.01
49,NSE_EQ:SBIN,2023-08-16 10:15:00+05:30,712a49960463431288f908eb6d09db2a,SELL,1,564.9,INTRADAY,MARKET,2023-08-16 15:10:00+05:30,06e072b78d0244cca6aa91a5c0d85b7b,BUY,1,564.0,INTRADAY,MARKET,0.9,-5.6,0.16,-0.01,49994.39999999999,-0.01
50,NSE_EQ:SBIN,2023-08-22 10:15:00+05:30,1461c0e140c745a7b7086f8d66cf36f5,SELL,1,573.05,INTRADAY,MARKET,2023-08-22 12:15:00+05:30,9008f616044b4da4902955b674c90767,BUY,1,570.5,INTRADAY,MARKET,2.55,-3.05,0.44,-0.01,49996.94999999999,-0.01
51,NSE_EQ:SBIN,2023-08-22 12:15:00+05:30,939c9ecfd1f4489ba14ff328a63d6e67,BUY,1,570.5,INTRADAY,MARKET,2023-08-22 15:10:00+05:30,12c339fe7902428192949a8b5c714e80,SELL,1,570.0,INTRADAY,MARKET,-0.5,-3.55,-0.09,-0.01,49996.44999999999,-0.01
52,NSE_EQ:SBIN,2023-08-23 11:15:00+05:30,b40322ce37634da49b393b4afcf47506,SELL,1,571.3,INTRADAY,MARKET,2023-08-23 15:10:00+05:30,0137f56f0d0540ee962e3fa5fc63de70,BUY,1,577.85,INTRADAY,MARKET,-6.55,-10.1,-1.15,-0.02,49989.89999999999,-0.02
53,NSE_EQ:SBIN,2023-08-25 10:15:00+05:30,95bd763e57e641d5bf7e2abbd90526b4,BUY,1,573.1,INTRADAY,MARKET,2023-08-25 15:10:00+05:30,ced78313586b4dab9432f9ccabef8e60,SELL,1,570.7,INTRADAY,MARKET,-2.4,-12.5,-0.42,-0.03,49987.499999999985,-0.03
54,NSE_EQ:SBIN,2023-08-28 12:15:00+05:30,2f855fdb7afd448ebdf306814174f52a,SELL,1,571.55,INTRADAY,MARKET,2023-08-28 15:10:00+05:30,e9a1d000da0b48c7a135bf1cb47ff43d,BUY,1,572.9,INTRADAY,MARKET,-1.35,-13.85,-0.24,-0.03,49986.14999999999,-0.03
55,NSE_EQ:SBIN,2023-08-30 12:15:00+05:30,298af4df64d04468aa493f8c14f2636d,BUY,1,573.75,INTRADAY,MARKET,2023-08-30 15:10:00+05:30,8143fcd35df947758442b08c6be27dfb,SELL,1,569.7,INTRADAY,MARKET,-4.05,-17.9,-0.71,-0.04,49982.099999999984,-0.04
56,NSE_EQ:SBIN,2023-09-01 11:15:00+05:30,a9b7a23089a24139ac2ebaf6a6eaf921,SELL,1,567.35,INTRADAY,MARKET,2023-09-01 15:10:00+05:30,5ebfbc61069c42488a27f557c95db04e,BUY,1,569.3,INTRADAY,MARKET,-1.95,-19.85,-0.34,-0.04,49980.14999999999,-0.04
57,NSE_EQ:SBIN,2023-09-05 13:15:00+05:30,64e0074bb10d4359a750d6b70157473e,BUY,1,573.0,INTRADAY,MARKET,2023-09-05 15:10:00+05:30,6543bf3f83a04d39a6916c67eb0fc721,SELL,1,573.35,INTRADAY,MARKET,0.35,-19.5,0.06,-0.04,49980.499999999985,-0.04
58,NSE_EQ:SBIN,2023-09-07 10:15:00+05:30,df65d0626c5545339120433f31b2052a,SELL,1,574.3,INTRADAY,MARKET,2023-09-07 15:10:00+05:30,a61337c2190b416a9974e91005aac8ba,BUY,1,575.25,INTRADAY,MARKET,-0.95,-20.45,-0.17,-0.04,49979.54999999999,-0.04
59,NSE_EQ:SBIN,2023-09-12 10:15:00+05:30,a424932ac20e47e9b0d0dcf8e92f1444,BUY,1,586.8,INTRADAY,MARKET,2023-09-12 15:10:00+05:30,9d1022b90256485dba095dd1a7e01cf6,SELL,1,588.8,INTRADAY,MARKET,2.0,-18.45,0.34,-0.04,49981.54999999999,-0.04
60,NSE_EQ:SBIN,2023-09-13 11:15:00+05:30,ab6412e281534c92b1a9aa6c3c73a0d8,SELL,1,588.45,INTRADAY,MARKET,2023-09-13 15:10:00+05:30,72d17dd8381d463bb304babfff946969,BUY,1,597.0,INTRADAY,MARKET,-8.55,-27.0,-1.45,-0.05,49972.999999999985,-0.05
61,NSE_EQ:SBIN,2023-09-15 09:15:00+05:30,1cc17887cb13469996f053486d00223d,BUY,1,599.35,INTRADAY,MARKET,2023-09-15 10:15:00+05:30,818720f3660743cd9a2e67845bdcdd59,SELL,1,597.4,INTRADAY,MARKET,-1.95,-28.95,-0.33,-0.06,49971.04999999999,-0.06
62,NSE_EQ:SBIN,2023-09-15 10:15:00+05:30,ecc74935d8664727a40e120e02438cc4,SELL,1,597.4,INTRADAY,MARKET,2023-09-15 15:10:00+05:30,fb21071a0c8d4997ba25c00a6e4afbd5,BUY,1,598.3,INTRADAY,MARKET,-0.9,-29.85,-0.15,-0.06,49970.14999999999,-0.06
63,NSE_EQ:SBIN,2023-09-20 09:15:00+05:30,e509ddae9acf46dbb50e85e6e995649f,BUY,1,600.85,INTRADAY,MARKET,2023-09-20 12:15:00+05:30,e04429ac6c0446c5a4b4dd94616263fb,SELL,1,603.55,INTRADAY,MARKET,2.7,-27.15,0.45,-0.05,49972.849999999984,-0.05
64,NSE_EQ:SBIN,2023-09-20 12:15:00+05:30,bf15ce8d807944c19a34238e1fcb9386,SELL,1,603.55,INTRADAY,MARKET,2023-09-20 14:15:00+05:30,3cc184569e4c4f17a092296a5bd23ca5,BUY,1,602.0,INTRADAY,MARKET,1.55,-25.6,0.26,-0.05,49974.39999999999,-0.05
65,NSE_EQ:SBIN,2023-09-20 14:15:00+05:30,549a6e0901e44efe8aca91e941936586,BUY,1,602.0,INTRADAY,MARKET,2023-09-20 15:10:00+05:30,15a8f21b5167432294d880e2fe2dc1ec,SELL,1,602.0,INTRADAY,MARKET,0.0,-25.6,0.0,-0.05,49974.39999999999,-0.05
66,NSE_EQ:SBIN,2023-09-21 10:15:00+05:30,74f644ad995247d68099de71c161c339,SELL,1,603.75,INTRADAY,MARKET,2023-09-21 12:15:00+05:30,12f8b80724384a66b7d436bdf8f6b999,BUY,1,593.4,INTRADAY,MARKET,10.35,-15.25,1.71,-0.03,49984.749999999985,-0.03
67,NSE_EQ:SBIN,2023-09-21 12:15:00+05:30,a34939224c0f46049c26bbec25e3303a,BUY,1,593.4,INTRADAY,MARKET,2023-09-21 15:10:00+05:30,1a44704d1d734786a3d26e34835a8af4,SELL,1,585.8,INTRADAY,MARKET,-7.6,-22.85,-1.28,-0.05,49977.14999999999,-0.05
68,NSE_EQ:SBIN,2023-09-22 10:15:00+05:30,368746f6bf3749778991b40097c11010,SELL,1,595.75,INTRADAY,MARKET,2023-09-22 15:10:00+05:30,ae0d37b7f9904b07b79778ce66ad33bf,BUY,1,599.5,INTRADAY,MARKET,-3.75,-26.6,-0.63,-0.05,49973.39999999999,-0.05
69,NSE_EQ:SBIN,2023-09-25 10:15:00+05:30,43c7b7027ecf4ead8746a262def3400f,BUY,1,594.6,INTRADAY,MARKET,2023-09-25 15:10:00+05:30,c7ea8ff4945e40739fc9fe8a30090235,SELL,1,593.6,INTRADAY,MARKET,-1.0,-27.6,-0.17,-0.06,49972.39999999999,-0.06
70,NSE_EQ:SBIN,2023-09-27 09:15:00+05:30,d659f3a4c45b41d2a361fcb22511d12f,SELL,1,593.45,INTRADAY,MARKET,2023-09-27 10:15:00+05:30,4a22bcb0d2de4596a154b915230cc70f,BUY,1,589.9,INTRADAY,MARKET,3.55,-24.05,0.6,-0.05,49975.94999999999,-0.05
71,NSE_EQ:SBIN,2023-09-27 10:15:00+05:30,7240350364274d9983d14afd61fc69e9,BUY,1,589.9,INTRADAY,MARKET,2023-09-27 15:10:00+05:30,1393b7bb7bd44518ab8e0b87386d19ce,SELL,1,591.4,INTRADAY,MARKET,1.5,-22.55,0.25,-0.05,49977.44999999999,-0.05
72,NSE_EQ:SBIN,2023-09-28 10:15:00+05:30,a667938f9b694fc0aefa61b066521877,SELL,1,592.55,INTRADAY,MARKET,2023-09-28 14:15:00+05:30,61f05147be2e41daaf7d289b72229e21,BUY,1,589.7,INTRADAY,MARKET,2.85,-19.7,0.48,-0.04,49980.29999999999,-0.04
73,NSE_EQ:SBIN,2023-09-28 14:15:00+05:30,229452c961d8495facb396d10127686d,BUY,1,589.7,INTRADAY,MARKET,2023-09-28 15:10:00+05:30,963aad41f4444d498ca195e2529fc647,SELL,1,589.7,INTRADAY,MARKET,0.0,-19.7,0.0,-0.04,49980.29999999999,-0.04
74,NSE_EQ:SBIN,2023-09-29 10:15:00+05:30,c824051bc65743b1b605f34ce2db6322,SELL,1,595.7,INTRADAY,MARKET,2023-09-29 15:10:00+05:30,28ad7f5c1f50418ca87a755af2657cde,BUY,1,598.55,INTRADAY,MARKET,-2.85,-22.55,-0.48,-0.05,49977.44999999999,-0.05
75,NSE_EQ:SBIN,2023-10-03 10:15:00+05:30,976742c4f657439dbe1a501c133d3e87,BUY,1,593.65,INTRADAY,MARKET,2023-10-03 13:15:00+05:30,adf65d5f94fe480cafc29832c458befc,SELL,1,596.25,INTRADAY,MARKET,2.6,-19.95,0.44,-0.04,49980.04999999999,-0.04
76,NSE_EQ:SBIN,2023-10-03 13:15:00+05:30,d87243c9e8d943b88605433089fb96a8,SELL,1,596.25,INTRADAY,MARKET,2023-10-03 15:10:00+05:30,36ee12d34d924fc3a2b9f41ac28a5869,BUY,1,599.0,INTRADAY,MARKET,-2.75,-22.7,-0.46,-0.05,49977.29999999999,-0.05
77,NSE_EQ:SBIN,2023-10-04 10:15:00+05:30,54d86daeb1e548c492a2c08f1c37254b,BUY,1,594.45,INTRADAY,MARKET,2023-10-04 15:10:00+05:30,a6eaa058b1f74706ac6970ed32c82f76,SELL,1,587.8,INTRADAY,MARKET,-6.65,-29.35,-1.12,-0.06,49970.64999999999,-0.06
78,NSE_EQ:SBIN,2023-10-05 11:15:00+05:30,4fd5d8241de942e29346d01e7734d846,SELL,1,593.4,INTRADAY,MARKET,2023-10-05 15:10:00+05:30,8e5f26b2220943598085c9c17bfd9466,BUY,1,593.2,INTRADAY,MARKET,0.2,-29.15,0.03,-0.06,49970.849999999984,-0.06
79,NSE_EQ:SBIN,2023-10-09 10:15:00+05:30,2e86dd610c5e4d3491f68d02e2e71811,BUY,1,586.35,INTRADAY,MARKET,2023-10-09 15:10:00+05:30,13c7d4303a6b4ea8aab238814bdd9d06,SELL,1,583.35,INTRADAY,MARKET,-3.0,-32.15,-0.51,-0.06,49967.849999999984,-0.06
80,NSE_EQ:SBIN,2023-10-10 10:15:00+05:30,c2f21b4c306d447496caa8711c322e47,SELL,1,587.45,INTRADAY,MARKET,2023-10-10 15:10:00+05:30,72ccfd56d61d425fa1908698384feae1,BUY,1,594.0,INTRADAY,MARKET,-6.55,-38.7,-1.11,-0.08,49961.29999999998,-0.08
81,NSE_EQ:SBIN,2023-10-11 14:15:00+05:30,2178a2c4b9034e25b1defae1fcf0cd19,BUY,1,589.05,INTRADAY,MARKET,2023-10-11 15:10:00+05:30,9e48c368658743b386c8cf91f02ad76d,SELL,1,589.05,INTRADAY,MARKET,0.0,-38.7,0.0,-0.08,49961.29999999998,-0.08
82,NSE_EQ:SBIN,2023-10-12 11:15:00+05:30,acec6212e82042ccb98868259b13f832,SELL,1,591.0,INTRADAY,MARKET,2023-10-12 13:15:00+05:30,d13ce76bb0f442ec8fadfafe15667b33,BUY,1,587.95,INTRADAY,MARKET,3.05,-35.65,0.52,-0.07,49964.349999999984,-0.07
83,NSE_EQ:SBIN,2023-10-12 13:15:00+05:30,274b0e8a375d4ef28ac016471a5f14b5,BUY,1,587.95,INTRADAY,MARKET,2023-10-12 15:10:00+05:30,9583beedb882483bab4de8321f7f3a23,SELL,1,587.5,INTRADAY,MARKET,-0.45,-36.1,-0.08,-0.07,49963.89999999999,-0.07
84,NSE_EQ:SBIN,2023-10-17 10:15:00+05:30,01045c98c84c411f9febc86ecbb2b995,SELL,1,578.75,INTRADAY,MARKET,2023-10-17 14:15:00+05:30,7c8f389288664ff5b8c51870f632ab12,BUY,1,575.85,INTRADAY,MARKET,2.9,-33.2,0.5,-0.07,49966.79999999999,-0.07
85,NSE_EQ:SBIN,2023-10-17 14:15:00+05:30,6f63f9bd1d6b4ff48d6f7452627b8742,BUY,1,575.85,INTRADAY,MARKET,2023-10-17 15:10:00+05:30,09ec933dacc64566b37257ac1f69ff35,SELL,1,575.85,INTRADAY,MARKET,0.0,-33.2,0.0,-0.07,49966.79999999999,-0.07
86,NSE_EQ:SBIN,2023-10-18 10:15:00+05:30,a27bc0f441f14a4db22be34e0a6a389d,SELL,1,578.45,INTRADAY,MARKET,2023-10-18 11:15:00+05:30,a8bad5c271e4427487ff63730a2005ff,BUY,1,570.6,INTRADAY,MARKET,7.85,-25.35,1.36,-0.05,49974.64999999999,-0.05
87,NSE_EQ:SBIN,2023-10-18 11:15:00+05:30,d8ecba84756f43ccabe78d9d9e88e7fc,BUY,1,570.6,INTRADAY,MARKET,2023-10-18 15:10:00+05:30,c2587ae533bb444c9d9911cf0ade4bf9,SELL,1,573.05,INTRADAY,MARKET,2.45,-22.9,0.43,-0.05,49977.099999999984,-0.05
88,NSE_EQ:SBIN,2023-10-25 11:15:00+05:30,c413fbdff9854b4883f85cc937963242,SELL,1,559.35,INTRADAY,MARKET,2023-10-25 13:15:00+05:30,7fefa76aa4254bdebc1453db93ce34ed,BUY,1,554.3,INTRADAY,MARKET,5.05,-17.85,0.9,-0.04,49982.14999999999,-0.04
89,NSE_EQ:SBIN,2023-10-25 13:15:00+05:30,38659dd082c4418eafc92414aed7499f,BUY,1,554.3,INTRADAY,MARKET,2023-10-25 14:15:00+05:30,63c4e55bf28440a8948d97fca1feff18,SELL,1,558.9,INTRADAY,MARKET,4.6,-13.25,0.83,-0.03,49986.749999999985,-0.03
90,NSE_EQ:SBIN,2023-10-25 14:15:00+05:30,86f7e0ab31c446a082151ee73df328ad,SELL,1,558.9,INTRADAY,MARKET,2023-10-25 15:10:00+05:30,0203d6a097ce405d89e1ec4004b47dd9,BUY,1,558.9,INTRADAY,MARKET,-0.0,-13.25,-0.0,-0.03,49986.749999999985,-0.03
91,NSE_EQ:SBIN,2023-10-27 10:15:00+05:30,fb839f1840064266b67564f48a3e6bc7,SELL,1,555.6,INTRADAY,MARKET,2023-10-27 15:10:00+05:30,0d1d4da287604a64992d00e81289f504,BUY,1,560.35,INTRADAY,MARKET,-4.75,-18.0,-0.85,-0.04,49981.999999999985,-0.04
92,NSE_EQ:SBIN,2023-10-31 13:15:00+05:30,9da74b184da34391b7110eab9cffd67e,BUY,1,564.2,INTRADAY,MARKET,2023-10-31 14:15:00+05:30,65a4f91dfdbb4d378c8621542d2b0f79,SELL,1,566.05,INTRADAY,MARKET,1.85,-16.15,0.33,-0.03,49983.849999999984,-0.03
93,NSE_EQ:SBIN,2023-10-31 14:15:00+05:30,f2b7aa536649477aaa63cc44681a6fc5,SELL,1,566.05,INTRADAY,MARKET,2023-10-31 15:10:00+05:30,0d975ba4f18f44e6870be5902c7b72b8,BUY,1,566.05,INTRADAY,MARKET,-0.0,-16.15,-0.0,-0.03,49983.849999999984,-0.03
