,INST,EN_TIME,EN_ID,EN_TT,EN_Q,EN_PRICE,EN_CODE,EN_VAR,EX_TIME,EX_ID,EX_TT,EX_Q,EX_PRICE,EX_CODE,EX_VAR,P&L,ROI,P&L %,ROI %,Equity Curve,Drawdown %
0,NSE_FO:BANKNIFTY05JAN2343000CE [LOCAL],2023-01-01 09:20:00+05:30,fc47d58691de47d28c1a0e0ad79d7783,SELL,15,362.05,INTRADAY,MARKET,2023-01-01 15:15:00+05:30,810d3bf95482403eaa928eb33af1e75c,BUY,15,362.05,INTRADAY,MARKET,-0.0,-0.0,-0.0,-0.0,50000.0,0.0
1,NSE_FO:BANKNIFTY05JAN2343000PE [LOCAL],2023-01-01 09:20:00+05:30,18c7b60887c94a9aa50cf14f6d48eb7f,SELL,15,287.0,INTRADAY,MARKET,2023-01-01 15:15:00+05:30,a9c27ce1769944a2ab6c761e327e51fa,BUY,15,287.0,INTRADAY,MARKET,-0.0,-0.0,-0.0,-0.0,50000.0,0.0
2,NSE_FO:BANKNIFTY05JAN2343000CE [LOCAL],2023-01-02 09:15:00+05:30,fe664b5d8a1b4c42b622a67b743c2385,SELL,15,360.05,INTRADAY,MARKET,2023-01-02 15:15:00+05:30,90bf4c50375246bb86f04ce993a687b9,BUY,15,416.0,INTRADAY,MARKET,-839.25,-839.25,-15.54,-1.68,49160.75,-1.68
3,NSE_FO:BANKNIFTY05JAN2343000PE [LOCAL],2023-01-02 09:15:00+05:30,b1f3e3ec55fe4ff593766c3ab913c49d,SELL,15,284.0,INTRADAY,MARKET,2023-01-02 15:15:00+05:30,8aaf1346cf054b799f6be1e438264f4b,BUY,15,175.15,INTRADAY,MARKET,1632.75,793.5,38.33,1.59,50793.5,0.0
4,NSE_FO:BANKNIFTY05JAN2343200CE [LOCAL],2023-01-03 09:15:00+05:30,30162b201107400d9beac3799eaf5916,SELL,15,310.55,INTRADAY,MARKET,2023-01-03 15:15:00+05:30,efea70da5f384a2aa6af875d2cffe34d,BUY,15,384.1,INTRADAY,MARKET,-1103.25,-309.75,-23.68,-0.62,49690.25,-2.17
5,NSE_FO:BANKNIFTY05JAN2343200PE [LOCAL],2023-01-03 09:15:00+05:30,5ca0a3175a8f4579845b8b1a036c2826,SELL,15,274.45,INTRADAY,MARKET,2023-01-03 15:15:00+05:30,17380c4d3fdf4c949ca689146dfab52c,BUY,15,116.05,INTRADAY,MARKET,2376.0,2066.25,57.72,4.13,52066.25,0.0
6,NSE_FO:BANKNIFTY05JAN2343400CE [LOCAL],2023-01-04 09:15:00+05:30,aaed3a1c62b4452b9f7ab63afd70eae7,SELL,15,255.0,INTRADAY,MARKET,2023-01-04 15:15:00+05:30,a5a745b58d0d44ea9c3b66ff131b2a63,BUY,15,60.35,INTRADAY,MARKET,2919.75,4986.0,76.33,9.97,54986.0,0.0
7,NSE_FO:BANKNIFTY05JAN2343400PE [LOCAL],2023-01-04 09:15:00+05:30,56366d1e6b8943149abefada2ab00e01,SELL,15,199.9,INTRADAY,MARKET,2023-01-04 15:15:00+05:30,1df80494aba344dabd325dc8767fe7b8,BUY,15,449.05,INTRADAY,MARKET,-3737.25,1248.75,-124.64,2.5,51248.75,-6.8
8,NSE_FO:BANKNIFTY05JAN2343100CE [LOCAL],2023-01-05 09:15:00+05:30,08beff5c939243f8a42bf41d87913cca,SELL,15,178.4,INTRADAY,MARKET,2023-01-05 15:15:00+05:30,6bc27067a9bc4d1d96d7e3ebf5b465c7,BUY,15,0.35,INTRADAY,MARKET,2670.75,3919.5,99.8,7.84,53919.5,-1.94
9,NSE_FO:BANKNIFTY05JAN2343100PE [LOCAL],2023-01-05 09:15:00+05:30,cc63655a74ce4746a6258ce597319354,SELL,15,219.0,INTRADAY,MARKET,2023-01-05 15:15:00+05:30,66a75b6df6a64eef94bbf91981ca9ffb,BUY,15,484.6,INTRADAY,MARKET,-3984.0,-64.5,-121.28,-0.13,49935.5,-9.19
10,NSE_FO:BANKNIFTY12JAN2342600CE [LOCAL],2023-01-06 09:15:00+05:30,015e0d5291db4c7c91884702c043adae,SELL,15,393.7,INTRADAY,MARKET,2023-01-06 15:15:00+05:30,d7a8c148b7bf40f889dcbb25cc164485,BUY,15,188.9,INTRADAY,MARKET,3072.0,3007.5,52.02,6.02,53007.5,-3.6
11,NSE_FO:BANKNIFTY12JAN2342600PE [LOCAL],2023-01-06 09:15:00+05:30,3a3e964d3e404d85898d1825cecac731,SELL,15,360.0,INTRADAY,MARKET,2023-01-06 15:15:00+05:30,7ab94e2d8f7d4d1c8bdae6cc28452375,BUY,15,511.4,INTRADAY,MARKET,-2271.0,736.5,-42.06,1.47,50736.5,-7.73
12,NSE_FO:BANKNIFTY12JAN2342400CE [LOCAL],2023-01-09 09:15:00+05:30,eb607ea361994a048d64f06a77da66b4,SELL,15,295.15,INTRADAY,MARKET,2023-01-09 15:15:00+05:30,153f374fca0441f5a8011a5d50855a76,BUY,15,397.5,INTRADAY,MARKET,-1535.25,-798.75,-34.68,-1.6,49201.25,-10.52
13,NSE_FO:BANKNIFTY12JAN2342400PE [LOCAL],2023-01-09 09:15:00+05:30,f535ed8088ed47418639ea5393734ee7,SELL,15,278.05,INTRADAY,MARKET,2023-01-09 15:15:00+05:30,c864631fa7074e24bb2566c316ac80dd,BUY,15,149.0,INTRADAY,MARKET,1935.75,1137.0,46.41,2.27,51137.0,-7.0
14,NSE_FO:BANKNIFTY12JAN2342600CE [LOCAL],2023-01-10 09:15:00+05:30,a5551b8fccf843bb9a2e6d955e8c7234,SELL,15,272.2,INTRADAY,MARKET,2023-01-10 15:15:00+05:30,be75e4c63c40441bbfbda3b01fd07546,BUY,15,82.25,INTRADAY,MARKET,2849.25,3986.25,69.78,7.97,53986.25,-1.82
15,NSE_FO:BANKNIFTY12JAN2342600PE [LOCAL],2023-01-10 09:15:00+05:30,7430288659cd47bc9018ecb1c99b33ad,SELL,15,232.55,INTRADAY,MARKET,2023-01-10 15:15:00+05:30,d7dd18ea8cae41df8243c66657aa02af,BUY,15,558.1,INTRADAY,MARKET,-4883.25,-897.0,-139.99,-1.79,49103.0,-10.7
16,NSE_FO:BANKNIFTY12JAN2342100CE [LOCAL],2023-01-11 09:15:00+05:30,cec9e31846c44787a7541142b7d3ed6d,SELL,15,251.0,INTRADAY,MARKET,2023-01-11 15:15:00+05:30,ee31ac94d67b4c8d888e8a8f181f12a7,BUY,15,274.1,INTRADAY,MARKET,-346.5,-1243.5,-9.2,-2.49,48756.5,-11.33
17,NSE_FO:BANKNIFTY12JAN2342100PE [LOCAL],2023-01-11 09:15:00+05:30,5bf8f1dafedf484d9f16ecb670a8b750,SELL,15,235.0,INTRADAY,MARKET,2023-01-11 15:15:00+05:30,d206745814894f8494a2a548dbd33bd0,BUY,15,101.55,INTRADAY,MARKET,2001.75,758.25,56.79,1.52,50758.25,-7.69
18,NSE_FO:BANKNIFTY12JAN2342200CE [LOCAL],2023-01-12 09:15:00+05:30,3ecbb00dc31d4ae9a9cf38a3bca0be62,SELL,15,204.1,INTRADAY,MARKET,2023-01-12 15:15:00+05:30,074e03b1f8714df1bbef95aa8b94fd79,BUY,15,0.45,INTRADAY,MARKET,3054.75,3813.0,99.78,7.63,53813.0,-2.13
19,NSE_FO:BANKNIFTY12JAN2342200PE [LOCAL],2023-01-12 09:15:00+05:30,102e6db686e34277843bd3475871120e,SELL,15,147.0,INTRADAY,MARKET,2023-01-12 15:15:00+05:30,890d7c39fbac41c097c0035464ebfdcc,BUY,15,125.85,INTRADAY,MARKET,317.25,4130.25,14.39,8.26,54130.25,-1.56
20,NSE_FO:BANKNIFTY19JAN2342200CE [LOCAL],2023-01-13 09:15:00+05:30,5e4af5c1a642404697ddef0a5577cf76,SELL,15,410.55,INTRADAY,MARKET,2023-01-13 15:15:00+05:30,4bf44714652341b4b9ce492b1209766a,BUY,15,442.5,INTRADAY,MARKET,-479.25,3651.0,-7.78,7.3,53651.0,-2.43
21,NSE_FO:BANKNIFTY19JAN2342200PE [LOCAL],2023-01-13 09:15:00+05:30,a73eecba38244f0cb698b19a9366a11f,SELL,15,352.15,INTRADAY,MARKET,2023-01-13 15:15:00+05:30,156f51187d0848ab9ba7d113b0bead09,BUY,15,232.1,INTRADAY,MARKET,1800.75,5451.75,34.09,10.9,55451.75,0.0
22,NSE_FO:BANKNIFTY19JAN2342600CE [LOCAL],2023-01-16 09:15:00+05:30,a982828357b94bb19e6c6376480d6a59,SELL,15,255.05,INTRADAY,MARKET,2023-01-16 15:15:00+05:30,9c879d4ed36b4175b31566cfc827637e,BUY,15,126.35,INTRADAY,MARKET,1930.5,7382.25,50.46,14.76,57382.25,0.0
23,NSE_FO:BANKNIFTY19JAN2342600PE [LOCAL],2023-01-16 09:15:00+05:30,2c4227f9907d4284a590112ed690b097,SELL,15,305.5,INTRADAY,MARKET,2023-01-16 15:15:00+05:30,459aa2cca0874e1bb3cd1d4fd1bfddf8,BUY,15,511.0,INTRADAY,MARKET,-3082.5,4299.75,-67.27,8.6,54299.75,-5.37
24,NSE_FO:BANKNIFTY19JAN2342200CE [LOCAL],2023-01-17 09:15:00+05:30,b0f554a3216c41cb945886448f3ba3da,SELL,15,319.95,INTRADAY,MARKET,2023-01-17 15:15:00+05:30,2f25476546e44602b0057a5f36f2333e,BUY,15,261.7,INTRADAY,MARKET,873.75,5173.5,18.21,10.35,55173.5,-3.85
25,NSE_FO:BANKNIFTY19JAN2342200PE [LOCAL],2023-01-17 09:15:00+05:30,0575e8a0f7dd4deeb127027a4d65f7c5,SELL,15,273.75,INTRADAY,MARKET,2023-01-17 15:15:00+05:30,928e289a3f64434da36bd289b5e5ec4c,BUY,15,171.6,INTRADAY,MARKET,1532.25,6705.75,37.32,13.41,56705.75,-1.18
26,NSE_FO:BANKNIFTY19JAN2342300CE [LOCAL],2023-01-18 09:15:00+05:30,0da9a65523bd4bf79d48ad19eea8cf08,SELL,15,220.0,INTRADAY,MARKET,2023-01-18 15:15:00+05:30,05c83e85583848f7bc1b89287c35afa7,BUY,15,233.5,INTRADAY,MARKET,-202.5,6503.25,-6.14,13.01,56503.25,-1.53
27,NSE_FO:BANKNIFTY19JAN2342300PE [LOCAL],2023-01-18 09:15:00+05:30,7d6b066f621541d581f587022ffc9cc4,SELL,15,232.8,INTRADAY,MARKET,2023-01-18 15:15:00+05:30,9abe75aea443433ca72cf83224f068ff,BUY,15,110.6,INTRADAY,MARKET,1833.0,8336.25,52.49,16.67,58336.25,0.0
28,NSE_FO:BANKNIFTY19JAN2342400CE [LOCAL],2023-01-19 09:15:00+05:30,dc2800fbdb0e46e485ea11390109a9c2,SELL,15,171.35,INTRADAY,MARKET,2023-01-19 15:15:00+05:30,923f46ddfcb84a87824d1059436e5e61,BUY,15,0.2,INTRADAY,MARKET,2567.25,10903.5,99.88,21.81,60903.5,0.0
29,NSE_FO:BANKNIFTY19JAN2342400PE [LOCAL],2023-01-19 09:15:00+05:30,26b5b36138674c4c9c46d66072f4596a,SELL,15,181.0,INTRADAY,MARKET,2023-01-19 15:15:00+05:30,35fe027698574f5c948d48ea1fc3673c,BUY,15,86.35,INTRADAY,MARKET,1419.75,12323.25,52.29,24.65,62323.25,0.0
30,NSE_FO:BANKNIFTY25JAN2342500CE [LOCAL],2023-01-20 09:15:00+05:30,b24f52e912e841aba23d0e6336a0fe9b,SELL,15,255.0,INTRADAY,MARKET,2023-01-20 15:15:00+05:30,c6ab5521ad96457690738320c17190f1,BUY,15,290.0,INTRADAY,MARKET,-525.0,11798.25,-13.73,23.6,61798.25,-0.84
31,NSE_FO:BANKNIFTY25JAN2342500PE [LOCAL],2023-01-20 09:15:00+05:30,39c614d36de34ee5b69341ba96357273,SELL,15,321.1,INTRADAY,MARKET,2023-01-20 15:15:00+05:30,0d80d3143176413484aecde5cd74ee73,BUY,15,250.4,INTRADAY,MARKET,1060.5,12858.75,22.02,25.72,62858.75,0.0
32,NSE_FO:BANKNIFTY25JAN2342900CE [LOCAL],2023-01-23 09:15:00+05:30,a233571ee08e45cb8c5e2b78560fdeac,SELL,15,165.0,INTRADAY,MARKET,2023-01-23 15:15:00+05:30,bf028a7f5df5484ebad37225b4bed530,BUY,15,178.95,INTRADAY,MARKET,-209.25,12649.5,-8.45,25.3,62649.5,-0.33
33,NSE_FO:BANKNIFTY25JAN2342900PE [LOCAL],2023-01-23 09:15:00+05:30,c1d308ac11a74be4b00d0231ffcda31b,SELL,15,287.7,INTRADAY,MARKET,2023-01-23 15:15:00+05:30,335d319afbfd43c1bc9c437a75550367,BUY,15,209.85,INTRADAY,MARKET,1167.75,13817.25,27.06,27.63,63817.25,0.0
34,NSE_FO:BANKNIFTY25JAN2343000CE [LOCAL],2023-01-24 09:15:00+05:30,dac8f1acf0074d9d921208ccb9a67103,SELL,15,145.0,INTRADAY,MARKET,2023-01-24 15:15:00+05:30,debd143bbc364e659c90451d830d01b6,BUY,15,52.5,INTRADAY,MARKET,1387.5,15204.75,63.79,30.41,65204.75,0.0
35,NSE_FO:BANKNIFTY25JAN2343000PE [LOCAL],2023-01-24 09:15:00+05:30,b707702d5f0b47769196298d914f7999,SELL,15,200.05,INTRADAY,MARKET,2023-01-24 15:15:00+05:30,d680ed6f836846baa1e95b0dd15d08ec,BUY,15,270.95,INTRADAY,MARKET,-1063.5,14141.25,-35.44,28.28,64141.25,-1.63
36,NSE_FO:BANKNIFTY25JAN2342700CE [LOCAL],2023-01-25 09:15:00+05:30,e167e45f8ad7408aab1ddc361e95c0b4,SELL,15,158.0,INTRADAY,MARKET,2023-01-25 15:15:00+05:30,80a19d105bdc4eea8eb430234fdb4895,BUY,15,0.25,INTRADAY,MARKET,2366.25,16507.5,99.84,33.02,66507.5,0.0
37,NSE_FO:BANKNIFTY25JAN2342700PE [LOCAL],2023-01-25 09:15:00+05:30,2367e80615704cf4a4a16137ab56864f,SELL,15,110.05,INTRADAY,MARKET,2023-01-25 15:15:00+05:30,a408da8fa2d646a9a7aa328badf74181,BUY,15,1057.0,INTRADAY,MARKET,-14204.25,2303.25,-860.47,4.61,52303.25,-21.36
38,NSE_FO:BANKNIFTY02FEB2341400CE [LOCAL],2023-01-27 09:15:00+05:30,b155e2e4375d458e876eb3b55bf05805,SELL,15,624.05,INTRADAY,MARKET,2023-01-27 15:15:00+05:30,9482ad3e59494924a28540e18a455af8,BUY,15,224.1,INTRADAY,MARKET,5999.25,8302.5,64.09,16.6,58302.5,-12.34
39,NSE_FO:BANKNIFTY02FEB2341400PE [LOCAL],2023-01-27 09:15:00+05:30,34bcc5f7df98446f9c2dd25742994368,SELL,15,578.35,INTRADAY,MARKET,2023-01-27 15:15:00+05:30,a86d73c62304403a889d760e81ba2b09,BUY,15,1154.75,INTRADAY,MARKET,-8646.0,-343.5,-99.66,-0.69,49656.5,-25.34
40,NSE_FO:BANKNIFTY02FEB2339900CE [LOCAL],2023-01-30 09:15:00+05:30,05368520209048a6aba0663a4c67b6d1,SELL,15,737.7,INTRADAY,MARKET,2023-01-30 15:15:00+05:30,c03d04dba50e4af593685fa350ca2d4d,BUY,15,962.65,INTRADAY,MARKET,-3374.25,-3717.75,-30.49,-7.44,46282.25,-30.41
41,NSE_FO:BANKNIFTY02FEB2339900PE [LOCAL],2023-01-30 09:15:00+05:30,9d92e15fb41f40a7900cde665c0875bb,SELL,15,460.0,INTRADAY,MARKET,2023-01-30 15:15:00+05:30,a6f4ed7d348447ec890cacd1c161b1dd,BUY,15,274.15,INTRADAY,MARKET,2787.75,-930.0,40.4,-1.86,49070.0,-26.22
42,NSE_FO:BANKNIFTY02FEB2340600CE [LOCAL],2023-01-31 09:15:00+05:30,232705b629d049ebb6c1e665071ccdc0,SELL,15,519.4,INTRADAY,MARKET,2023-01-31 15:15:00+05:30,1cb10402a52947a3a7bb2cbd2c28ce75,BUY,15,624.55,INTRADAY,MARKET,-1577.25,-2507.25,-20.24,-5.01,47492.75,-28.59
43,NSE_FO:BANKNIFTY02FEB2340600PE [LOCAL],2023-01-31 09:15:00+05:30,214f3219514c4af98d3040be6e15e233,SELL,15,543.9,INTRADAY,MARKET,2023-01-31 15:15:00+05:30,6f6822fb4bbd492e8cd99768205fa6ef,BUY,15,357.35,INTRADAY,MARKET,2798.25,291.0,34.3,0.58,50291.0,-24.38
44,NSE_FO:BANKNIFTY02FEB2341100CE [LOCAL],2023-02-01 09:15:00+05:30,22aa86ede82541b987803c7e3ae90052,SELL,15,517.15,INTRADAY,MARKET,2023-02-01 15:15:00+05:30,9379e4a52795406ab34f8ae1b330c227,BUY,15,127.2,INTRADAY,MARKET,5849.25,6140.25,75.4,12.28,56140.25,-15.59
45,NSE_FO:BANKNIFTY02FEB2341100PE [LOCAL],2023-02-01 09:15:00+05:30,db250e3b26d3428e937faa18246596d1,SELL,15,443.35,INTRADAY,MARKET,2023-02-01 15:15:00+05:30,129f693dcf9746d281c2eb40a921cd1c,BUY,15,686.5,INTRADAY,MARKET,-3647.25,2493.0,-54.84,4.99,52493.0,-21.07
46,NSE_FO:BANKNIFTY02FEB2339900CE [LOCAL],2023-02-02 09:15:00+05:30,8aa468c3645748b4b1ab0924ec7c9114,SELL,15,324.8,INTRADAY,MARKET,2023-02-02 15:15:00+05:30,2db3b57b8a9a4c318d3008cbd1755b03,BUY,15,738.7,INTRADAY,MARKET,-6208.5,-3715.5,-127.43,-7.43,46284.5,-30.41
47,NSE_FO:BANKNIFTY02FEB2339900PE [LOCAL],2023-02-02 09:15:00+05:30,e86484a8dd5742ecaa1bd1c3056d37d0,SELL,15,297.6,INTRADAY,MARKET,2023-02-02 15:15:00+05:30,617c9ba41ec045e8880ae7614fdfa1f1,BUY,15,0.4,INTRADAY,MARKET,4458.0,742.5,99.87,1.48,50742.5,-23.7
48,NSE_FO:BANKNIFTY09FEB2341000CE [LOCAL],2023-02-03 09:15:00+05:30,4f83076a0a9f4e8791ee1730324dc361,SELL,15,500.3,INTRADAY,MARKET,2023-02-03 15:15:00+05:30,901f3ed45a094a0d85d25c773f72feb4,BUY,15,731.0,INTRADAY,MARKET,-3460.5,-2718.0,-46.11,-5.44,47282.0,-28.91
49,NSE_FO:BANKNIFTY09FEB2341000PE [LOCAL],2023-02-03 09:15:00+05:30,c88a278d7dbf458b8aeb80de2ec54f9e,SELL,15,485.15,INTRADAY,MARKET,2023-02-03 15:15:00+05:30,8fed6166facf4f3ab8161da75db6e214,BUY,15,216.85,INTRADAY,MARKET,4024.5,1306.5,55.3,2.61,51306.5,-22.86
50,NSE_FO:BANKNIFTY09FEB2341500CE [LOCAL],2023-02-06 09:15:00+05:30,6bc98004c25b4e99afa155845f8f90e9,SELL,15,410.05,INTRADAY,MARKET,2023-02-06 15:15:00+05:30,af56a252553945a982af6427b89fe369,BUY,15,299.2,INTRADAY,MARKET,1662.75,2969.25,27.03,5.94,52969.25,-20.36
51,NSE_FO:BANKNIFTY09FEB2341500PE [LOCAL],2023-02-06 09:15:00+05:30,5f6c1928e3ed4fd4bd4f556019021afa,SELL,15,472.4,INTRADAY,MARKET,2023-02-06 15:15:00+05:30,cae06f91f5d847ff87938a49449ba7ac,BUY,15,402.45,INTRADAY,MARKET,1049.25,4018.5,14.81,8.04,54018.5,-18.78
52,NSE_FO:BANKNIFTY09FEB2341500CE [LOCAL],2023-02-07 09:15:00+05:30,c611a8ecf1c7481d88ff1204f780643f,SELL,15,343.4,INTRADAY,MARKET,2023-02-07 15:15:00+05:30,3922a354cb6c412aa2a6e81d87d5f555,BUY,15,291.95,INTRADAY,MARKET,771.75,4790.25,14.98,9.58,54790.25,-17.62
53,NSE_FO:BANKNIFTY09FEB2341500PE [LOCAL],2023-02-07 09:15:00+05:30,2a3a3f8afb5e4518aace4ed61b95bcfe,SELL,15,355.0,INTRADAY,MARKET,2023-02-07 15:15:00+05:30,80ee4be6063a4e5c849014b84df335b9,BUY,15,276.4,INTRADAY,MARKET,1179.0,5969.25,22.14,11.94,55969.25,-15.85
54,NSE_FO:BANKNIFTY09FEB2341500CE [LOCAL],2023-02-08 09:15:00+05:30,0b293fcd7080472c87629945079c8867,SELL,15,299.0,INTRADAY,MARKET,2023-02-08 15:15:00+05:30,4b57a8cdf4a74e80bb39c0138dc0a741,BUY,15,235.55,INTRADAY,MARKET,951.75,6921.0,21.22,13.84,56921.0,-14.41
55,NSE_FO:BANKNIFTY09FEB2341500PE [LOCAL],2023-02-08 09:15:00+05:30,ffc66e04edd0428da83abd0aa03c889a,SELL,15,262.7,INTRADAY,MARKET,2023-02-08 15:15:00+05:30,dea9e205467b484382e400fd7f017fc2,BUY,15,152.25,INTRADAY,MARKET,1656.75,8577.75,42.04,17.16,58577.75,-11.92
56,NSE_FO:BANKNIFTY09FEB2341600CE [LOCAL],2023-02-09 09:15:00+05:30,eda0a2340d7e404cba2e5450eb441124,SELL,15,198.0,INTRADAY,MARKET,2023-02-09 15:15:00+05:30,f54a6c043a654cfca6eec3eca0a156f5,BUY,15,0.55,INTRADAY,MARKET,2961.75,11539.5,99.72,23.08,61539.5,-7.47
57,NSE_FO:BANKNIFTY09FEB2341600PE [LOCAL],2023-02-09 09:15:00+05:30,eee8aba906944f6ba66593a36a406157,SELL,15,190.05,INTRADAY,MARKET,2023-02-09 15:15:00+05:30,3abdb9042fbd4c0ba3dea8f5d0b9342c,BUY,15,65.5,INTRADAY,MARKET,1868.25,13407.75,65.54,26.82,63407.75,-4.66
58,NSE_FO:BANKNIFTY16FEB2341500CE [LOCAL],2023-02-10 09:15:00+05:30,2041e3a624d743928c82cc996b35916f,SELL,15,380.0,INTRADAY,MARKET,2023-02-10 15:15:00+05:30,6fffd60d95ee4fbe824772363730871e,BUY,15,348.25,INTRADAY,MARKET,476.25,13884.0,8.36,27.77,63884.0,-3.94
59,NSE_FO:BANKNIFTY16FEB2341500PE [LOCAL],2023-02-10 09:15:00+05:30,49bbfc1bfc0f4b60b529a75d1098e5a7,SELL,15,325.0,INTRADAY,MARKET,2023-02-10 15:15:00+05:30,6e8e41b312274f70a0ea1a156c369f80,BUY,15,260.2,INTRADAY,MARKET,972.0,14856.0,19.94,29.71,64856.0,-2.48
60,NSE_FO:BANKNIFTY16FEB2341600CE [LOCAL],2023-02-13 09:15:00+05:30,f1ac3c4c2d394d35bd24ea64387398bc,SELL,15,269.3,INTRADAY,MARKET,2023-02-13 15:15:00+05:30,5fbc89d5099a4634a997a75ec7f67f9b,BUY,15,158.3,INTRADAY,MARKET,1665.0,16521.0,41.22,33.04,66521.0,0.0
61,NSE_FO:BANKNIFTY16FEB2341600PE [LOCAL],2023-02-13 09:15:00+05:30,922ebfcf926f46b98cd2d39ba15aa2cb,SELL,15,300.0,INTRADAY,MARKET,2023-02-13 15:15:00+05:30,16147aa09f5248d8a47ed0b28db7bbf0,BUY,15,428.65,INTRADAY,MARKET,-1929.75,14591.25,-42.88,29.18,64591.25,-2.9
62,NSE_FO:BANKNIFTY16FEB2341400CE [LOCAL],2023-02-14 09:15:00+05:30,e8783c92acf64b52bbe600ccc36d8e0a,SELL,15,256.35,INTRADAY,MARKET,2023-02-14 15:15:00+05:30,25977b8fd7274fe7821565f6a79ff3e2,BUY,15,369.95,INTRADAY,MARKET,-1704.0,12887.25,-44.31,25.77,62887.25,-5.46
63,NSE_FO:BANKNIFTY16FEB2341400PE [LOCAL],2023-02-14 09:15:00+05:30,d1d7be4d12f64f068123b133611c5cea,SELL,15,290.25,INTRADAY,MARKET,2023-02-14 15:15:00+05:30,a3df7ecb358145d39f726ec587a1d1d6,BUY,15,130.65,INTRADAY,MARKET,2394.0,15281.25,54.99,30.56,65281.25,-1.86
64,NSE_FO:BANKNIFTY16FEB2341700CE [LOCAL],2023-02-15 09:15:00+05:30,06da68376e28407f8001e52f7f952355,SELL,15,205.25,INTRADAY,MARKET,2023-02-15 15:15:00+05:30,70b8d28f569b44b08ff27c6b252c0103,BUY,15,156.5,INTRADAY,MARKET,731.25,16012.5,23.75,32.02,66012.5,-0.76
65,NSE_FO:BANKNIFTY16FEB2341700PE [LOCAL],2023-02-15 09:15:00+05:30,239db655f0d74c888ce5ccfa886c2c38,SELL,15,190.0,INTRADAY,MARKET,2023-02-15 15:15:00+05:30,bd227ae8e036434c92b4d60b44f32461,BUY,15,123.65,INTRADAY,MARKET,995.25,17007.75,34.92,34.02,67007.75,0.0
66,NSE_FO:BANKNIFTY16FEB2341900CE [LOCAL],2023-02-16 09:15:00+05:30,e17d5839b0e24bc988cfaeb0977e952a,SELL,15,92.55,INTRADAY,MARKET,2023-02-16 15:15:00+05:30,7aa609786c994e4998128b2f9f6512d5,BUY,15,0.35,INTRADAY,MARKET,1383.0,18390.75,99.62,36.78,68390.75,0.0
67,NSE_FO:BANKNIFTY16FEB2341900PE [LOCAL],2023-02-16 09:15:00+05:30,a5c610bb17c54678abaf9a615bfec896,SELL,15,74.8,INTRADAY,MARKET,2023-02-16 15:15:00+05:30,3bccb0266c9d4d76bd94a1eb720e6600,BUY,15,242.0,INTRADAY,MARKET,-2508.0,15882.75,-223.53,31.77,65882.75,-3.67
68,NSE_FO:BANKNIFTY23FEB2341500CE [LOCAL],2023-02-17 09:15:00+05:30,528df54f2bfd48ac98ed81d817bb526e,SELL,15,358.0,INTRADAY,MARKET,2023-02-17 15:15:00+05:30,28f107a3dc7f4a42804c77c525c0385d,BUY,15,195.55,INTRADAY,MARKET,2436.75,18319.5,45.38,36.64,68319.5,-0.1
69,NSE_FO:BANKNIFTY23FEB2341500PE [LOCAL],2023-02-17 09:15:00+05:30,c14957e9f0e443fa8145c27e6a868b69,SELL,15,297.0,INTRADAY,MARKET,2023-02-17 15:15:00+05:30,1d08a02a7b3b427c82c70e87a18cd3a4,BUY,15,459.3,INTRADAY,MARKET,-2434.5,15885.0,-54.65,31.77,65885.0,-3.66
70,NSE_FO:BANKNIFTY23FEB2341200CE [LOCAL],2023-02-20 09:15:00+05:30,5503bb70a3824ce68b1197b3c0e90c33,SELL,15,343.05,INTRADAY,MARKET,2023-02-20 15:15:00+05:30,5dc08ad746f74a13bb6a899808e60734,BUY,15,125.0,INTRADAY,MARKET,3270.75,19155.75,63.56,38.31,69155.75,0.0
71,NSE_FO:BANKNIFTY23FEB2341200PE [LOCAL],2023-02-20 09:15:00+05:30,93df1bfe53d24e2289bf26ca66db6fc1,SELL,15,311.0,INTRADAY,MARKET,2023-02-20 15:15:00+05:30,de87e6efeb2246d685ede7d6bfdd934c,BUY,15,533.0,INTRADAY,MARKET,-3330.0,15825.75,-71.38,31.65,65825.75,-4.82
72,NSE_FO:BANKNIFTY23FEB2340800CE [LOCAL],2023-02-21 09:15:00+05:30,780db2e6f82d4554aefe3d8717c9572a,SELL,15,297.35,INTRADAY,MARKET,2023-02-21 15:15:00+05:30,4b0d71914ee54799b84d7b3ca9981540,BUY,15,167.0,INTRADAY,MARKET,1955.25,17781.0,43.84,35.56,67781.0,-1.99
73,NSE_FO:BANKNIFTY23FEB2340800PE [LOCAL],2023-02-21 09:15:00+05:30,dfd2e314cb8243c8bad0c94ba75349f2,SELL,15,249.75,INTRADAY,MARKET,2023-02-21 15:15:00+05:30,6f85ffddaf4d4af29fbad3aeca6fa503,BUY,15,250.35,INTRADAY,MARKET,-9.0,17772.0,-0.24,35.54,67772.0,-2.0
74,NSE_FO:BANKNIFTY23FEB2340500CE [LOCAL],2023-02-22 09:15:00+05:30,15d073ea00d04dd3be0fe20facb07b92,SELL,15,282.8,INTRADAY,MARKET,2023-02-22 15:15:00+05:30,3ee561c1faf143a6a59284c07ed025d7,BUY,15,36.9,INTRADAY,MARKET,3688.5,21460.5,86.95,42.92,71460.5,0.0
75,NSE_FO:BANKNIFTY23FEB2340500PE [LOCAL],2023-02-22 09:15:00+05:30,1e8a7878e1b148a8b4ad016ef0c14bc7,SELL,15,160.0,INTRADAY,MARKET,2023-02-22 15:15:00+05:30,52da485b0c57401687d936f733d96942,BUY,15,474.8,INTRADAY,MARKET,-4722.0,16738.5,-196.75,33.48,66738.5,-6.61
76,NSE_FO:BANKNIFTY23FEB2340000CE [LOCAL],2023-02-23 09:15:00+05:30,a05d1cf1ffdb447fa03ba3b4c9e63890,SELL,15,199.7,INTRADAY,MARKET,2023-02-23 15:15:00+05:30,7e35263b28df4a119328480d69b196ca,BUY,15,1.1,INTRADAY,MARKET,2979.0,19717.5,99.45,39.43,69717.5,-2.44
77,NSE_FO:BANKNIFTY23FEB2340000PE [LOCAL],2023-02-23 09:15:00+05:30,12f75e1ba84a433d8d3c802ed5188ad9,SELL,15,151.0,INTRADAY,MARKET,2023-02-23 15:15:00+05:30,0d8be563a3d343d4831f9def4fc23ad3,BUY,15,35.65,INTRADAY,MARKET,1730.25,21447.75,76.39,42.9,71447.75,-0.02
78,NSE_FO:BANKNIFTY02MAR2340300CE [LOCAL],2023-02-24 09:15:00+05:30,1fbf5ce3cfea42968f7641f1a1611481,SELL,15,316.85,INTRADAY,MARKET,2023-02-24 15:15:00+05:30,9766cfb808d948038c3084cc6d8ccd66,BUY,15,178.0,INTRADAY,MARKET,2082.75,23530.5,43.82,47.06,73530.5,0.0
79,NSE_FO:BANKNIFTY02MAR2340300PE [LOCAL],2023-02-24 09:15:00+05:30,34d80e878fe34d419b1fbc2eede7e891,SELL,15,384.9,INTRADAY,MARKET,2023-02-24 15:15:00+05:30,7242fa3fa9154366b903f9dc7bc14040,BUY,15,473.4,INTRADAY,MARKET,-1327.5,22203.0,-22.99,44.41,72203.0,-1.81
80,NSE_FO:BANKNIFTY02MAR2339800CE [LOCAL],2023-02-27 09:15:00+05:30,17b1a2003f4b4911bd7e43167d7b29b3,SELL,15,375.7,INTRADAY,MARKET,2023-02-27 15:15:00+05:30,c2619094d40c49f8b0a635a9c4b09fe0,BUY,15,632.45,INTRADAY,MARKET,-3851.25,18351.75,-68.34,36.7,68351.75,-7.04
81,NSE_FO:BANKNIFTY02MAR2339800PE [LOCAL],2023-02-27 09:15:00+05:30,c53ce9e4d68e451da3a8e8a9a94bb359,SELL,15,283.45,INTRADAY,MARKET,2023-02-27 15:15:00+05:30,62dfb8cdc75f4dcdb7f44bfb8384a7c5,BUY,15,79.2,INTRADAY,MARKET,3063.75,21415.5,72.06,42.83,71415.5,-2.88
82,NSE_FO:BANKNIFTY02MAR2340300CE [LOCAL],2023-02-28 09:15:00+05:30,d345b254daaa4018ae29db2ea409acf4,SELL,15,277.25,INTRADAY,MARKET,2023-02-28 15:15:00+05:30,4d255f9f01d644f6b7b00068963f0f56,BUY,15,277.25,INTRADAY,MARKET,-0.0,21415.5,-0.0,42.83,71415.5,-2.88
83,NSE_FO:BANKNIFTY02MAR2340300PE [LOCAL],2023-02-28 09:15:00+05:30,b5d13a1ac67b48a396601331354a4937,SELL,15,224.0,INTRADAY,MARKET,2023-02-28 15:15:00+05:30,12c1dbd4a3c54808ba72e28b4065c73e,BUY,15,224.0,INTRADAY,MARKET,-0.0,21415.5,-0.0,42.83,71415.5,-2.88
