,INST,EN_TIME,EN_ID,EN_TT,EN_Q,EN_PRICE,EN_CODE,EN_VAR,EX_TIME,EX_ID,EX_TT,EX_Q,EX_PRICE,EX_CODE,EX_VAR,P&L,ROI,P&L %,ROI %,Equity Curve,Drawdown %
0,NSE_FO:BANKNIFTY05JAN2343000CE [LOCAL],2023-01-01 09:20:00+05:30,798a26bbbbed4151828e3b9dca33838b,BUY,15,362.05,INTRADAY,MARKET,2023-01-01 15:15:00+05:30,a58878849fd647f5a06990d4a9c6c2aa,SELL,15,362.05,INTRADAY,MARKET,0.0,0.0,0.0,0.0,50000.0,0.0
1,NSE_FO:BANKNIFTY05JAN2343200CE [LOCAL],2023-01-01 09:20:00+05:30,13df60366ebd4dd4b2fdaca9cad516ca,BUY,15,265.2,INTRADAY,MARKET,2023-01-01 15:15:00+05:30,1f204e335bc74c09bef878660ae3d8a7,SELL,15,265.2,INTRADAY,MARKET,0.0,0.0,0.0,0.0,50000.0,0.0
2,NSE_FO:BANKNIFTY05JAN2343400CE [LOCAL],2023-01-01 09:20:00+05:30,6bc4f34cb5eb430ab8afbf74888675d7,SELL,15,194.75,INTRADAY,MARKET,2023-01-01 15:15:00+05:30,ee145b37aae648dc8d27a25b99f97271,BUY,15,194.75,INTRADAY,MARKET,-0.0,-0.0,-0.0,-0.0,50000.0,0.0
3,NSE_FO:BANKNIFTY05JAN2343000CE [LOCAL],2023-01-02 09:15:00+05:30,046a185b70454321819325077bc130cf,BUY,15,360.05,INTRADAY,MARKET,2023-01-02 15:15:00+05:30,1eda8e86dc664ac4bd165eb5e7d1f3ab,SELL,15,416.0,INTRADAY,MARKET,839.25,839.25,15.54,1.68,50839.25,0.0
4,NSE_FO:BANKNIFTY05JAN2343200CE [LOCAL],2023-01-02 09:15:00+05:30,3c5a62f715924eb89dea9831aade6578,BUY,15,259.45,INTRADAY,MARKET,2023-01-02 15:15:00+05:30,b30ba51f17894cccb3952537b2a622ca,SELL,15,299.0,INTRADAY,MARKET,593.25,1432.5,15.24,2.86,51432.5,0.0
5,NSE_FO:BANKNIFTY05JAN2343400CE [LOCAL],2023-01-02 09:15:00+05:30,4ebe38ffd215454c825bfb89bb3200ab,SELL,15,187.5,INTRADAY,MARKET,2023-01-02 15:15:00+05:30,445f13f4245b459caccaa592aebbf3f6,BUY,15,206.2,INTRADAY,MARKET,-280.5,1152.0,-9.97,2.3,51152.0,-0.55
6,NSE_FO:BANKNIFTY05JAN2343200CE [LOCAL],2023-01-03 09:15:00+05:30,1397eadb431042df982bc11c3cb0d7c1,BUY,15,310.55,INTRADAY,MARKET,2023-01-03 15:15:00+05:30,4baa41ca32444a048841a9951cba91ca,SELL,15,384.1,INTRADAY,MARKET,1103.25,2255.25,23.68,4.51,52255.25,0.0
7,NSE_FO:BANKNIFTY05JAN2343400CE [LOCAL],2023-01-03 09:15:00+05:30,e31cc9d31e0f4e2c8a91533feae39095,BUY,15,216.5,INTRADAY,MARKET,2023-01-03 15:15:00+05:30,dbc0fda13f4346f4ac0fc6a894f454de,SELL,15,255.6,INTRADAY,MARKET,586.5,2841.75,18.06,5.68,52841.75,0.0
8,NSE_FO:BANKNIFTY05JAN2343600CE [LOCAL],2023-01-03 09:15:00+05:30,2646264f7dbf47e2ba41e80f547efe64,SELL,15,134.0,INTRADAY,MARKET,2023-01-03 15:15:00+05:30,dba0733874e74822b367a8d52a8c1a3f,BUY,15,156.05,INTRADAY,MARKET,-330.75,2511.0,-16.46,5.02,52511.0,-0.63
9,NSE_FO:BANKNIFTY05JAN2343400CE [LOCAL],2023-01-04 09:15:00+05:30,e846a604dc73446bbcbfe7dfcbc851cb,BUY,15,255.0,INTRADAY,MARKET,2023-01-04 15:15:00+05:30,e045e357974d40dcbcfa293a21f6da47,SELL,15,60.35,INTRADAY,MARKET,-2919.75,-408.75,-76.33,-0.82,49591.25,-6.15
10,NSE_FO:BANKNIFTY05JAN2343600CE [LOCAL],2023-01-04 09:15:00+05:30,c0ae3dbb6fdc472e92d150bf7dc4e1ca,BUY,15,138.0,INTRADAY,MARKET,2023-01-04 15:15:00+05:30,219180077c2e4c03b7e22bec4fb5d828,SELL,15,31.9,INTRADAY,MARKET,-1591.5,-2000.25,-76.88,-4.0,47999.75,-9.16
11,NSE_FO:BANKNIFTY05JAN2343800CE [LOCAL],2023-01-04 09:15:00+05:30,8555bdbf63ca4aee987706e73a25b689,SELL,15,85.0,INTRADAY,MARKET,2023-01-04 15:15:00+05:30,0cb3b2371b7d46da8327760d8304d429,BUY,15,16.85,INTRADAY,MARKET,1022.25,-978.0,80.18,-1.96,49022.0,-7.23
12,NSE_FO:BANKNIFTY05JAN2343100CE [LOCAL],2023-01-05 09:15:00+05:30,aa2facbe23554acb9493c2425deeb55e,BUY,15,178.4,INTRADAY,MARKET,2023-01-05 15:15:00+05:30,127b02b72b1a485c9ed28ad285797a45,SELL,15,0.35,INTRADAY,MARKET,-2670.75,-3648.75,-99.8,-7.3,46351.25,-12.28
13,NSE_FO:BANKNIFTY05JAN2343300CE [LOCAL],2023-01-05 09:15:00+05:30,f9294b45730b4e9e94eac3eef52ff552,BUY,15,85.0,INTRADAY,MARKET,2023-01-05 15:15:00+05:30,d703a87a20914ec6b97238832408685e,SELL,15,0.3,INTRADAY,MARKET,-1270.5,-4919.25,-99.65,-9.84,45080.75,-14.69
14,NSE_FO:BANKNIFTY05JAN2343500CE [LOCAL],2023-01-05 09:15:00+05:30,5c6a326e789a495eb9715cce63e1fa0a,SELL,15,39.95,INTRADAY,MARKET,2023-01-05 15:15:00+05:30,bc53068b11c54d528765387b25c42c0d,BUY,15,0.3,INTRADAY,MARKET,594.75,-4324.5,99.25,-8.65,45675.5,-13.56
15,NSE_FO:BANKNIFTY12JAN2342600CE [LOCAL],2023-01-06 09:15:00+05:30,8ea5431355e346b084a3052769aaee0a,BUY,15,393.7,INTRADAY,MARKET,2023-01-06 15:15:00+05:30,483140582abf4ed58493571653f6f5dd,SELL,15,188.9,INTRADAY,MARKET,-3072.0,-7396.5,-52.02,-14.79,42603.5,-19.38
16,NSE_FO:BANKNIFTY12JAN2342800CE [LOCAL],2023-01-06 09:15:00+05:30,929d58e374244724aa4a77c4a60aee7d,BUY,15,288.0,INTRADAY,MARKET,2023-01-06 15:15:00+05:30,cbe790e7337f4a9388527150e9ce3972,SELL,15,130.25,INTRADAY,MARKET,-2366.25,-9762.75,-54.77,-19.53,40237.25,-23.85
17,NSE_FO:BANKNIFTY12JAN2343000CE [LOCAL],2023-01-06 09:15:00+05:30,56d4e57d6e3c4472b95d6f35836c94c9,SELL,15,200.95,INTRADAY,MARKET,2023-01-06 15:15:00+05:30,a1d7c81f14204521a57907d8b8b97cea,BUY,15,87.75,INTRADAY,MARKET,1698.0,-8064.75,56.33,-16.13,41935.25,-20.64
18,NSE_FO:BANKNIFTY12JAN2342400CE [LOCAL],2023-01-09 09:15:00+05:30,2c8516afc28f4f97af38b8955816fdd1,BUY,15,295.15,INTRADAY,MARKET,2023-01-09 15:15:00+05:30,173bee75bef54cf288581d70ed431cbb,SELL,15,397.5,INTRADAY,MARKET,1535.25,-6529.5,34.68,-13.06,43470.5,-17.73
19,NSE_FO:BANKNIFTY12JAN2342600CE [LOCAL],2023-01-09 09:15:00+05:30,469c30241b854aac9135729b4369f7cc,BUY,15,210.0,INTRADAY,MARKET,2023-01-09 15:15:00+05:30,4a0dadfe53784be9b9f88157e2ecc90a,SELL,15,278.35,INTRADAY,MARKET,1025.25,-5504.25,32.55,-11.01,44495.75,-15.79
20,NSE_FO:BANKNIFTY12JAN2342800CE [LOCAL],2023-01-09 09:15:00+05:30,7fa7336d6ede46b3b079d0f6486d8ae6,SELL,15,170.1,INTRADAY,MARKET,2023-01-09 15:15:00+05:30,120a456a22ec476899d72c3325ca1ade,BUY,15,184.75,INTRADAY,MARKET,-219.75,-5724.0,-8.61,-11.45,44276.0,-16.21
21,NSE_FO:BANKNIFTY12JAN2342600CE [LOCAL],2023-01-10 09:15:00+05:30,12bfc772469347c8872fd150f2663ea0,BUY,15,272.2,INTRADAY,MARKET,2023-01-10 15:15:00+05:30,fa4bb0de52bb4424bbd5aa34393e9f99,SELL,15,82.25,INTRADAY,MARKET,-2849.25,-8573.25,-69.78,-17.15,41426.75,-21.6
22,NSE_FO:BANKNIFTY12JAN2342800CE [LOCAL],2023-01-10 09:15:00+05:30,3dcaea2fc14a4f1ebe192127abf8a9c4,BUY,15,170.0,INTRADAY,MARKET,2023-01-10 15:15:00+05:30,49114bedeed441ea95c63511afaf4edf,SELL,15,51.9,INTRADAY,MARKET,-1771.5,-10344.75,-69.47,-20.69,39655.25,-24.95
23,NSE_FO:BANKNIFTY12JAN2343000CE [LOCAL],2023-01-10 09:15:00+05:30,c02cead89bd54d958d9b573359f634d4,SELL,15,96.3,INTRADAY,MARKET,2023-01-10 15:15:00+05:30,9dc12d0d2238445d81b7068755586e5d,BUY,15,33.05,INTRADAY,MARKET,948.75,-9396.0,65.68,-18.79,40604.0,-23.16
24,NSE_FO:BANKNIFTY12JAN2342100CE [LOCAL],2023-01-11 09:15:00+05:30,6a5728fb38a547a3b9d1dd76cb883a45,BUY,15,251.0,INTRADAY,MARKET,2023-01-11 15:15:00+05:30,db6c87c32ba74529946bb3200f2c3ab9,SELL,15,274.1,INTRADAY,MARKET,346.5,-9049.5,9.2,-18.1,40950.5,-22.5
25,NSE_FO:BANKNIFTY12JAN2342300CE [LOCAL],2023-01-11 09:15:00+05:30,c3cac66dd0014ded8f05283eba827d18,BUY,15,154.95,INTRADAY,MARKET,2023-01-11 15:15:00+05:30,1a2441c6ee214bef916a2abf5bb39b0a,SELL,15,154.2,INTRADAY,MARKET,-11.25,-9060.75,-0.48,-18.12,40939.25,-22.52
26,NSE_FO:BANKNIFTY12JAN2342500CE [LOCAL],2023-01-11 09:15:00+05:30,1eb83093d9d94598835962159a608258,SELL,15,95.0,INTRADAY,MARKET,2023-01-11 15:15:00+05:30,3ef5d20989524b8783c8a0309e5658d4,BUY,15,76.25,INTRADAY,MARKET,281.25,-8779.5,19.74,-17.56,41220.5,-21.99
27,NSE_FO:BANKNIFTY12JAN2342200CE [LOCAL],2023-01-12 09:15:00+05:30,c5f68684909e4758897918f1329a39d5,BUY,15,204.1,INTRADAY,MARKET,2023-01-12 15:15:00+05:30,e2d1e98ce58449e3b535ed87e631805f,SELL,15,0.45,INTRADAY,MARKET,-3054.75,-11834.25,-99.78,-23.67,38165.75,-27.77
28,NSE_FO:BANKNIFTY12JAN2342400CE [LOCAL],2023-01-12 09:15:00+05:30,02ce8c89514945159b6d484d6ca1b1b5,BUY,15,90.0,INTRADAY,MARKET,2023-01-12 15:15:00+05:30,6e6244787d0e4ee594c4e1c599189f15,SELL,15,0.2,INTRADAY,MARKET,-1347.0,-13181.25,-99.78,-26.36,36818.75,-30.32
29,NSE_FO:BANKNIFTY12JAN2342600CE [LOCAL],2023-01-12 09:15:00+05:30,0e61da98666a431e86b616c95c843dec,SELL,15,45.0,INTRADAY,MARKET,2023-01-12 15:15:00+05:30,d7a1be154f19449cb094c45cba789693,BUY,15,0.2,INTRADAY,MARKET,672.0,-12509.25,99.56,-25.02,37490.75,-29.05
30,NSE_FO:BANKNIFTY19JAN2342200CE [LOCAL],2023-01-13 09:15:00+05:30,ad9909cc1d90456d82b87a2caada2bf4,BUY,15,410.55,INTRADAY,MARKET,2023-01-13 15:15:00+05:30,e72291296c1943bd947a2c71e106dd6d,SELL,15,442.5,INTRADAY,MARKET,479.25,-12030.0,7.78,-24.06,37970.0,-28.14
31,NSE_FO:BANKNIFTY19JAN2342400CE [LOCAL],2023-01-13 09:15:00+05:30,095a6de26401487a96c9590003814ee0,BUY,15,299.0,INTRADAY,MARKET,2023-01-13 15:15:00+05:30,2926aebd294e4937b7e760d4d03ec0ad,SELL,15,323.6,INTRADAY,MARKET,369.0,-11661.0,8.23,-23.32,38339.0,-27.45
32,NSE_FO:BANKNIFTY19JAN2342600CE [LOCAL],2023-01-13 09:15:00+05:30,2c5771bb1c2d4692ac7e220714a9c2ab,SELL,15,189.15,INTRADAY,MARKET,2023-01-13 15:15:00+05:30,b184351225934d028666702a973ed828,BUY,15,226.3,INTRADAY,MARKET,-557.25,-12218.25,-19.64,-24.44,37781.75,-28.5
33,NSE_FO:BANKNIFTY19JAN2342600CE [LOCAL],2023-01-16 09:15:00+05:30,17bc59dec4644719b170a66a8952783a,BUY,15,255.05,INTRADAY,MARKET,2023-01-16 15:15:00+05:30,6d64d684d81840bc996662d937cd44e3,SELL,15,126.35,INTRADAY,MARKET,-1930.5,-14148.75,-50.46,-28.3,35851.25,-32.15
34,NSE_FO:BANKNIFTY19JAN2342800CE [LOCAL],2023-01-16 09:15:00+05:30,3f54fe29d28f43d6a6a42f6d7ef1f9d5,BUY,15,182.05,INTRADAY,MARKET,2023-01-16 15:15:00+05:30,d14ca24b1ca640c0bb190eede6113626,SELL,15,78.85,INTRADAY,MARKET,-1548.0,-15696.75,-56.69,-31.39,34303.25,-35.08
35,NSE_FO:BANKNIFTY19JAN2343000CE [LOCAL],2023-01-16 09:15:00+05:30,3c95740a310c4dc2a7b1828fecc3d3d8,SELL,15,110.0,INTRADAY,MARKET,2023-01-16 15:15:00+05:30,b6b14e187b8d430190b39b039ccb10ae,BUY,15,47.8,INTRADAY,MARKET,933.0,-14763.75,56.55,-29.53,35236.25,-33.32
36,NSE_FO:BANKNIFTY19JAN2342200CE [LOCAL],2023-01-17 09:15:00+05:30,a265b2ea5b274c4fa6405a7886707789,BUY,15,319.95,INTRADAY,MARKET,2023-01-17 15:15:00+05:30,df6adbb4ada64e7f8e2ee8488f68104f,SELL,15,261.7,INTRADAY,MARKET,-873.75,-15637.5,-18.21,-31.28,34362.5,-34.97
37,NSE_FO:BANKNIFTY19JAN2342400CE [LOCAL],2023-01-17 09:15:00+05:30,53be3d33dc08445996cda238824cc293,BUY,15,195.5,INTRADAY,MARKET,2023-01-17 15:15:00+05:30,32026fbef1284432922b23d0c1dc5ba9,SELL,15,166.0,INTRADAY,MARKET,-442.5,-16080.0,-15.09,-32.16,33920.0,-35.81
38,NSE_FO:BANKNIFTY19JAN2342600CE [LOCAL],2023-01-17 09:15:00+05:30,af4b604fdd6949a597e04e7e046bffa1,SELL,15,140.05,INTRADAY,MARKET,2023-01-17 15:15:00+05:30,1cd0b334d3404d03a3f80a7d343f62f8,BUY,15,99.95,INTRADAY,MARKET,601.5,-15478.5,28.63,-30.96,34521.5,-34.67
39,NSE_FO:BANKNIFTY19JAN2342300CE [LOCAL],2023-01-18 09:15:00+05:30,3e3212ddbef3463e961a616e0b97cb82,BUY,15,220.0,INTRADAY,MARKET,2023-01-18 15:15:00+05:30,85a6a83df6ef43489423c21f876ccc2d,SELL,15,233.5,INTRADAY,MARKET,202.5,-15276.0,6.14,-30.55,34724.0,-34.29
40,NSE_FO:BANKNIFTY19JAN2342500CE [LOCAL],2023-01-18 09:15:00+05:30,603d62e5b4bb41f29345a6d7a34f43cb,BUY,15,114.7,INTRADAY,MARKET,2023-01-18 15:15:00+05:30,06766a8b338a4725af7a28dfac0e721d,SELL,15,121.65,INTRADAY,MARKET,104.25,-15171.75,6.06,-30.34,34828.25,-34.09
41,NSE_FO:BANKNIFTY19JAN2342700CE [LOCAL],2023-01-18 09:15:00+05:30,951036fdf9104203bd93d6bb433724b3,SELL,15,78.0,INTRADAY,MARKET,2023-01-18 15:15:00+05:30,37b1a5e92a7048a193dd859ec279605d,BUY,15,52.7,INTRADAY,MARKET,379.5,-14792.25,32.44,-29.58,35207.75,-33.37
42,NSE_FO:BANKNIFTY19JAN2342400CE [LOCAL],2023-01-19 09:15:00+05:30,e93dbc27099d41018d34117832a6028c,BUY,15,171.35,INTRADAY,MARKET,2023-01-19 15:15:00+05:30,b74673e20b074a4caef1160efbc99473,SELL,15,0.2,INTRADAY,MARKET,-2567.25,-17359.5,-99.88,-34.72,32640.5,-38.23
43,NSE_FO:BANKNIFTY19JAN2342600CE [LOCAL],2023-01-19 09:15:00+05:30,dd28343143b1433182bd400e5194431b,BUY,15,60.0,INTRADAY,MARKET,2023-01-19 15:15:00+05:30,c8e8a07c8b0944eabe91c442a053c8bb,SELL,15,0.15,INTRADAY,MARKET,-897.75,-18257.25,-99.75,-36.51,31742.75,-39.93
44,NSE_FO:BANKNIFTY19JAN2342800CE [LOCAL],2023-01-19 09:15:00+05:30,ea3781d34493416fb3075c8af2b06a97,SELL,15,22.0,INTRADAY,MARKET,2023-01-19 15:15:00+05:30,c3306d71042b42a7bff3ce781ef6ef70,BUY,15,0.1,INTRADAY,MARKET,328.5,-17928.75,99.55,-35.86,32071.25,-39.31
45,NSE_FO:BANKNIFTY25JAN2342500CE [LOCAL],2023-01-20 09:15:00+05:30,be827d9c979f4e7ca1c8fc1398ce775e,BUY,15,255.0,INTRADAY,MARKET,2023-01-20 15:15:00+05:30,7ece8eb7f5424314b531f35c70f9d775,SELL,15,290.0,INTRADAY,MARKET,525.0,-17403.75,13.73,-34.81,32596.25,-38.31
46,NSE_FO:BANKNIFTY25JAN2342700CE [LOCAL],2023-01-20 09:15:00+05:30,21551de95b674e19b80bb574e3428108,BUY,15,159.65,INTRADAY,MARKET,2023-01-20 15:15:00+05:30,0efe8ffe24454bc9919fcfe9cce1d9fe,SELL,15,191.5,INTRADAY,MARKET,477.75,-16926.0,19.95,-33.85,33074.0,-37.41
47,NSE_FO:BANKNIFTY25JAN2342900CE [LOCAL],2023-01-20 09:15:00+05:30,cb22935a54ec4e4bb683a70752f7f398,SELL,15,109.0,INTRADAY,MARKET,2023-01-20 15:15:00+05:30,329ecf1e2e7c4dbea6d9ce2946ad47b9,BUY,15,116.25,INTRADAY,MARKET,-108.75,-17034.75,-6.65,-34.07,32965.25,-37.62
48,NSE_FO:BANKNIFTY25JAN2342900CE [LOCAL],2023-01-23 09:15:00+05:30,80c28d1f10fb4f51b2741da677e0372e,BUY,15,165.0,INTRADAY,MARKET,2023-01-23 15:15:00+05:30,4df2afddad1945c59f787ae99e6323c3,SELL,15,178.95,INTRADAY,MARKET,209.25,-16825.5,8.45,-33.65,33174.5,-37.22
49,NSE_FO:BANKNIFTY25JAN2343100CE [LOCAL],2023-01-23 09:15:00+05:30,8ecc17ad63e24d908151b103cc015b76,BUY,15,111.0,INTRADAY,MARKET,2023-01-23 15:15:00+05:30,6446780f775d4408a3e4fa4773435f81,SELL,15,95.45,INTRADAY,MARKET,-233.25,-17058.75,-14.01,-34.12,32941.25,-37.66
50,NSE_FO:BANKNIFTY25JAN2343300CE [LOCAL],2023-01-23 09:15:00+05:30,cad4b679fc994638a15c5a80fd9c9e6b,SELL,15,64.8,INTRADAY,MARKET,2023-01-23 15:15:00+05:30,5dd780817dd44b7398362289dc25ab7b,BUY,15,44.15,INTRADAY,MARKET,309.75,-16749.0,31.87,-33.5,33251.0,-37.07
51,NSE_FO:BANKNIFTY25JAN2343000CE [LOCAL],2023-01-24 09:15:00+05:30,4a5eeb26ec5f464891b5643e5c9ab695,BUY,15,145.0,INTRADAY,MARKET,2023-01-24 15:15:00+05:30,0b82a02ed81b4a83879f9bd3cfb06b76,SELL,15,52.5,INTRADAY,MARKET,-1387.5,-18136.5,-63.79,-36.27,31863.5,-39.7
52,NSE_FO:BANKNIFTY25JAN2343200CE [LOCAL],2023-01-24 09:15:00+05:30,f06c58a6954d4e48b89d300c9f13c8c4,BUY,15,81.7,INTRADAY,MARKET,2023-01-24 15:15:00+05:30,c81c84e8ab0a40d580e0141bddefbd2f,SELL,15,17.15,INTRADAY,MARKET,-968.25,-19104.75,-79.01,-38.21,30895.25,-41.53
53,NSE_FO:BANKNIFTY25JAN2343400CE [LOCAL],2023-01-24 09:15:00+05:30,b01e3f08b2354359b74202c7fdae49e4,SELL,15,35.0,INTRADAY,MARKET,2023-01-24 15:15:00+05:30,64dc52a4c12b4f59bd9bb205b8ba0c1a,BUY,15,6.25,INTRADAY,MARKET,431.25,-18673.5,82.14,-37.35,31326.5,-40.72
54,NSE_FO:BANKNIFTY25JAN2342700CE [LOCAL],2023-01-25 09:15:00+05:30,64f0573ee65649bf9e9a62fb8233dd4d,BUY,15,158.0,INTRADAY,MARKET,2023-01-25 15:15:00+05:30,9d5d5f9fdf6d4bb5bfa9726981a814c2,SELL,15,0.25,INTRADAY,MARKET,-2366.25,-21039.75,-99.84,-42.08,28960.25,-45.19
55,NSE_FO:BANKNIFTY25JAN2342900CE [LOCAL],2023-01-25 09:15:00+05:30,071a9cd83088486c8f5291ff9ab0f3e2,BUY,15,60.0,INTRADAY,MARKET,2023-01-25 15:15:00+05:30,45741eecc0484f8abe97417d8cef9bd7,SELL,15,0.25,INTRADAY,MARKET,-896.25,-21936.0,-99.58,-43.87,28064.0,-46.89
56,NSE_FO:BANKNIFTY25JAN2343100CE [LOCAL],2023-01-25 09:15:00+05:30,6e33d813c79f4fea9c4763451c037e61,SELL,15,19.9,INTRADAY,MARKET,2023-01-25 15:15:00+05:30,7dac9e7a0b2244b3bb0e41bf34bf792e,BUY,15,0.2,INTRADAY,MARKET,295.5,-21640.5,98.99,-43.28,28359.5,-46.33
57,NSE_FO:BANKNIFTY02FEB2341400CE [LOCAL],2023-01-27 09:15:00+05:30,1bf7361556aa4675b29d6f539c8e6193,BUY,15,624.05,INTRADAY,MARKET,2023-01-27 15:15:00+05:30,3af1bc19b4914623b9b0d99e134b3769,SELL,15,224.1,INTRADAY,MARKET,-5999.25,-27639.75,-64.09,-55.28,22360.25,-57.68
58,NSE_FO:BANKNIFTY02FEB2341600CE [LOCAL],2023-01-27 09:15:00+05:30,4231efbbfe6b468f8792d1a6a38323ad,BUY,15,499.0,INTRADAY,MARKET,2023-01-27 15:15:00+05:30,3a0b132170814a2398eda491deb07983,SELL,15,181.85,INTRADAY,MARKET,-4757.25,-32397.0,-63.56,-64.79,17603.0,-66.69
59,NSE_FO:BANKNIFTY02FEB2341800CE [LOCAL],2023-01-27 09:15:00+05:30,1a3014f11e4e4974ba7e85010652881d,SELL,15,409.1,INTRADAY,MARKET,2023-01-27 15:15:00+05:30,cce028adbc7d4e40849f3758ed4fdcba,BUY,15,145.75,INTRADAY,MARKET,3950.25,-28446.75,64.37,-56.89,21553.25,-59.21
60,NSE_FO:BANKNIFTY02FEB2339900CE [LOCAL],2023-01-30 09:15:00+05:30,f3422454b500413f965f84cc63bb006c,BUY,15,737.7,INTRADAY,MARKET,2023-01-30 15:15:00+05:30,9ab0bcc48cb04c38bcbc3d2ed50d0cb9,SELL,15,962.65,INTRADAY,MARKET,3374.25,-25072.5,30.49,-50.14,24927.5,-52.83
61,NSE_FO:BANKNIFTY02FEB2340100CE [LOCAL],2023-01-30 09:15:00+05:30,4421c58d884f40da838ac8030b1368f8,BUY,15,425.0,INTRADAY,MARKET,2023-01-30 15:15:00+05:30,a8f04811abf347c9878c30fc253a6591,SELL,15,822.35,INTRADAY,MARKET,5960.25,-19112.25,93.49,-38.22,30887.75,-41.55
62,NSE_FO:BANKNIFTY02FEB2340300CE [LOCAL],2023-01-30 09:15:00+05:30,d4e98b62c7884314b8973aea362088dc,SELL,15,450.05,INTRADAY,MARKET,2023-01-30 15:15:00+05:30,464336a5731e4a9f843b8c3f2bde7e91,BUY,15,693.7,INTRADAY,MARKET,-3654.75,-22767.0,-54.14,-45.53,27233.0,-48.46
63,NSE_FO:BANKNIFTY02FEB2340600CE [LOCAL],2023-01-31 09:15:00+05:30,4f36cff5119a47a491e082dbb094b4ac,BUY,15,519.4,INTRADAY,MARKET,2023-01-31 15:15:00+05:30,17e495d7c23a49869ceee7b81ba6be98,SELL,15,624.55,INTRADAY,MARKET,1577.25,-21189.75,20.24,-42.38,28810.25,-45.48
64,NSE_FO:BANKNIFTY02FEB2340800CE [LOCAL],2023-01-31 09:15:00+05:30,a0ddaaa966104f998ec3332d7ffa9841,BUY,15,440.25,INTRADAY,MARKET,2023-01-31 15:15:00+05:30,c4a8c3d156ce4344805aa1d604d9123e,SELL,15,509.75,INTRADAY,MARKET,1042.5,-20147.25,15.79,-40.29,29852.75,-43.51
65,NSE_FO:BANKNIFTY02FEB2341000CE [LOCAL],2023-01-31 09:15:00+05:30,852a53025370451c8bec59f1054b643c,SELL,15,345.1,INTRADAY,MARKET,2023-01-31 15:15:00+05:30,bd338a69c3ba45bcaa5fdb8580be1b5d,BUY,15,409.0,INTRADAY,MARKET,-958.5,-21105.75,-18.52,-42.21,28894.25,-45.32
66,NSE_FO:BANKNIFTY02FEB2341100CE [LOCAL],2023-02-01 09:15:00+05:30,eb1681a0d3fa45f9b6f3a985e4aa7464,BUY,15,517.15,INTRADAY,MARKET,2023-02-01 15:15:00+05:30,66373071392c450eadb2c5954bcd9fc1,SELL,15,127.2,INTRADAY,MARKET,-5849.25,-26955.0,-75.4,-53.91,23045.0,-56.39
67,NSE_FO:BANKNIFTY02FEB2341300CE [LOCAL],2023-02-01 09:15:00+05:30,df94ad7a1410495a8bb906b020397543,BUY,15,424.75,INTRADAY,MARKET,2023-02-01 15:15:00+05:30,1fda48d1d1a142188b0aaa54d0fc1658,SELL,15,86.6,INTRADAY,MARKET,-5072.25,-32027.25,-79.61,-64.05,17972.75,-65.99
68,NSE_FO:BANKNIFTY02FEB2341500CE [LOCAL],2023-02-01 09:15:00+05:30,2e17be2cb22f4c8b914e886700670933,SELL,15,349.95,INTRADAY,MARKET,2023-02-01 15:15:00+05:30,7acfd259841247f99537aba6c36a91fc,BUY,15,58.9,INTRADAY,MARKET,4365.75,-27661.5,83.17,-55.32,22338.5,-57.73
69,NSE_FO:BANKNIFTY02FEB2339900CE [LOCAL],2023-02-02 09:15:00+05:30,2dfeb566fa1c4e8c8cbdfa19820bf66a,BUY,15,324.8,INTRADAY,MARKET,2023-02-02 15:15:00+05:30,acfbd0bff5fd445683cf46b6307c0594,SELL,15,738.7,INTRADAY,MARKET,6208.5,-21453.0,127.43,-42.91,28547.0,-45.98
70,NSE_FO:BANKNIFTY02FEB2340100CE [LOCAL],2023-02-02 09:15:00+05:30,4d093c597a8943c6a8db0de98c028978,BUY,15,199.95,INTRADAY,MARKET,2023-02-02 15:15:00+05:30,3d2686b94e124cc6abe01a4d4bf2990a,SELL,15,538.35,INTRADAY,MARKET,5076.0,-16377.0,169.24,-32.75,33623.0,-36.37
71,NSE_FO:BANKNIFTY02FEB2340300CE [LOCAL],2023-02-02 09:15:00+05:30,6220835a5d85433783ed819580af5767,SELL,15,200.0,INTRADAY,MARKET,2023-02-02 15:15:00+05:30,ba273b97fd2a4f3e9c794bbb2b42626d,BUY,15,339.1,INTRADAY,MARKET,-2086.5,-18463.5,-69.55,-36.93,31536.5,-40.32
72,NSE_FO:BANKNIFTY09FEB2341000CE [LOCAL],2023-02-03 09:15:00+05:30,934dc011d8f9434d9f2dda5a0953d80f,BUY,15,500.3,INTRADAY,MARKET,2023-02-03 15:15:00+05:30,b27149f483ab466ca3a3482885c2a563,SELL,15,731.0,INTRADAY,MARKET,3460.5,-15003.0,46.11,-30.01,34997.0,-33.77
73,NSE_FO:BANKNIFTY09FEB2341200CE [LOCAL],2023-02-03 09:15:00+05:30,6b2b30bab2d740ccb125f2b30d91c69c,BUY,15,479.9,INTRADAY,MARKET,2023-02-03 15:15:00+05:30,a6ec56965aa545418c0f2dd97ea1e393,SELL,15,588.0,INTRADAY,MARKET,1621.5,-13381.5,22.53,-26.76,36618.5,-30.7
74,NSE_FO:BANKNIFTY09FEB2341400CE [LOCAL],2023-02-03 09:15:00+05:30,90d882c5cfe04ea58c811fed7f86812c,SELL,15,309.5,INTRADAY,MARKET,2023-02-03 15:15:00+05:30,9f272f004e2c444fb708e644a630c5c6,BUY,15,457.75,INTRADAY,MARKET,-2223.75,-15605.25,-47.9,-31.21,34394.75,-34.91
75,NSE_FO:BANKNIFTY09FEB2341500CE [LOCAL],2023-02-06 09:15:00+05:30,253267db1dad4311a764bd4024fd4c74,BUY,15,410.05,INTRADAY,MARKET,2023-02-06 15:15:00+05:30,ed6eb439c7674d3191e2e04300486900,SELL,15,299.2,INTRADAY,MARKET,-1662.75,-17268.0,-27.03,-34.54,32732.0,-38.06
76,NSE_FO:BANKNIFTY09FEB2341700CE [LOCAL],2023-02-06 09:15:00+05:30,108970a5dce94494bd5a705b27ba7642,BUY,15,308.4,INTRADAY,MARKET,2023-02-06 15:15:00+05:30,d25ad3197231460086366e0addf1bf55,SELL,15,213.35,INTRADAY,MARKET,-1425.75,-18693.75,-30.82,-37.39,31306.25,-40.75
77,NSE_FO:BANKNIFTY09FEB2341900CE [LOCAL],2023-02-06 09:15:00+05:30,daef0f7c3e6c46ee9947446f19e79f11,SELL,15,250.65,INTRADAY,MARKET,2023-02-06 15:15:00+05:30,9678f00da59c480890ede992ef41f8c2,BUY,15,144.75,INTRADAY,MARKET,1588.5,-17105.25,42.25,-34.21,32894.75,-37.75
78,NSE_FO:BANKNIFTY09FEB2341500CE [LOCAL],2023-02-07 09:15:00+05:30,0f14dd25f2624fc3b10bb0ade09b8fb2,BUY,15,343.4,INTRADAY,MARKET,2023-02-07 15:15:00+05:30,0bf1e03d4cd64e3b9636816752cf70b0,SELL,15,291.95,INTRADAY,MARKET,-771.75,-17877.0,-14.98,-35.75,32123.0,-39.21
79,NSE_FO:BANKNIFTY09FEB2341700CE [LOCAL],2023-02-07 09:15:00+05:30,6854fc0a8a4e4457893605c7400a206f,BUY,15,171.25,INTRADAY,MARKET,2023-02-07 15:15:00+05:30,353482885ef1447cacc956a7238038d4,SELL,15,197.8,INTRADAY,MARKET,398.25,-17478.75,15.5,-34.96,32521.25,-38.46
80,NSE_FO:BANKNIFTY09FEB2341900CE [LOCAL],2023-02-07 09:15:00+05:30,4fb5e46f482a4d8b813153ee464f97b5,SELL,15,181.3,INTRADAY,MARKET,2023-02-07 15:15:00+05:30,f4ba64fd32ac455f9f25d4aea9af9633,BUY,15,125.2,INTRADAY,MARKET,841.5,-16637.25,30.94,-33.27,33362.75,-36.86
81,NSE_FO:BANKNIFTY09FEB2341500CE [LOCAL],2023-02-08 09:15:00+05:30,ec166eb6c4e2495aae417ce58927c3ef,BUY,15,299.0,INTRADAY,MARKET,2023-02-08 15:15:00+05:30,d67d9e09b595406a8e91b932b4a741d9,SELL,15,235.55,INTRADAY,MARKET,-951.75,-17589.0,-21.22,-35.18,32411.0,-38.66
82,NSE_FO:BANKNIFTY09FEB2341700CE [LOCAL],2023-02-08 09:15:00+05:30,40595c28c3b14e01a248009d5fab2f78,BUY,15,150.55,INTRADAY,MARKET,2023-02-08 15:15:00+05:30,fab2261ff6a44437ab7d7f19af125839,SELL,15,134.65,INTRADAY,MARKET,-238.5,-17827.5,-10.56,-35.66,32172.5,-39.12
83,NSE_FO:BANKNIFTY09FEB2341900CE [LOCAL],2023-02-08 09:15:00+05:30,c92747136c564af2853017227e479439,SELL,15,131.75,INTRADAY,MARKET,2023-02-08 15:15:00+05:30,fed5e06dcee8431c8afc40d7204013ca,BUY,15,66.9,INTRADAY,MARKET,972.75,-16854.75,49.22,-33.71,33145.25,-37.27
84,NSE_FO:BANKNIFTY09FEB2341600CE [LOCAL],2023-02-09 09:15:00+05:30,3e254a13c2f148cf80d6643bc1501e0a,BUY,15,198.0,INTRADAY,MARKET,2023-02-09 15:15:00+05:30,900f6c6bacb44e878c1be651e174b9a6,SELL,15,0.55,INTRADAY,MARKET,-2961.75,-19816.5,-99.72,-39.63,30183.5,-42.88
85,NSE_FO:BANKNIFTY09FEB2341800CE [LOCAL],2023-02-09 09:15:00+05:30,eb20e8a91ba34d4f9e9eeedfc416e55d,BUY,15,78.95,INTRADAY,MARKET,2023-02-09 15:15:00+05:30,e3bb72bc5c6c4bbabb437b1b663f8af8,SELL,15,0.2,INTRADAY,MARKET,-1181.25,-20997.75,-99.75,-42.0,29002.25,-45.11
86,NSE_FO:BANKNIFTY09FEB2342000CE [LOCAL],2023-02-09 09:15:00+05:30,9ae8e594e1bc413d836dff53fee33e02,SELL,15,35.2,INTRADAY,MARKET,2023-02-09 15:15:00+05:30,0eade09b3fcb44639f4ed008a46e6514,BUY,15,0.15,INTRADAY,MARKET,525.75,-20472.0,99.57,-40.94,29528.0,-44.12
87,NSE_FO:BANKNIFTY16FEB2341500CE [LOCAL],2023-02-10 09:15:00+05:30,3065f90349cb491098fcea23f6bad4fe,BUY,15,380.0,INTRADAY,MARKET,2023-02-10 15:15:00+05:30,02fc416597d542dab7c0d95d549f873e,SELL,15,348.25,INTRADAY,MARKET,-476.25,-20948.25,-8.36,-41.9,29051.75,-45.02
88,NSE_FO:BANKNIFTY16FEB2341700CE [LOCAL],2023-02-10 09:15:00+05:30,c9b021b30243448a8b22e26263d76160,BUY,15,299.0,INTRADAY,MARKET,2023-02-10 15:15:00+05:30,d607588377df4efea040b96fe01b8dfd,SELL,15,244.8,INTRADAY,MARKET,-813.0,-21761.25,-18.13,-43.52,28238.75,-46.56
89,NSE_FO:BANKNIFTY16FEB2341900CE [LOCAL],2023-02-10 09:15:00+05:30,dad503079d0c44d0931f99687e1514fb,SELL,15,199.0,INTRADAY,MARKET,2023-02-10 15:15:00+05:30,a9aee0983e714ef8b7a9b509586984de,BUY,15,162.95,INTRADAY,MARKET,540.75,-21220.5,18.12,-42.44,28779.5,-45.54
90,NSE_FO:BANKNIFTY16FEB2341600CE [LOCAL],2023-02-13 09:15:00+05:30,ceb43fed254e44278d4ec5cb84d8fbf5,BUY,15,269.3,INTRADAY,MARKET,2023-02-13 15:15:00+05:30,b183aca2427b4223822db52b18e4476a,SELL,15,158.3,INTRADAY,MARKET,-1665.0,-22885.5,-41.22,-45.77,27114.5,-48.69
91,NSE_FO:BANKNIFTY16FEB2341800CE [LOCAL],2023-02-13 09:15:00+05:30,c81520875acb450297fd2f8d6f325491,BUY,15,199.95,INTRADAY,MARKET,2023-02-13 15:15:00+05:30,31bccbe948054d1ca3681028888ebd33,SELL,15,98.1,INTRADAY,MARKET,-1527.75,-24413.25,-50.94,-48.83,25586.75,-51.58
92,NSE_FO:BANKNIFTY16FEB2342000CE [LOCAL],2023-02-13 09:15:00+05:30,30c2c41bb7c04455a82be71fbe37e96a,SELL,15,144.95,INTRADAY,MARKET,2023-02-13 15:15:00+05:30,0762e6e30cdb419682351c86ed829c44,BUY,15,57.85,INTRADAY,MARKET,1306.5,-23106.75,60.09,-46.21,26893.25,-49.11
93,NSE_FO:BANKNIFTY16FEB2341400CE [LOCAL],2023-02-14 09:15:00+05:30,9280ead837fc4c4d9a87b6ade322b5f9,BUY,15,256.35,INTRADAY,MARKET,2023-02-14 15:15:00+05:30,2e81f79e0a8a452389c564afae974758,SELL,15,369.95,INTRADAY,MARKET,1704.0,-21402.75,44.31,-42.81,28597.25,-45.88
94,NSE_FO:BANKNIFTY16FEB2341600CE [LOCAL],2023-02-14 09:15:00+05:30,d6a7a133ce7a49fe900a9e87835adf8c,BUY,15,156.55,INTRADAY,MARKET,2023-02-14 15:15:00+05:30,984e19ffe5e44fdf92f7d67b9603bd13,SELL,15,243.35,INTRADAY,MARKET,1302.0,-20100.75,55.45,-40.2,29899.25,-43.42
95,NSE_FO:BANKNIFTY16FEB2341800CE [LOCAL],2023-02-14 09:15:00+05:30,ef3f6be61dfe45a68a48df6d9110a424,SELL,15,119.95,INTRADAY,MARKET,2023-02-14 15:15:00+05:30,77fcd972dc3a45669c0e6ae5a0a4d086,BUY,15,145.0,INTRADAY,MARKET,-375.75,-20476.5,-20.88,-40.95,29523.5,-44.13
96,NSE_FO:BANKNIFTY16FEB2341700CE [LOCAL],2023-02-15 09:15:00+05:30,3c0efea1f51f4239820bd08767088c50,BUY,15,205.25,INTRADAY,MARKET,2023-02-15 15:15:00+05:30,c16b76c813d14e35b84fa50f11db2adf,SELL,15,156.5,INTRADAY,MARKET,-731.25,-21207.75,-23.75,-42.42,28792.25,-45.51
97,NSE_FO:BANKNIFTY16FEB2341900CE [LOCAL],2023-02-15 09:15:00+05:30,045fc85541354896978634b38fb85fe9,BUY,15,100.05,INTRADAY,MARKET,2023-02-15 15:15:00+05:30,f8b825fe44e14cb48716b979d9a079b2,SELL,15,68.75,INTRADAY,MARKET,-469.5,-21677.25,-31.28,-43.35,28322.75,-46.4
98,NSE_FO:BANKNIFTY16FEB2342100CE [LOCAL],2023-02-15 09:15:00+05:30,533fb29c052e46bf8a6df63dbd0dfcb0,SELL,15,47.05,INTRADAY,MARKET,2023-02-15 15:15:00+05:30,31f4ec93e29d47b39b479633c172b43e,BUY,15,24.35,INTRADAY,MARKET,340.5,-21336.75,48.25,-42.67,28663.25,-45.76
99,NSE_FO:BANKNIFTY16FEB2341900CE [LOCAL],2023-02-16 09:15:00+05:30,bcae559235a24b9d87e984b06c2d7aad,BUY,15,92.55,INTRADAY,MARKET,2023-02-16 15:15:00+05:30,2fc6e775ca7641c7a0a614202905e319,SELL,15,0.35,INTRADAY,MARKET,-1383.0,-22719.75,-99.62,-45.44,27280.25,-48.37
100,NSE_FO:BANKNIFTY16FEB2342100CE [LOCAL],2023-02-16 09:15:00+05:30,0b31f72719fb48959b365112333b8dea,BUY,15,45.0,INTRADAY,MARKET,2023-02-16 15:15:00+05:30,62a18a074f554280a1dabf1514e5e136,SELL,15,0.3,INTRADAY,MARKET,-670.5,-23390.25,-99.33,-46.78,26609.75,-49.64
101,NSE_FO:BANKNIFTY16FEB2342300CE [LOCAL],2023-02-16 09:15:00+05:30,c621315a32b64cef8af4dfb856b57eb0,SELL,15,19.95,INTRADAY,MARKET,2023-02-16 15:15:00+05:30,c8a86b484cbe441aa617894b9a7ac6db,BUY,15,0.15,INTRADAY,MARKET,297.0,-23093.25,99.25,-46.19,26906.75,-49.08
102,NSE_FO:BANKNIFTY23FEB2341500CE [LOCAL],2023-02-17 09:15:00+05:30,df1de4d468734a489973507e64ec03ed,BUY,15,358.0,INTRADAY,MARKET,2023-02-17 15:15:00+05:30,9978cbb90ce242e7b4f1994ae62453ee,SELL,15,195.55,INTRADAY,MARKET,-2436.75,-25530.0,-45.38,-51.06,24470.0,-53.69
103,NSE_FO:BANKNIFTY23FEB2341700CE [LOCAL],2023-02-17 09:15:00+05:30,b81a81d48f5143eea8ed39fbacb70686,BUY,15,300.0,INTRADAY,MARKET,2023-02-17 15:15:00+05:30,7320e18e23f14b36b73d9cbecb24aebe,SELL,15,133.7,INTRADAY,MARKET,-2494.5,-28024.5,-55.43,-56.05,21975.5,-58.41
104,NSE_FO:BANKNIFTY23FEB2341900CE [LOCAL],2023-02-17 09:15:00+05:30,164c1e48bcaf4fb989678cf049215477,SELL,15,209.65,INTRADAY,MARKET,2023-02-17 15:15:00+05:30,2b1fb9f4ae9749f485732cb6db63c370,BUY,15,89.7,INTRADAY,MARKET,1799.25,-26225.25,57.21,-52.45,23774.75,-55.01
105,NSE_FO:BANKNIFTY23FEB2341200CE [LOCAL],2023-02-20 09:15:00+05:30,96db06eac182455e93416880b4a5946d,BUY,15,343.05,INTRADAY,MARKET,2023-02-20 15:15:00+05:30,20f102c888be40b6affa01058e642f9a,SELL,15,125.0,INTRADAY,MARKET,-3270.75,-29496.0,-63.56,-58.99,20504.0,-61.2
106,NSE_FO:BANKNIFTY23FEB2341400CE [LOCAL],2023-02-20 09:15:00+05:30,3ea0dad3cb984999ba004f9058a2ab9f,BUY,15,222.15,INTRADAY,MARKET,2023-02-20 15:15:00+05:30,cab39137bbb54722889999f0a6479298,SELL,15,85.55,INTRADAY,MARKET,-2049.0,-31545.0,-61.49,-63.09,18455.0,-65.07
107,NSE_FO:BANKNIFTY23FEB2341600CE [LOCAL],2023-02-20 09:15:00+05:30,35c33f74f98e4e45a1fc82baeb4499e3,SELL,15,157.95,INTRADAY,MARKET,2023-02-20 15:15:00+05:30,60a233d943614b8c85b2a999e18446ad,BUY,15,57.95,INTRADAY,MARKET,1500.0,-30045.0,63.31,-60.09,19955.0,-62.24
108,NSE_FO:BANKNIFTY23FEB2340800CE [LOCAL],2023-02-21 09:15:00+05:30,30c70b10bf2e4ccfaa0742ec62c02e7a,BUY,15,297.35,INTRADAY,MARKET,2023-02-21 15:15:00+05:30,5a457c721d81472594b5fcf6adf54614,SELL,15,167.0,INTRADAY,MARKET,-1955.25,-32000.25,-43.84,-64.0,17999.75,-65.94
109,NSE_FO:BANKNIFTY23FEB2341000CE [LOCAL],2023-02-21 09:15:00+05:30,9f3ee27edfe04eba80fa15d06500b718,BUY,15,200.25,INTRADAY,MARKET,2023-02-21 15:15:00+05:30,73e237d1841a47939d16fa98a0417cfe,SELL,15,99.1,INTRADAY,MARKET,-1517.25,-33517.5,-50.51,-67.04,16482.5,-68.81
110,NSE_FO:BANKNIFTY23FEB2341200CE [LOCAL],2023-02-21 09:15:00+05:30,50c3840cf83d42eaae2ba377587e5a43,SELL,15,125.05,INTRADAY,MARKET,2023-02-21 15:15:00+05:30,4ae8e4937582443185fafb0a721bff29,BUY,15,60.5,INTRADAY,MARKET,968.25,-32549.25,51.62,-65.1,17450.75,-66.98
111,NSE_FO:BANKNIFTY23FEB2340500CE [LOCAL],2023-02-22 09:15:00+05:30,1b3e4ac096a84b6ab318d641ec85c0f6,BUY,15,282.8,INTRADAY,MARKET,2023-02-22 15:15:00+05:30,0afac428a6124862bcc7007fdc650142,SELL,15,36.9,INTRADAY,MARKET,-3688.5,-36237.75,-86.95,-72.48,13762.25,-73.96
112,NSE_FO:BANKNIFTY23FEB2340700CE [LOCAL],2023-02-22 09:15:00+05:30,c38a148fb113488c8ed4786d5fc44bcb,BUY,15,135.05,INTRADAY,MARKET,2023-02-22 15:15:00+05:30,491c765405c544e0a2544228d01793f0,SELL,15,20.25,INTRADAY,MARKET,-1722.0,-37959.75,-85.01,-75.92,12040.25,-77.21
113,NSE_FO:BANKNIFTY23FEB2340900CE [LOCAL],2023-02-22 09:15:00+05:30,d82654fa64f54095b59f98a4794c9973,SELL,15,85.15,INTRADAY,MARKET,2023-02-22 15:15:00+05:30,c01d5544f4784359ab684d91d7a05a2c,BUY,15,13.7,INTRADAY,MARKET,1071.75,-36888.0,83.91,-73.78,13112.0,-75.19
114,NSE_FO:BANKNIFTY23FEB2340000CE [LOCAL],2023-02-23 09:15:00+05:30,1a4ccb423fb844a48837b21970f66f6f,BUY,15,199.7,INTRADAY,MARKET,2023-02-23 15:15:00+05:30,aa64ff76bbd9434f960e143ad961a46e,SELL,15,1.1,INTRADAY,MARKET,-2979.0,-39867.0,-99.45,-79.73,10133.0,-80.82
115,NSE_FO:BANKNIFTY23FEB2340200CE [LOCAL],2023-02-23 09:15:00+05:30,faa2844861a5428cabc1902cb868bf46,BUY,15,84.15,INTRADAY,MARKET,2023-02-23 15:15:00+05:30,8b240e9fdc9e4c559af1393d0d4c4660,SELL,15,0.45,INTRADAY,MARKET,-1255.5,-41122.5,-99.47,-82.24,8877.5,-83.2
116,NSE_FO:BANKNIFTY23FEB2340400CE [LOCAL],2023-02-23 09:15:00+05:30,346a888ba8304d0dac983c28244e9caa,SELL,15,34.8,INTRADAY,MARKET,2023-02-23 15:15:00+05:30,4d3c04c754024034b6675ab7dd88a400,BUY,15,0.3,INTRADAY,MARKET,517.5,-40605.0,99.14,-81.21,9395.0,-82.22
117,NSE_FO:BANKNIFTY02MAR2340300CE [LOCAL],2023-02-24 09:15:00+05:30,997b5baa1b8a4c91ae0c849fed004434,BUY,15,316.85,INTRADAY,MARKET,2023-02-24 15:15:00+05:30,60107003b20641af8e4b223d06cd457f,SELL,15,178.0,INTRADAY,MARKET,-2082.75,-42687.75,-43.82,-85.38,7312.25,-86.16
118,NSE_FO:BANKNIFTY02MAR2340500CE [LOCAL],2023-02-24 09:15:00+05:30,ada405f6d40849fbb7063b3ab388893b,BUY,15,181.0,INTRADAY,MARKET,2023-02-24 15:15:00+05:30,3a227b139b2f4ad783e431d2c896966e,SELL,15,117.95,INTRADAY,MARKET,-945.75,-43633.5,-34.83,-87.27,6366.5,-87.95
119,NSE_FO:BANKNIFTY02MAR2340700CE [LOCAL],2023-02-24 09:15:00+05:30,f40c5e34c3f744789b7e88ec4f39ceda,SELL,15,168.75,INTRADAY,MARKET,2023-02-24 15:15:00+05:30,512caca90a934645840ac32045cbaa03,BUY,15,75.45,INTRADAY,MARKET,1399.5,-42234.0,55.29,-84.47,7766.0,-85.3
120,NSE_FO:BANKNIFTY02MAR2339800CE [LOCAL],2023-02-27 09:15:00+05:30,357cdfc2e65d41fcb73ba4ef0b142eda,BUY,15,375.7,INTRADAY,MARKET,2023-02-27 15:15:00+05:30,c43b1273f33c4a6887e83d9d6ada20b2,SELL,15,632.45,INTRADAY,MARKET,3851.25,-38382.75,68.34,-76.77,11617.25,-78.02
121,NSE_FO:BANKNIFTY02MAR2340000CE [LOCAL],2023-02-27 09:15:00+05:30,de897ac4cdcd4eb5a78684e4955d7c08,BUY,15,280.0,INTRADAY,MARKET,2023-02-27 15:15:00+05:30,513dcb72a0624a36920288551b9572d4,SELL,15,472.55,INTRADAY,MARKET,2888.25,-35494.5,68.77,-70.99,14505.5,-72.55
122,NSE_FO:BANKNIFTY02MAR2340200CE [LOCAL],2023-02-27 09:15:00+05:30,3ea5c60e272c4426804eec4258ee808a,SELL,15,162.55,INTRADAY,MARKET,2023-02-27 15:15:00+05:30,20f068c5434d4efc8fcf7a2bd2b368cd,BUY,15,336.1,INTRADAY,MARKET,-2603.25,-38097.75,-106.77,-76.2,11902.25,-77.48
123,NSE_FO:BANKNIFTY02MAR2340300CE [LOCAL],2023-02-28 09:15:00+05:30,47196d451d1b472bafdfb80577ce858f,BUY,15,277.25,INTRADAY,MARKET,2023-02-28 15:15:00+05:30,385ab62f2aa048a9bd0db990101158c0,SELL,15,277.25,INTRADAY,MARKET,0.0,-38097.75,0.0,-76.2,11902.25,-77.48
124,NSE_FO:BANKNIFTY02MAR2340500CE [LOCAL],2023-02-28 09:15:00+05:30,1d32274cbc0548339e522f274dbf80af,BUY,15,179.3,INTRADAY,MARKET,2023-02-28 15:15:00+05:30,37f38348b8d74367b97178cef4e8ccca,SELL,15,179.3,INTRADAY,MARKET,0.0,-38097.75,0.0,-76.2,11902.25,-77.48
125,NSE_FO:BANKNIFTY02MAR2340700CE [LOCAL],2023-02-28 09:15:00+05:30,bb52e6094aec44348a2068be9282691d,SELL,15,108.6,INTRADAY,MARKET,2023-02-28 15:15:00+05:30,b739eff306c44e979929ea97022501ca,BUY,15,108.6,INTRADAY,MARKET,-0.0,-38097.75,-0.0,-76.2,11902.25,-77.48
